90.66.138.148 - - [17/Apr/2017:21:07:24 +0000] "GET / HTTP/1.1" 200 2395 "-" "Mozilla/5.0 (Windows NT 10.0; Win64; x64) AppleWebKit/537.36 (KHTML, like Gecko) Chrome/57.0.2987.133 Safari/537.36" "id=b99822738405e90f6af4e4d41dfbc748; _ga=GA1.2.534828690.1490814014" <"-">
71.203.44.167 - - [17/Apr/2017:21:07:24 +0000] "GET /font/EncodeSans-Bold.ttf HTTP/1.1" 200 32515 "https://leakbase.pw/css/main.css" "Mozilla/5.0 (Windows NT 10.0; WOW64) AppleWebKit/537.36 (KHTML, like Gecko) Chrome/57.0.2987.133 Safari/537.36" "leakbase=khirtoo84e0gkcrkdkgicac9l4; x4b_f=UsRMAqc2wfbwgsGxwWC116olB9A)kwkEc7VoyyvqCQd_; x4b_c=M)yawdOMsSy1zji7(TcaQL4eWlqJ; _ga=GA1.2.500008200.1491644084" <"-">
90.66.138.148 - - [17/Apr/2017:21:07:25 +0000] "GET /font/EncodeSans-Bold.ttf HTTP/1.1" 200 196084 "https://leakbase.pw/css/main.css" "Mozilla/5.0 (Windows NT 10.0; Win64; x64) AppleWebKit/537.36 (KHTML, like Gecko) Chrome/57.0.2987.133 Safari/537.36" "_ga=GA1.2.534828690.1490814014; leakbase=h6olk6ro5uss5okfrj6rmopad4; id=b99822738405e90f6af4e4d41dfbc748" <"-">
90.66.138.148 - - [17/Apr/2017:21:07:26 +0000] "GET /landing.php HTTP/1.1" 200 2684 "https://leakbase.pw/" "Mozilla/5.0 (Windows NT 10.0; Win64; x64) AppleWebKit/537.36 (KHTML, like Gecko) Chrome/57.0.2987.133 Safari/537.36" "leakbase=h6olk6ro5uss5okfrj6rmopad4; id=b99822738405e90f6af4e4d41dfbc748; _ga=GA1.2.534828690.1490814014; _gat=1" <"-">
90.66.138.148 - - [17/Apr/2017:21:07:27 +0000] "GET /css/fontello.css HTTP/1.1" 200 835 "https://leakbase.pw/landing.php" "Mozilla/5.0 (Windows NT 10.0; Win64; x64) AppleWebKit/537.36 (KHTML, like Gecko) Chrome/57.0.2987.133 Safari/537.36" "leakbase=h6olk6ro5uss5okfrj6rmopad4; _ga=GA1.2.534828690.1490814014; _gat=1; id=b99822738405e90f6af4e4d41dfbc748" <"-">
90.66.138.148 - - [17/Apr/2017:21:07:27 +0000] "GET /css/darkly.css HTTP/1.1" 200 20782 "https://leakbase.pw/landing.php" "Mozilla/5.0 (Windows NT 10.0; Win64; x64) AppleWebKit/537.36 (KHTML, like Gecko) Chrome/57.0.2987.133 Safari/537.36" "leakbase=h6olk6ro5uss5okfrj6rmopad4; _ga=GA1.2.534828690.1490814014; _gat=1; id=b99822738405e90f6af4e4d41dfbc748" <"-">
90.66.138.148 - - [17/Apr/2017:21:07:28 +0000] "GET /font/fontello.woff2?34074438 HTTP/1.1" 200 2420 "https://leakbase.pw/css/fontello.css" "Mozilla/5.0 (Windows NT 10.0; Win64; x64) AppleWebKit/537.36 (KHTML, like Gecko) Chrome/57.0.2987.133 Safari/537.36" "leakbase=h6olk6ro5uss5okfrj6rmopad4; _ga=GA1.2.534828690.1490814014; _gat=1; id=b99822738405e90f6af4e4d41dfbc748" <"-">
90.66.138.148 - - [17/Apr/2017:21:07:38 +0000] "POST /landing.php HTTP/1.1" 200 2863 "https://leakbase.pw/landing.php" "Mozilla/5.0 (Windows NT 10.0; Win64; x64) AppleWebKit/537.36 (KHTML, like Gecko) Chrome/57.0.2987.133 Safari/537.36" "leakbase=h6olk6ro5uss5okfrj6rmopad4; _gat=1; id=b99822738405e90f6af4e4d41dfbc748; _ga=GA1.2.534828690.1490814014" <"username=&passwordx=&email=&ip=&firstname=&lastname=Habsieger&g-recaptcha-response=03AOP2lf4re-ge81OxfCmM_KtZGwDdWLoZNvJsGsktvKu-QU-cRztGSpVquiK6kH5tuvws-pD7nInAExPfufHtQK6GACjS1NsYyM4fDipgCpYhzQvo0-sYKjjDa9AJJR9YmXGqkn4A9uGGx6vvxdt0IXRxsj3OKFBvqh_OVkjO3HgdTYh2hBR51xTtfatUd3WrAXfeVKPjk7ZuSTH6qCWuG2tfma0GFWDQM0sXX0yn6s9tqTZd1k0X_aGF-nzlRHeDFZCERdj-Y4L4K1HW3dxi1mMUzEXbdpNZCdRQq6sm09ZUtzxLGIUc8m64XZkh8Ez6ZoY0-bnOM2XwvTNUDZcsuVt0JaK_4-zm1tZ94PDYaStDk_WF_e3x9J66FyAELMrVqJKzCqD3y9gBaTtpu0HBAU5-TmkqvJTxxQ&havepermission=accepted&rowsa=50">
104.36.181.254 - - [17/Apr/2017:21:07:39 +0000] "POST /landing.php HTTP/1.1" 200 2672 "https://leakbase.pw/landing.php" "Mozilla/5.0 (Windows NT 10.0; WOW64; rv:52.0) Gecko/20100101 Firefox/52.0" "leakbase=75kgdnc5lgfljped1ma64ch617; id=0836ee706c7d287b4ce9ca517c85dc9d" <"username=&passwordx=&email=lilvuk%40hotmail.com&ip=&firstname=&lastname=&havepermission=accepted&rowsa=50">
104.36.181.254 - - [17/Apr/2017:21:07:40 +0000] "GET /css/main.css HTTP/1.1" 200 825 "https://leakbase.pw/landing.php" "Mozilla/5.0 (Windows NT 10.0; WOW64; rv:52.0) Gecko/20100101 Firefox/52.0" "leakbase=75kgdnc5lgfljped1ma64ch617; id=0836ee706c7d287b4ce9ca517c85dc9d" <"-">
104.36.181.254 - - [17/Apr/2017:21:07:40 +0000] "GET /css/darkly.css HTTP/1.1" 200 20782 "https://leakbase.pw/landing.php" "Mozilla/5.0 (Windows NT 10.0; WOW64; rv:52.0) Gecko/20100101 Firefox/52.0" "leakbase=75kgdnc5lgfljped1ma64ch617; id=0836ee706c7d287b4ce9ca517c85dc9d" <"-">
104.36.181.254 - - [17/Apr/2017:21:07:40 +0000] "GET /css/fontello.css HTTP/1.1" 200 835 "https://leakbase.pw/landing.php" "Mozilla/5.0 (Windows NT 10.0; WOW64; rv:52.0) Gecko/20100101 Firefox/52.0" "leakbase=75kgdnc5lgfljped1ma64ch617; id=0836ee706c7d287b4ce9ca517c85dc9d" <"-">
178.19.30.217 - - [17/Apr/2017:21:07:43 +0000] "GET /payment.php?id=CPBD0RJYFQSKNVOAMCEGNJHBZY HTTP/1.1" 200 2033 "https://leakbase.pw/payment.php?id=CPBD0RJYFQSKNVOAMCEGNJHBZY" "Mozilla/5.0 (Windows NT 6.1; WOW64) AppleWebKit/537.36 (KHTML, like Gecko) Chrome/57.0.2987.133 Safari/537.36" "__cfduid=db99a8974f4a95a7848119fa69553ee301485429819; leakbase=mbi06fuefa5ujcu2ogo5o2vb45; x4b_f=545YxSSYaFC7Jxt(3njt(4uEk6VfDEa2wrJjWZWmYa9_; legendleak=s386anp4dem87i91o80084udd1; x4b_c=M)yawfE8iFEPGVA6yO5CuPFAWlqO; id=70a7d5ff3878e84bc0bb2313f1b550db; _ga=GA1.2.166494082.1492279860" <"-">
68.33.93.79 - - [17/Apr/2017:21:07:43 +0000] "GET /payment.php?id=CPBD4VJTSZ7KQYJARDEJ3XSLFF HTTP/1.1" 200 2032 "https://leakbase.pw/payment.php?id=CPBD4VJTSZ7KQYJARDEJ3XSLFF" "Mozilla/5.0 (Windows NT 10.0; Win64; x64) AppleWebKit/537.36 (KHTML, like Gecko) Chrome/57.0.2987.133 Safari/537.36" "leakbase=9mc85a58nskf6h8s4gh8u92bk0; id=132f18dd1c31ab18c6c40e609180b862" <"-">
178.19.30.217 - - [17/Apr/2017:21:07:44 +0000] "GET /css/main.css HTTP/1.1" 200 825 "https://leakbase.pw/payment.php?id=CPBD0RJYFQSKNVOAMCEGNJHBZY" "Mozilla/5.0 (Windows NT 6.1; WOW64) AppleWebKit/537.36 (KHTML, like Gecko) Chrome/57.0.2987.133 Safari/537.36" "__cfduid=db99a8974f4a95a7848119fa69553ee301485429819; leakbase=mbi06fuefa5ujcu2ogo5o2vb45; x4b_f=545YxSSYaFC7Jxt(3njt(4uEk6VfDEa2wrJjWZWmYa9_; legendleak=s386anp4dem87i91o80084udd1; x4b_c=M)yawfE8iFEPGVA6yO5CuPFAWlqO; _ga=GA1.2.166494082.1492279860; id=70a7d5ff3878e84bc0bb2313f1b550db" <"-">
178.19.30.217 - - [17/Apr/2017:21:07:44 +0000] "GET /css/fontello.css HTTP/1.1" 200 835 "https://leakbase.pw/payment.php?id=CPBD0RJYFQSKNVOAMCEGNJHBZY" "Mozilla/5.0 (Windows NT 6.1; WOW64) AppleWebKit/537.36 (KHTML, like Gecko) Chrome/57.0.2987.133 Safari/537.36" "__cfduid=db99a8974f4a95a7848119fa69553ee301485429819; leakbase=mbi06fuefa5ujcu2ogo5o2vb45; x4b_f=545YxSSYaFC7Jxt(3njt(4uEk6VfDEa2wrJjWZWmYa9_; legendleak=s386anp4dem87i91o80084udd1; x4b_c=M)yawfE8iFEPGVA6yO5CuPFAWlqO; _ga=GA1.2.166494082.1492279860; id=70a7d5ff3878e84bc0bb2313f1b550db" <"-">
68.33.93.79 - - [17/Apr/2017:21:07:44 +0000] "GET /css/main.css HTTP/1.1" 200 825 "https://leakbase.pw/payment.php?id=CPBD4VJTSZ7KQYJARDEJ3XSLFF" "Mozilla/5.0 (Windows NT 10.0; Win64; x64) AppleWebKit/537.36 (KHTML, like Gecko) Chrome/57.0.2987.133 Safari/537.36" "leakbase=9mc85a58nskf6h8s4gh8u92bk0; id=132f18dd1c31ab18c6c40e609180b862" <"-">
68.33.93.79 - - [17/Apr/2017:21:07:44 +0000] "GET /css/fontello.css HTTP/1.1" 200 835 "https://leakbase.pw/payment.php?id=CPBD4VJTSZ7KQYJARDEJ3XSLFF" "Mozilla/5.0 (Windows NT 10.0; Win64; x64) AppleWebKit/537.36 (KHTML, like Gecko) Chrome/57.0.2987.133 Safari/537.36" "leakbase=9mc85a58nskf6h8s4gh8u92bk0; id=132f18dd1c31ab18c6c40e609180b862" <"-">
178.19.30.217 - - [17/Apr/2017:21:07:44 +0000] "GET /font/EncodeSans-Bold.ttf HTTP/1.1" 304 0 "https://leakbase.pw/css/main.css" "Mozilla/5.0 (Windows NT 6.1; WOW64) AppleWebKit/537.36 (KHTML, like Gecko) Chrome/57.0.2987.133 Safari/537.36" "__cfduid=db99a8974f4a95a7848119fa69553ee301485429819; leakbase=mbi06fuefa5ujcu2ogo5o2vb45; x4b_f=545YxSSYaFC7Jxt(3njt(4uEk6VfDEa2wrJjWZWmYa9_; legendleak=s386anp4dem87i91o80084udd1; x4b_c=M)yawfE8iFEPGVA6yO5CuPFAWlqO; _ga=GA1.2.166494082.1492279860; id=70a7d5ff3878e84bc0bb2313f1b550db" <"-">
68.33.93.79 - - [17/Apr/2017:21:07:45 +0000] "GET /font/EncodeSans-Bold.ttf HTTP/1.1" 304 0 "https://leakbase.pw/css/main.css" "Mozilla/5.0 (Windows NT 10.0; Win64; x64) AppleWebKit/537.36 (KHTML, like Gecko) Chrome/57.0.2987.133 Safari/537.36" "leakbase=9mc85a58nskf6h8s4gh8u92bk0; id=132f18dd1c31ab18c6c40e609180b862" <"-">
86.3.98.17 - - [17/Apr/2017:21:07:45 +0000] "POST /login.php HTTP/1.1" 200 2036 "https://leakbase.pw/login.php" "Mozilla/5.0 (Macintosh; Intel Mac OS X 10_12_2) AppleWebKit/537.36 (KHTML, like Gecko) Chrome/57.0.2987.133 Safari/537.36" "leakbase=bft7qiklarm54b7t7oqj8jjid2; legendleak=9elphpphkflfspiv1ldksc4ud2; x4b_f=7ORZDx8zO9VtM4Icc6AU2GM4sn3)kG3N)Bp9Rg55oGF_; x4b_c=M)yawwQu(8YXeCeeelzDahQFxlqV; X-X4B-Pow=4235303; _ga=GA1.2.2087944993.1489833134" <"username=rmtyronerf3&password=lol90909n&g-recaptcha-response=03AOP2lf6xr8Vbhp4R4zhiIVVrc_lAbAuM8XC7u6WZs6utaQ6MhPZjXRUdgQkawjD4xcNGMUAxjOZJEOO4VD6E4VVWjP6VyeeZLp_8rLXP37IwPsbid48yu_0JQVAzNr7bhHFfDcmf7zCT1Ylf_N14yCZOs7ktOn3Jb3CJqX2bG6V6j0rrnBePrWtFfwY1hmdctyuu6N4ceNGZ5XkYXSRpkCPAM0lQHSfp_36Mf3tLMZ1oTA3857LBs3Q7u1uxxT3m8hjo6B8QvTLHNKyfg5Y7nKg3a_huOIbyu7DM_eY3P69ZxSuj7rXPfEXUqcTxafNlfeqMNsl78DPKF54XByd7xMlqgzYk6xlCVCB7UPdIK1dKIYRWxeJcQl8">
23.27.249.95 - - [17/Apr/2017:21:07:52 +0000] "GET / HTTP/1.1" 200 2364 "-" "Mozilla/5.0 (Macintosh; Intel Mac OS X 10_11_6) AppleWebKit/537.36 (KHTML, like Gecko) Chrome/57.0.2987.133 Safari/537.36" "-" <"-">
90.66.138.148 - - [17/Apr/2017:21:07:52 +0000] "GET /dbs.php HTTP/1.1" 200 6887 "https://leakbase.pw/landing.php" "Mozilla/5.0 (Windows NT 10.0; Win64; x64) AppleWebKit/537.36 (KHTML, like Gecko) Chrome/57.0.2987.133 Safari/537.36" "leakbase=h6olk6ro5uss5okfrj6rmopad4; _gat=1; id=b99822738405e90f6af4e4d41dfbc748; _ga=GA1.2.534828690.1490814014" <"-">
23.27.249.95 - - [17/Apr/2017:21:07:53 +0000] "GET /css/main.css HTTP/1.1" 200 825 "https://leakbase.pw/" "Mozilla/5.0 (Macintosh; Intel Mac OS X 10_11_6) AppleWebKit/537.36 (KHTML, like Gecko) Chrome/57.0.2987.133 Safari/537.36" "leakbase=7m3usafd88mc6pc47jp0qd9i90" <"-">
90.66.138.148 - - [17/Apr/2017:21:07:53 +0000] "GET /css/bootstrap-sortable.css HTTP/1.1" 200 755 "https://leakbase.pw/dbs.php" "Mozilla/5.0 (Windows NT 10.0; Win64; x64) AppleWebKit/537.36 (KHTML, like Gecko) Chrome/57.0.2987.133 Safari/537.36" "leakbase=h6olk6ro5uss5okfrj6rmopad4; _gat=1; _ga=GA1.2.534828690.1490814014; id=b99822738405e90f6af4e4d41dfbc748" <"-">
90.66.138.148 - - [17/Apr/2017:21:07:53 +0000] "GET /js/moment.min.js HTTP/1.1" 200 8803 "https://leakbase.pw/dbs.php" "Mozilla/5.0 (Windows NT 10.0; Win64; x64) AppleWebKit/537.36 (KHTML, like Gecko) Chrome/57.0.2987.133 Safari/537.36" "leakbase=h6olk6ro5uss5okfrj6rmopad4; _gat=1; _ga=GA1.2.534828690.1490814014; id=b99822738405e90f6af4e4d41dfbc748" <"-">
90.66.138.148 - - [17/Apr/2017:21:07:53 +0000] "GET /js/bootstrap-sortable.js HTTP/1.1" 200 4610 "https://leakbase.pw/dbs.php" "Mozilla/5.0 (Windows NT 10.0; Win64; x64) AppleWebKit/537.36 (KHTML, like Gecko) Chrome/57.0.2987.133 Safari/537.36" "leakbase=h6olk6ro5uss5okfrj6rmopad4; _gat=1; _ga=GA1.2.534828690.1490814014; id=b99822738405e90f6af4e4d41dfbc748" <"-">
90.66.138.148 - - [17/Apr/2017:21:07:53 +0000] "GET /js/list.min.js HTTP/1.1" 200 5227 "https://leakbase.pw/dbs.php" "Mozilla/5.0 (Windows NT 10.0; Win64; x64) AppleWebKit/537.36 (KHTML, like Gecko) Chrome/57.0.2987.133 Safari/537.36" "leakbase=h6olk6ro5uss5okfrj6rmopad4; _gat=1; _ga=GA1.2.534828690.1490814014; id=b99822738405e90f6af4e4d41dfbc748" <"-">
23.27.249.95 - - [17/Apr/2017:21:07:56 +0000] "GET /font/EncodeSans-Bold.ttf HTTP/1.1" 200 32515 "https://leakbase.pw/css/main.css" "Mozilla/5.0 (Macintosh; Intel Mac OS X 10_11_6) AppleWebKit/537.36 (KHTML, like Gecko) Chrome/57.0.2987.133 Safari/537.36" "leakbase=7m3usafd88mc6pc47jp0qd9i90" <"-">
86.3.98.17 - - [17/Apr/2017:21:07:57 +0000] "POST /login.php HTTP/1.1" 200 2040 "https://leakbase.pw/login.php" "Mozilla/5.0 (Macintosh; Intel Mac OS X 10_12_2) AppleWebKit/537.36 (KHTML, like Gecko) Chrome/57.0.2987.133 Safari/537.36" "leakbase=bft7qiklarm54b7t7oqj8jjid2; legendleak=9elphpphkflfspiv1ldksc4ud2; x4b_f=7ORZDx8zO9VtM4Icc6AU2GM4sn3)kG3N)Bp9Rg55oGF_; x4b_c=M)yawwQu(8YXeCeeelzDahQFxlqV; X-X4B-Pow=4235303; _ga=GA1.2.2087944993.1489833134; _gat=1" <"username=rmtyronerf3&password=lol90909&g-recaptcha-response=03AOP2lf4DAUyo0d2U5Z0WgtBG15qAjR2QNWxbZ4FCDWGxjQav_E72OBbXBiho32MAgmKBGS5Wplmh64Gw6u5FL6UyXGcTcRoS452XGDqDMNdBY_CkWBoAid2FS746eCAe0wdHkSqYFvjQnX5b-CdvcfJV9EA7WyDnSw4utqqvBrvz2wxYB8wtXEmdoW2LUn5kTqJKHdMtMqKrFpo_j-5JShMWl2JtYr_TVQi9DfnbUlaR7YS3J1OPsjrcVnVJZ3SF-NUDMCInID1aBPuA8uUjgDhfdP2qk3VZWINGCBe8VfJPqDPTzAk0Kg2M_7pE5IRy_HwKhZfhdgke2tysOXoEJw9QdJVeFFqpYXdeeOWV7xMU77Dlpre9ROc">
91.187.181.24 - - [17/Apr/2017:21:08:03 +0000] "GET / HTTP/1.1" 200 2378 "-" "Mozilla/5.0 (Windows NT 10.0; Win64; x64) AppleWebKit/537.36 (KHTML, like Gecko) Chrome/57.0.2987.133 Safari/537.36" "leakbase=1f33e24252g33fi3frhsuk8qs7; legendleak=ghrtv9o0ecma2s64pe3g1ducg1; id=8677779e7587d0461c6156f821514832; _ga=GA1.2.369113399.1492199657" <"-">
91.187.181.24 - - [17/Apr/2017:21:08:03 +0000] "GET / HTTP/1.1" 200 2378 "-" "Mozilla/5.0 (Windows NT 10.0; Win64; x64) AppleWebKit/537.36 (KHTML, like Gecko) Chrome/57.0.2987.133 Safari/537.36" "leakbase=1f33e24252g33fi3frhsuk8qs7; legendleak=ghrtv9o0ecma2s64pe3g1ducg1; id=8677779e7587d0461c6156f821514832; _ga=GA1.2.369113399.1492199657" <"-">
37.125.195.82 - - [17/Apr/2017:21:08:04 +0000] "GET /landing.php HTTP/1.1" 200 2613 "https://leakbase.pw/" "Mozilla/5.0 (iPhone; CPU iPhone OS 10_3_1 like Mac OS X) AppleWebKit/603.1.30 (KHTML, like Gecko) Version/10.0 Mobile/14E304 Safari/602.1" "_ga=GA1.2.805463654.1492173349; id=39196b3d85b0d04bf56a4c70fda895fe; leakbase=vf783p1ae1voksa9ratu72t6g4" <"-">
37.125.195.82 - - [17/Apr/2017:21:08:05 +0000] "GET /css/main.css HTTP/1.1" 200 825 "https://leakbase.pw/landing.php" "Mozilla/5.0 (iPhone; CPU iPhone OS 10_3_1 like Mac OS X) AppleWebKit/603.1.30 (KHTML, like Gecko) Version/10.0 Mobile/14E304 Safari/602.1" "_ga=GA1.2.805463654.1492173349; id=39196b3d85b0d04bf56a4c70fda895fe; leakbase=vf783p1ae1voksa9ratu72t6g4" <"-">
37.125.195.82 - - [17/Apr/2017:21:08:05 +0000] "GET /css/darkly.css HTTP/1.1" 200 20782 "https://leakbase.pw/landing.php" "Mozilla/5.0 (iPhone; CPU iPhone OS 10_3_1 like Mac OS X) AppleWebKit/603.1.30 (KHTML, like Gecko) Version/10.0 Mobile/14E304 Safari/602.1" "_ga=GA1.2.805463654.1492173349; id=39196b3d85b0d04bf56a4c70fda895fe; leakbase=vf783p1ae1voksa9ratu72t6g4" <"-">
37.125.195.82 - - [17/Apr/2017:21:08:05 +0000] "GET /css/fontello.css HTTP/1.1" 200 835 "https://leakbase.pw/landing.php" "Mozilla/5.0 (iPhone; CPU iPhone OS 10_3_1 like Mac OS X) AppleWebKit/603.1.30 (KHTML, like Gecko) Version/10.0 Mobile/14E304 Safari/602.1" "_ga=GA1.2.805463654.1492173349; id=39196b3d85b0d04bf56a4c70fda895fe; leakbase=vf783p1ae1voksa9ratu72t6g4" <"-">
178.19.30.217 - - [17/Apr/2017:21:08:06 +0000] "GET /payment.php?id=CPBD0RJYFQSKNVOAMCEGNJHBZY HTTP/1.1" 200 2033 "https://leakbase.pw/payment.php?id=CPBD0RJYFQSKNVOAMCEGNJHBZY" "Mozilla/5.0 (Windows NT 6.1; WOW64) AppleWebKit/537.36 (KHTML, like Gecko) Chrome/57.0.2987.133 Safari/537.36" "__cfduid=db99a8974f4a95a7848119fa69553ee301485429819; leakbase=mbi06fuefa5ujcu2ogo5o2vb45; x4b_f=545YxSSYaFC7Jxt(3njt(4uEk6VfDEa2wrJjWZWmYa9_; legendleak=s386anp4dem87i91o80084udd1; x4b_c=M)yawfE8iFEPGVA6yO5CuPFAWlqO; id=70a7d5ff3878e84bc0bb2313f1b550db; _ga=GA1.2.166494082.1492279860; _gat=1" <"-">
68.33.93.79 - - [17/Apr/2017:21:08:06 +0000] "GET /payment.php?id=CPBD4VJTSZ7KQYJARDEJ3XSLFF HTTP/1.1" 200 2032 "https://leakbase.pw/payment.php?id=CPBD4VJTSZ7KQYJARDEJ3XSLFF" "Mozilla/5.0 (Windows NT 10.0; Win64; x64) AppleWebKit/537.36 (KHTML, like Gecko) Chrome/57.0.2987.133 Safari/537.36" "leakbase=9mc85a58nskf6h8s4gh8u92bk0; id=132f18dd1c31ab18c6c40e609180b862" <"-">
91.187.181.24 - - [17/Apr/2017:21:08:06 +0000] "GET /landing.php HTTP/1.1" 200 2613 "https://leakbase.pw/" "Mozilla/5.0 (Windows NT 10.0; Win64; x64) AppleWebKit/537.36 (KHTML, like Gecko) Chrome/57.0.2987.133 Safari/537.36" "leakbase=1f33e24252g33fi3frhsuk8qs7; legendleak=ghrtv9o0ecma2s64pe3g1ducg1; id=8677779e7587d0461c6156f821514832; _ga=GA1.2.369113399.1492199657; _gat=1" <"-">
178.19.30.217 - - [17/Apr/2017:21:08:06 +0000] "GET /css/main.css HTTP/1.1" 200 825 "https://leakbase.pw/payment.php?id=CPBD0RJYFQSKNVOAMCEGNJHBZY" "Mozilla/5.0 (Windows NT 6.1; WOW64) AppleWebKit/537.36 (KHTML, like Gecko) Chrome/57.0.2987.133 Safari/537.36" "__cfduid=db99a8974f4a95a7848119fa69553ee301485429819; leakbase=mbi06fuefa5ujcu2ogo5o2vb45; x4b_f=545YxSSYaFC7Jxt(3njt(4uEk6VfDEa2wrJjWZWmYa9_; legendleak=s386anp4dem87i91o80084udd1; x4b_c=M)yawfE8iFEPGVA6yO5CuPFAWlqO; _ga=GA1.2.166494082.1492279860; _gat=1; id=70a7d5ff3878e84bc0bb2313f1b550db" <"-">
178.19.30.217 - - [17/Apr/2017:21:08:06 +0000] "GET /css/fontello.css HTTP/1.1" 200 835 "https://leakbase.pw/payment.php?id=CPBD0RJYFQSKNVOAMCEGNJHBZY" "Mozilla/5.0 (Windows NT 6.1; WOW64) AppleWebKit/537.36 (KHTML, like Gecko) Chrome/57.0.2987.133 Safari/537.36" "__cfduid=db99a8974f4a95a7848119fa69553ee301485429819; leakbase=mbi06fuefa5ujcu2ogo5o2vb45; x4b_f=545YxSSYaFC7Jxt(3njt(4uEk6VfDEa2wrJjWZWmYa9_; legendleak=s386anp4dem87i91o80084udd1; x4b_c=M)yawfE8iFEPGVA6yO5CuPFAWlqO; _ga=GA1.2.166494082.1492279860; _gat=1; id=70a7d5ff3878e84bc0bb2313f1b550db" <"-">
68.33.93.79 - - [17/Apr/2017:21:08:07 +0000] "GET /css/main.css HTTP/1.1" 200 825 "https://leakbase.pw/payment.php?id=CPBD4VJTSZ7KQYJARDEJ3XSLFF" "Mozilla/5.0 (Windows NT 10.0; Win64; x64) AppleWebKit/537.36 (KHTML, like Gecko) Chrome/57.0.2987.133 Safari/537.36" "leakbase=9mc85a58nskf6h8s4gh8u92bk0; id=132f18dd1c31ab18c6c40e609180b862" <"-">
68.33.93.79 - - [17/Apr/2017:21:08:07 +0000] "GET /css/fontello.css HTTP/1.1" 200 835 "https://leakbase.pw/payment.php?id=CPBD4VJTSZ7KQYJARDEJ3XSLFF" "Mozilla/5.0 (Windows NT 10.0; Win64; x64) AppleWebKit/537.36 (KHTML, like Gecko) Chrome/57.0.2987.133 Safari/537.36" "leakbase=9mc85a58nskf6h8s4gh8u92bk0; id=132f18dd1c31ab18c6c40e609180b862" <"-">
178.19.30.217 - - [17/Apr/2017:21:08:07 +0000] "GET /font/EncodeSans-Bold.ttf HTTP/1.1" 304 0 "https://leakbase.pw/css/main.css" "Mozilla/5.0 (Windows NT 6.1; WOW64) AppleWebKit/537.36 (KHTML, like Gecko) Chrome/57.0.2987.133 Safari/537.36" "__cfduid=db99a8974f4a95a7848119fa69553ee301485429819; leakbase=mbi06fuefa5ujcu2ogo5o2vb45; x4b_f=545YxSSYaFC7Jxt(3njt(4uEk6VfDEa2wrJjWZWmYa9_; legendleak=s386anp4dem87i91o80084udd1; x4b_c=M)yawfE8iFEPGVA6yO5CuPFAWlqO; _ga=GA1.2.166494082.1492279860; _gat=1; id=70a7d5ff3878e84bc0bb2313f1b550db" <"-">
37.125.195.82 - - [17/Apr/2017:21:08:07 +0000] "GET /font/EncodeSans-Bold.ttf HTTP/1.1" 304 0 "https://leakbase.pw/landing.php" "Mozilla/5.0 (iPhone; CPU iPhone OS 10_3_1 like Mac OS X) AppleWebKit/603.1.30 (KHTML, like Gecko) Version/10.0 Mobile/14E304 Safari/602.1" "_ga=GA1.2.805463654.1492173349; id=39196b3d85b0d04bf56a4c70fda895fe; leakbase=vf783p1ae1voksa9ratu72t6g4" <"-">
37.125.195.82 - - [17/Apr/2017:21:08:07 +0000] "GET /font/fontello.woff2?34074438 HTTP/1.1" 304 0 "https://leakbase.pw/landing.php" "Mozilla/5.0 (iPhone; CPU iPhone OS 10_3_1 like Mac OS X) AppleWebKit/603.1.30 (KHTML, like Gecko) Version/10.0 Mobile/14E304 Safari/602.1" "_ga=GA1.2.805463654.1492173349; id=39196b3d85b0d04bf56a4c70fda895fe; leakbase=vf783p1ae1voksa9ratu72t6g4" <"-">
68.33.93.79 - - [17/Apr/2017:21:08:08 +0000] "GET /font/EncodeSans-Bold.ttf HTTP/1.1" 304 0 "https://leakbase.pw/css/main.css" "Mozilla/5.0 (Windows NT 10.0; Win64; x64) AppleWebKit/537.36 (KHTML, like Gecko) Chrome/57.0.2987.133 Safari/537.36" "leakbase=9mc85a58nskf6h8s4gh8u92bk0; id=132f18dd1c31ab18c6c40e609180b862" <"-">
66.215.46.193 - - [17/Apr/2017:21:08:10 +0000] "GET / HTTP/1.1" 200 2364 "-" "Mozilla/5.0 (Windows NT 10.0; Win64; x64) AppleWebKit/537.36 (KHTML, like Gecko) Chrome/58.0.3029.68 Safari/537.36" "leakbase=5sikv9hksop14ir3eq23kr5ne1; _ga=GA1.2.1980188233.1492457970" <"-">
66.215.46.193 - - [17/Apr/2017:21:08:12 +0000] "GET /login.php HTTP/1.1" 200 1936 "https://leakbase.pw/" "Mozilla/5.0 (Windows NT 10.0; Win64; x64) AppleWebKit/537.36 (KHTML, like Gecko) Chrome/58.0.3029.68 Safari/537.36" "leakbase=5sikv9hksop14ir3eq23kr5ne1; _ga=GA1.2.1980188233.1492457970; _gat=1" <"-">
23.27.249.95 - - [17/Apr/2017:21:08:12 +0000] "GET / HTTP/1.1" 200 2364 "-" "Mozilla/5.0 (Macintosh; Intel Mac OS X 10_11_6) AppleWebKit/537.36 (KHTML, like Gecko) Chrome/57.0.2987.133 Safari/537.36" "-" <"-">
23.27.249.95 - - [17/Apr/2017:21:08:12 +0000] "GET /css/main.css HTTP/1.1" 200 825 "https://leakbase.pw/" "Mozilla/5.0 (Macintosh; Intel Mac OS X 10_11_6) AppleWebKit/537.36 (KHTML, like Gecko) Chrome/57.0.2987.133 Safari/537.36" "leakbase=blhnqd6pc0u1e8q2go7djkni70" <"-">
23.27.249.95 - - [17/Apr/2017:21:08:14 +0000] "GET /font/EncodeSans-Bold.ttf HTTP/1.1" 200 196084 "https://leakbase.pw/css/main.css" "Mozilla/5.0 (Macintosh; Intel Mac OS X 10_11_6) AppleWebKit/537.36 (KHTML, like Gecko) Chrome/57.0.2987.133 Safari/537.36" "leakbase=blhnqd6pc0u1e8q2go7djkni70" <"-">
91.187.181.24 - - [17/Apr/2017:21:08:15 +0000] "POST /landing.php HTTP/1.1" 200 2672 "https://leakbase.pw/landing.php" "Mozilla/5.0 (Windows NT 10.0; Win64; x64) AppleWebKit/537.36 (KHTML, like Gecko) Chrome/57.0.2987.133 Safari/537.36" "leakbase=1f33e24252g33fi3frhsuk8qs7; legendleak=ghrtv9o0ecma2s64pe3g1ducg1; _gat=1; id=8677779e7587d0461c6156f821514832; _ga=GA1.2.369113399.1492199657" <"username=&passwordx=&email=jokerhacks420%40gmail.com&ip=&firstname=&lastname=&havepermission=accepted&rowsa=50">
23.27.249.95 - - [17/Apr/2017:21:08:20 +0000] "GET /landing.php HTTP/1.1" 200 2654 "https://leakbase.pw/" "Mozilla/5.0 (Macintosh; Intel Mac OS X 10_11_6) AppleWebKit/537.36 (KHTML, like Gecko) Chrome/57.0.2987.133 Safari/537.36" "leakbase=blhnqd6pc0u1e8q2go7djkni70" <"-">
23.27.249.95 - - [17/Apr/2017:21:08:21 +0000] "GET /css/fontello.css HTTP/1.1" 200 835 "https://leakbase.pw/landing.php" "Mozilla/5.0 (Macintosh; Intel Mac OS X 10_11_6) AppleWebKit/537.36 (KHTML, like Gecko) Chrome/57.0.2987.133 Safari/537.36" "leakbase=blhnqd6pc0u1e8q2go7djkni70" <"-">
23.27.249.95 - - [17/Apr/2017:21:08:21 +0000] "GET /css/darkly.css HTTP/1.1" 200 20782 "https://leakbase.pw/landing.php" "Mozilla/5.0 (Macintosh; Intel Mac OS X 10_11_6) AppleWebKit/537.36 (KHTML, like Gecko) Chrome/57.0.2987.133 Safari/537.36" "leakbase=blhnqd6pc0u1e8q2go7djkni70" <"-">
23.27.249.95 - - [17/Apr/2017:21:08:22 +0000] "GET /font/fontello.woff2?34074438 HTTP/1.1" 200 2420 "https://leakbase.pw/css/fontello.css" "Mozilla/5.0 (Macintosh; Intel Mac OS X 10_11_6) AppleWebKit/537.36 (KHTML, like Gecko) Chrome/57.0.2987.133 Safari/537.36" "leakbase=blhnqd6pc0u1e8q2go7djkni70" <"-">
178.19.30.217 - - [17/Apr/2017:21:08:29 +0000] "GET /payment.php?id=CPBD0RJYFQSKNVOAMCEGNJHBZY HTTP/1.1" 200 2033 "https://leakbase.pw/payment.php?id=CPBD0RJYFQSKNVOAMCEGNJHBZY" "Mozilla/5.0 (Windows NT 6.1; WOW64) AppleWebKit/537.36 (KHTML, like Gecko) Chrome/57.0.2987.133 Safari/537.36" "__cfduid=db99a8974f4a95a7848119fa69553ee301485429819; leakbase=mbi06fuefa5ujcu2ogo5o2vb45; x4b_f=545YxSSYaFC7Jxt(3njt(4uEk6VfDEa2wrJjWZWmYa9_; legendleak=s386anp4dem87i91o80084udd1; x4b_c=M)yawfE8iFEPGVA6yO5CuPFAWlqO; _gat=1; id=70a7d5ff3878e84bc0bb2313f1b550db; _ga=GA1.2.166494082.1492279860" <"-">
66.215.46.193 - - [17/Apr/2017:21:08:29 +0000] "POST /login.php HTTP/1.1" 302 6271 "https://leakbase.pw/login.php" "Mozilla/5.0 (Windows NT 10.0; Win64; x64) AppleWebKit/537.36 (KHTML, like Gecko) Chrome/58.0.3029.68 Safari/537.36" "leakbase=5sikv9hksop14ir3eq23kr5ne1; _gat=1; _ga=GA1.2.1980188233.1492457970" <"username=hansolo710&password=chocolate1092&g-recaptcha-response=03AOP2lf4ZOnNMrvaGOUW5bfwQSh5LLCvBSs0g4VHY2N8OPar5ow2A8wjUjZGEFiEvTDhaQ02WM6SrAdTbSyvd8f3Hw36pCrjME8ER45qVuqErcPxBTxSHQPL6em4Seelzh5xDJ4ZA2sgBVuQF4API4poy0lniysYt9qWTY-WzIXZK8LIgq1OTKNFoKe5EPbJJGYEE6GWhv6PdBkYHUrTyC4KKJFfTCd8rBO7FaQA6juWA_0yyWjkYGRzgxsSJgtkx9FlTXqcwIzWEWxjR5hYxZ1nflImB-sP1pdFsBTgCLJNzk7O9p1YawWDViu3kp-T89mEyQKng8-X1">
68.33.93.79 - - [17/Apr/2017:21:08:29 +0000] "GET /payment.php?id=CPBD4VJTSZ7KQYJARDEJ3XSLFF HTTP/1.1" 200 2032 "https://leakbase.pw/payment.php?id=CPBD4VJTSZ7KQYJARDEJ3XSLFF" "Mozilla/5.0 (Windows NT 10.0; Win64; x64) AppleWebKit/537.36 (KHTML, like Gecko) Chrome/57.0.2987.133 Safari/537.36" "leakbase=9mc85a58nskf6h8s4gh8u92bk0; id=132f18dd1c31ab18c6c40e609180b862" <"-">
178.19.30.217 - - [17/Apr/2017:21:08:29 +0000] "GET /css/main.css HTTP/1.1" 200 825 "https://leakbase.pw/payment.php?id=CPBD0RJYFQSKNVOAMCEGNJHBZY" "Mozilla/5.0 (Windows NT 6.1; WOW64) AppleWebKit/537.36 (KHTML, like Gecko) Chrome/57.0.2987.133 Safari/537.36" "__cfduid=db99a8974f4a95a7848119fa69553ee301485429819; leakbase=mbi06fuefa5ujcu2ogo5o2vb45; x4b_f=545YxSSYaFC7Jxt(3njt(4uEk6VfDEa2wrJjWZWmYa9_; legendleak=s386anp4dem87i91o80084udd1; x4b_c=M)yawfE8iFEPGVA6yO5CuPFAWlqO; _gat=1; _ga=GA1.2.166494082.1492279860; id=70a7d5ff3878e84bc0bb2313f1b550db" <"-">
178.19.30.217 - - [17/Apr/2017:21:08:29 +0000] "GET /css/fontello.css HTTP/1.1" 200 835 "https://leakbase.pw/payment.php?id=CPBD0RJYFQSKNVOAMCEGNJHBZY" "Mozilla/5.0 (Windows NT 6.1; WOW64) AppleWebKit/537.36 (KHTML, like Gecko) Chrome/57.0.2987.133 Safari/537.36" "__cfduid=db99a8974f4a95a7848119fa69553ee301485429819; leakbase=mbi06fuefa5ujcu2ogo5o2vb45; x4b_f=545YxSSYaFC7Jxt(3njt(4uEk6VfDEa2wrJjWZWmYa9_; legendleak=s386anp4dem87i91o80084udd1; x4b_c=M)yawfE8iFEPGVA6yO5CuPFAWlqO; _gat=1; _ga=GA1.2.166494082.1492279860; id=70a7d5ff3878e84bc0bb2313f1b550db" <"-">
66.215.46.193 - - [17/Apr/2017:21:08:30 +0000] "GET /landing.php HTTP/1.1" 200 2613 "https://leakbase.pw/login.php" "Mozilla/5.0 (Windows NT 10.0; Win64; x64) AppleWebKit/537.36 (KHTML, like Gecko) Chrome/58.0.3029.68 Safari/537.36" "leakbase=5sikv9hksop14ir3eq23kr5ne1; _gat=1; _ga=GA1.2.1980188233.1492457970; id=c031583d4a228d6d03ea880879bd2d89" <"-">
68.33.93.79 - - [17/Apr/2017:21:08:30 +0000] "GET /css/main.css HTTP/1.1" 200 825 "https://leakbase.pw/payment.php?id=CPBD4VJTSZ7KQYJARDEJ3XSLFF" "Mozilla/5.0 (Windows NT 10.0; Win64; x64) AppleWebKit/537.36 (KHTML, like Gecko) Chrome/57.0.2987.133 Safari/537.36" "leakbase=9mc85a58nskf6h8s4gh8u92bk0; id=132f18dd1c31ab18c6c40e609180b862" <"-">
178.19.30.217 - - [17/Apr/2017:21:08:30 +0000] "GET /font/EncodeSans-Bold.ttf HTTP/1.1" 304 0 "https://leakbase.pw/css/main.css" "Mozilla/5.0 (Windows NT 6.1; WOW64) AppleWebKit/537.36 (KHTML, like Gecko) Chrome/57.0.2987.133 Safari/537.36" "__cfduid=db99a8974f4a95a7848119fa69553ee301485429819; leakbase=mbi06fuefa5ujcu2ogo5o2vb45; x4b_f=545YxSSYaFC7Jxt(3njt(4uEk6VfDEa2wrJjWZWmYa9_; legendleak=s386anp4dem87i91o80084udd1; x4b_c=M)yawfE8iFEPGVA6yO5CuPFAWlqO; _gat=1; _ga=GA1.2.166494082.1492279860; id=70a7d5ff3878e84bc0bb2313f1b550db" <"-">
68.33.93.79 - - [17/Apr/2017:21:08:30 +0000] "GET /css/fontello.css HTTP/1.1" 200 835 "https://leakbase.pw/payment.php?id=CPBD4VJTSZ7KQYJARDEJ3XSLFF" "Mozilla/5.0 (Windows NT 10.0; Win64; x64) AppleWebKit/537.36 (KHTML, like Gecko) Chrome/57.0.2987.133 Safari/537.36" "leakbase=9mc85a58nskf6h8s4gh8u92bk0; id=132f18dd1c31ab18c6c40e609180b862" <"-">
68.33.93.79 - - [17/Apr/2017:21:08:31 +0000] "GET /font/EncodeSans-Bold.ttf HTTP/1.1" 304 0 "https://leakbase.pw/css/main.css" "Mozilla/5.0 (Windows NT 10.0; Win64; x64) AppleWebKit/537.36 (KHTML, like Gecko) Chrome/57.0.2987.133 Safari/537.36" "leakbase=9mc85a58nskf6h8s4gh8u92bk0; id=132f18dd1c31ab18c6c40e609180b862" <"-">
66.215.46.193 - - [17/Apr/2017:21:08:39 +0000] "POST /landing.php HTTP/1.1" 200 2672 "https://leakbase.pw/landing.php" "Mozilla/5.0 (Windows NT 10.0; Win64; x64) AppleWebKit/537.36 (KHTML, like Gecko) Chrome/58.0.3029.68 Safari/537.36" "leakbase=5sikv9hksop14ir3eq23kr5ne1; _gat=1; id=c031583d4a228d6d03ea880879bd2d89; _ga=GA1.2.1980188233.1492457970" <"username=&passwordx=&email=pinkbunny25%40hotmail.com&ip=&firstname=&lastname=&havepermission=accepted&rowsa=50">
23.27.249.95 - - [17/Apr/2017:21:08:40 +0000] "POST /landing.php HTTP/1.1" 200 2755 "https://leakbase.pw/landing.php" "Mozilla/5.0 (Macintosh; Intel Mac OS X 10_11_6) AppleWebKit/537.36 (KHTML, like Gecko) Chrome/57.0.2987.133 Safari/537.36" "leakbase=blhnqd6pc0u1e8q2go7djkni70" <"username=ellietee7&passwordx=&email=&ip=&firstname=&lastname=&g-recaptcha-response=03AOP2lf7wC0i4YR1dbV0UOXFbZ4yjFXM9U9LrXWJeDQfWTgTfUR8LD4j_6rBeoAagANuczk0kOudLLhkRkBvaxJeq7EmbPp7MbZTB79VsWdOlT2raUV6elTHiGSTAQ9FLDaBYdZ7GbArL5b0HBcvjdJh2Gj6SOTuMxkvgDDP7fs9kF7kM4GR3blnaOkRTH1H2wO7FN5L15A5Zy4HDEzNTGK2mWCF7baHx7GBVBu2h1QBMsOPn2rdZPRz7YSVAGygINDI8J6LrGppC6vAfl3rUJ7YLumN9Ur9PgDEf0OGzji-ygX3s266e6yA&havepermission=accepted&rowsa=50">
178.19.30.217 - - [17/Apr/2017:21:08:51 +0000] "GET /payment.php?id=CPBD0RJYFQSKNVOAMCEGNJHBZY HTTP/1.1" 200 2033 "https://leakbase.pw/payment.php?id=CPBD0RJYFQSKNVOAMCEGNJHBZY" "Mozilla/5.0 (Windows NT 6.1; WOW64) AppleWebKit/537.36 (KHTML, like Gecko) Chrome/57.0.2987.133 Safari/537.36" "__cfduid=db99a8974f4a95a7848119fa69553ee301485429819; leakbase=mbi06fuefa5ujcu2ogo5o2vb45; x4b_f=545YxSSYaFC7Jxt(3njt(4uEk6VfDEa2wrJjWZWmYa9_; legendleak=s386anp4dem87i91o80084udd1; x4b_c=M)yawfE8iFEPGVA6yO5CuPFAWlqO; id=70a7d5ff3878e84bc0bb2313f1b550db; _ga=GA1.2.166494082.1492279860" <"-">
178.19.30.217 - - [17/Apr/2017:21:08:52 +0000] "GET /css/fontello.css HTTP/1.1" 200 835 "https://leakbase.pw/payment.php?id=CPBD0RJYFQSKNVOAMCEGNJHBZY" "Mozilla/5.0 (Windows NT 6.1; WOW64) AppleWebKit/537.36 (KHTML, like Gecko) Chrome/57.0.2987.133 Safari/537.36" "__cfduid=db99a8974f4a95a7848119fa69553ee301485429819; leakbase=mbi06fuefa5ujcu2ogo5o2vb45; x4b_f=545YxSSYaFC7Jxt(3njt(4uEk6VfDEa2wrJjWZWmYa9_; legendleak=s386anp4dem87i91o80084udd1; x4b_c=M)yawfE8iFEPGVA6yO5CuPFAWlqO; _ga=GA1.2.166494082.1492279860; id=70a7d5ff3878e84bc0bb2313f1b550db" <"-">
178.19.30.217 - - [17/Apr/2017:21:08:52 +0000] "GET /css/main.css HTTP/1.1" 200 825 "https://leakbase.pw/payment.php?id=CPBD0RJYFQSKNVOAMCEGNJHBZY" "Mozilla/5.0 (Windows NT 6.1; WOW64) AppleWebKit/537.36 (KHTML, like Gecko) Chrome/57.0.2987.133 Safari/537.36" "__cfduid=db99a8974f4a95a7848119fa69553ee301485429819; leakbase=mbi06fuefa5ujcu2ogo5o2vb45; x4b_f=545YxSSYaFC7Jxt(3njt(4uEk6VfDEa2wrJjWZWmYa9_; legendleak=s386anp4dem87i91o80084udd1; x4b_c=M)yawfE8iFEPGVA6yO5CuPFAWlqO; _ga=GA1.2.166494082.1492279860; id=70a7d5ff3878e84bc0bb2313f1b550db" <"-">
68.33.93.79 - - [17/Apr/2017:21:08:52 +0000] "GET /payment.php?id=CPBD4VJTSZ7KQYJARDEJ3XSLFF HTTP/1.1" 200 2032 "https://leakbase.pw/payment.php?id=CPBD4VJTSZ7KQYJARDEJ3XSLFF" "Mozilla/5.0 (Windows NT 10.0; Win64; x64) AppleWebKit/537.36 (KHTML, like Gecko) Chrome/57.0.2987.133 Safari/537.36" "leakbase=9mc85a58nskf6h8s4gh8u92bk0; id=132f18dd1c31ab18c6c40e609180b862" <"-">
178.19.30.217 - - [17/Apr/2017:21:08:53 +0000] "GET /font/EncodeSans-Bold.ttf HTTP/1.1" 304 0 "https://leakbase.pw/css/main.css" "Mozilla/5.0 (Windows NT 6.1; WOW64) AppleWebKit/537.36 (KHTML, like Gecko) Chrome/57.0.2987.133 Safari/537.36" "__cfduid=db99a8974f4a95a7848119fa69553ee301485429819; leakbase=mbi06fuefa5ujcu2ogo5o2vb45; x4b_f=545YxSSYaFC7Jxt(3njt(4uEk6VfDEa2wrJjWZWmYa9_; legendleak=s386anp4dem87i91o80084udd1; x4b_c=M)yawfE8iFEPGVA6yO5CuPFAWlqO; _ga=GA1.2.166494082.1492279860; id=70a7d5ff3878e84bc0bb2313f1b550db" <"-">
68.33.93.79 - - [17/Apr/2017:21:08:53 +0000] "GET /css/main.css HTTP/1.1" 200 825 "https://leakbase.pw/payment.php?id=CPBD4VJTSZ7KQYJARDEJ3XSLFF" "Mozilla/5.0 (Windows NT 10.0; Win64; x64) AppleWebKit/537.36 (KHTML, like Gecko) Chrome/57.0.2987.133 Safari/537.36" "leakbase=9mc85a58nskf6h8s4gh8u92bk0; id=132f18dd1c31ab18c6c40e609180b862" <"-">
68.33.93.79 - - [17/Apr/2017:21:08:53 +0000] "GET /css/fontello.css HTTP/1.1" 200 835 "https://leakbase.pw/payment.php?id=CPBD4VJTSZ7KQYJARDEJ3XSLFF" "Mozilla/5.0 (Windows NT 10.0; Win64; x64) AppleWebKit/537.36 (KHTML, like Gecko) Chrome/57.0.2987.133 Safari/537.36" "leakbase=9mc85a58nskf6h8s4gh8u92bk0; id=132f18dd1c31ab18c6c40e609180b862" <"-">
68.33.93.79 - - [17/Apr/2017:21:08:54 +0000] "GET /font/EncodeSans-Bold.ttf HTTP/1.1" 304 0 "https://leakbase.pw/css/main.css" "Mozilla/5.0 (Windows NT 10.0; Win64; x64) AppleWebKit/537.36 (KHTML, like Gecko) Chrome/57.0.2987.133 Safari/537.36" "leakbase=9mc85a58nskf6h8s4gh8u92bk0; id=132f18dd1c31ab18c6c40e609180b862" <"-">
41.42.147.232 - - [17/Apr/2017:21:09:03 +0000] "GET / HTTP/1.1" 200 2395 "-" "Mozilla/5.0 (Windows NT 6.3; Win64; x64) AppleWebKit/537.36 (KHTML, like Gecko) Chrome/57.0.2987.133 Safari/537.36" "leakbase=a09rhma39gpsob0r6hclf6h6k2; legendleak=ag84r3u85g4o485kjftllsqm46; id=defd389e69f3b6fd3a234db538872fdf; _ga=GA1.2.257303667.1489961971" <"-">
23.27.249.95 - - [17/Apr/2017:21:09:08 +0000] "POST /landing.php HTTP/1.1" 200 2727 "https://leakbase.pw/landing.php" "Mozilla/5.0 (Macintosh; Intel Mac OS X 10_11_6) AppleWebKit/537.36 (KHTML, like Gecko) Chrome/57.0.2987.133 Safari/537.36" "leakbase=blhnqd6pc0u1e8q2go7djkni70" <"username=&passwordx=&email=&ip=&firstname=Ellie&lastname=Thomas&g-recaptcha-response=03AOP2lf6RXxHdtH0vR6UJsmbjcQKOEedmgFNHAL7QVsNXQ6Kwv1_2ZOeyXHEUb4yUBEq9-tEY3e1LAIwdsuwUN3Xe52uCH60RLWpLFWPtqbcNtTq8EI2cmvf5BivhFX81LpOc-4AUx0U5SjnBLJvav0k3W2wD5JPd4sSmhO5B2wQWbS4JzDVkkps84YXWuRXms6L0g0WM-AMGsCihRIsvVL9uQarTWpKziXiSjPyMuhrvoFWEhGjeV-4o8_crvEDq421Yt59mbSAn1mAi2uJeAoiWFw7eSjP9r4im3h8G-yfiYJ1FZacEp1Vp1n0Osn5_YchFHdXX7YdB&rowsa=50">
178.19.30.217 - - [17/Apr/2017:21:09:14 +0000] "GET /payment.php?id=CPBD0RJYFQSKNVOAMCEGNJHBZY HTTP/1.1" 200 2033 "https://leakbase.pw/payment.php?id=CPBD0RJYFQSKNVOAMCEGNJHBZY" "Mozilla/5.0 (Windows NT 6.1; WOW64) AppleWebKit/537.36 (KHTML, like Gecko) Chrome/57.0.2987.133 Safari/537.36" "__cfduid=db99a8974f4a95a7848119fa69553ee301485429819; leakbase=mbi06fuefa5ujcu2ogo5o2vb45; x4b_f=545YxSSYaFC7Jxt(3njt(4uEk6VfDEa2wrJjWZWmYa9_; legendleak=s386anp4dem87i91o80084udd1; x4b_c=M)yawfE8iFEPGVA6yO5CuPFAWlqO; id=70a7d5ff3878e84bc0bb2313f1b550db; _ga=GA1.2.166494082.1492279860; _gat=1" <"-">
178.19.30.217 - - [17/Apr/2017:21:09:15 +0000] "GET /css/main.css HTTP/1.1" 200 825 "https://leakbase.pw/payment.php?id=CPBD0RJYFQSKNVOAMCEGNJHBZY" "Mozilla/5.0 (Windows NT 6.1; WOW64) AppleWebKit/537.36 (KHTML, like Gecko) Chrome/57.0.2987.133 Safari/537.36" "__cfduid=db99a8974f4a95a7848119fa69553ee301485429819; leakbase=mbi06fuefa5ujcu2ogo5o2vb45; x4b_f=545YxSSYaFC7Jxt(3njt(4uEk6VfDEa2wrJjWZWmYa9_; legendleak=s386anp4dem87i91o80084udd1; x4b_c=M)yawfE8iFEPGVA6yO5CuPFAWlqO; _ga=GA1.2.166494082.1492279860; _gat=1; id=70a7d5ff3878e84bc0bb2313f1b550db" <"-">
178.19.30.217 - - [17/Apr/2017:21:09:15 +0000] "GET /css/fontello.css HTTP/1.1" 200 835 "https://leakbase.pw/payment.php?id=CPBD0RJYFQSKNVOAMCEGNJHBZY" "Mozilla/5.0 (Windows NT 6.1; WOW64) AppleWebKit/537.36 (KHTML, like Gecko) Chrome/57.0.2987.133 Safari/537.36" "__cfduid=db99a8974f4a95a7848119fa69553ee301485429819; leakbase=mbi06fuefa5ujcu2ogo5o2vb45; x4b_f=545YxSSYaFC7Jxt(3njt(4uEk6VfDEa2wrJjWZWmYa9_; legendleak=s386anp4dem87i91o80084udd1; x4b_c=M)yawfE8iFEPGVA6yO5CuPFAWlqO; _ga=GA1.2.166494082.1492279860; _gat=1; id=70a7d5ff3878e84bc0bb2313f1b550db" <"-">
68.33.93.79 - - [17/Apr/2017:21:09:15 +0000] "GET /payment.php?id=CPBD4VJTSZ7KQYJARDEJ3XSLFF HTTP/1.1" 200 2032 "https://leakbase.pw/payment.php?id=CPBD4VJTSZ7KQYJARDEJ3XSLFF" "Mozilla/5.0 (Windows NT 10.0; Win64; x64) AppleWebKit/537.36 (KHTML, like Gecko) Chrome/57.0.2987.133 Safari/537.36" "leakbase=9mc85a58nskf6h8s4gh8u92bk0; id=132f18dd1c31ab18c6c40e609180b862" <"-">
178.19.30.217 - - [17/Apr/2017:21:09:16 +0000] "GET /font/EncodeSans-Bold.ttf HTTP/1.1" 304 0 "https://leakbase.pw/css/main.css" "Mozilla/5.0 (Windows NT 6.1; WOW64) AppleWebKit/537.36 (KHTML, like Gecko) Chrome/57.0.2987.133 Safari/537.36" "__cfduid=db99a8974f4a95a7848119fa69553ee301485429819; leakbase=mbi06fuefa5ujcu2ogo5o2vb45; x4b_f=545YxSSYaFC7Jxt(3njt(4uEk6VfDEa2wrJjWZWmYa9_; legendleak=s386anp4dem87i91o80084udd1; x4b_c=M)yawfE8iFEPGVA6yO5CuPFAWlqO; _ga=GA1.2.166494082.1492279860; _gat=1; id=70a7d5ff3878e84bc0bb2313f1b550db" <"-">
68.33.93.79 - - [17/Apr/2017:21:09:16 +0000] "GET /css/main.css HTTP/1.1" 200 825 "https://leakbase.pw/payment.php?id=CPBD4VJTSZ7KQYJARDEJ3XSLFF" "Mozilla/5.0 (Windows NT 10.0; Win64; x64) AppleWebKit/537.36 (KHTML, like Gecko) Chrome/57.0.2987.133 Safari/537.36" "leakbase=9mc85a58nskf6h8s4gh8u92bk0; id=132f18dd1c31ab18c6c40e609180b862" <"-">
68.33.93.79 - - [17/Apr/2017:21:09:16 +0000] "GET /css/fontello.css HTTP/1.1" 200 835 "https://leakbase.pw/payment.php?id=CPBD4VJTSZ7KQYJARDEJ3XSLFF" "Mozilla/5.0 (Windows NT 10.0; Win64; x64) AppleWebKit/537.36 (KHTML, like Gecko) Chrome/57.0.2987.133 Safari/537.36" "leakbase=9mc85a58nskf6h8s4gh8u92bk0; id=132f18dd1c31ab18c6c40e609180b862" <"-">
68.33.93.79 - - [17/Apr/2017:21:09:17 +0000] "GET /font/EncodeSans-Bold.ttf HTTP/1.1" 304 0 "https://leakbase.pw/css/main.css" "Mozilla/5.0 (Windows NT 10.0; Win64; x64) AppleWebKit/537.36 (KHTML, like Gecko) Chrome/57.0.2987.133 Safari/537.36" "leakbase=9mc85a58nskf6h8s4gh8u92bk0; id=132f18dd1c31ab18c6c40e609180b862" <"-">
185.65.135.93 - - [17/Apr/2017:21:09:34 +0000] "GET / HTTP/1.1" 200 2395 "-" "Mozilla/5.0 (Windows NT 10.0; Win64; x64) AppleWebKit/537.36 (KHTML, like Gecko) Chrome/57.0.2987.133 Safari/537.36" "leakbase=jhokdn9gph49levdtd2b1judc4; legendleak=i7h10ru5p1a40dtih85p2ha1f0; x4b_c=M)yawwfVdIc2XgDMvsMP1FB9xlqV; x4b_f=J38bx6vFuH9YSEx8aify(FpA1r82Eq8Q0PUL))bleUV_; id=fd763c6f6a24d69f6bb1eee8e33d4361" <"-">
185.65.135.93 - - [17/Apr/2017:21:09:36 +0000] "GET /logout.php HTTP/1.1" 302 0 "https://leakbase.pw/" "Mozilla/5.0 (Windows NT 10.0; Win64; x64) AppleWebKit/537.36 (KHTML, like Gecko) Chrome/57.0.2987.133 Safari/537.36" "leakbase=jhokdn9gph49levdtd2b1judc4; legendleak=i7h10ru5p1a40dtih85p2ha1f0; x4b_c=M)yawwfVdIc2XgDMvsMP1FB9xlqV; x4b_f=J38bx6vFuH9YSEx8aify(FpA1r82Eq8Q0PUL))bleUV_; id=fd763c6f6a24d69f6bb1eee8e33d4361" <"-">
23.27.249.95 - - [17/Apr/2017:21:09:36 +0000] "POST /landing.php HTTP/1.1" 200 2845 "https://leakbase.pw/landing.php" "Mozilla/5.0 (Macintosh; Intel Mac OS X 10_11_6) AppleWebKit/537.36 (KHTML, like Gecko) Chrome/57.0.2987.133 Safari/537.36" "leakbase=blhnqd6pc0u1e8q2go7djkni70" <"username=&passwordx=&email=&ip=&firstname=Ellie&lastname=Thomas&g-recaptcha-response=03AOP2lf7ZYqgU4F2w1otEjne0rlyvtix77NICsg1sCCKmGQjEU4FHYoRch7R3c3HpyKSR9fU5Xvwrt23O6mULXuAn3ND-iyl0EFN8J2XC6TMhu7s80UDPYDYoz1Dg4sIPL7qGu1n9pluF7lrx19T0xi8eDqFxkDzcv7yGVmfa6Ww7v-6S-de8-O25ejtm6_ZwuEjxtm65iVEGiSUtKUslne_8hsD5ye8kDVD_a8cGFr40bqwjO0xqknvkZU5z0VSJOkmxfCq87UROfXbFbranwa0_GbA4Jybb6plla9_U89502PGtOC6zP6rHaES6w9ITuM5bxqU3AVEp&havepermission=accepted&rowsa=50">
185.65.135.93 - - [17/Apr/2017:21:09:36 +0000] "GET /login.php HTTP/1.1" 200 1936 "https://leakbase.pw/" "Mozilla/5.0 (Windows NT 10.0; Win64; x64) AppleWebKit/537.36 (KHTML, like Gecko) Chrome/57.0.2987.133 Safari/537.36" "leakbase=jhokdn9gph49levdtd2b1judc4; legendleak=i7h10ru5p1a40dtih85p2ha1f0; x4b_c=M)yawwfVdIc2XgDMvsMP1FB9xlqV; x4b_f=J38bx6vFuH9YSEx8aify(FpA1r82Eq8Q0PUL))bleUV_" <"-">
178.19.30.217 - - [17/Apr/2017:21:09:37 +0000] "GET /payment.php?id=CPBD0RJYFQSKNVOAMCEGNJHBZY HTTP/1.1" 200 2033 "https://leakbase.pw/payment.php?id=CPBD0RJYFQSKNVOAMCEGNJHBZY" "Mozilla/5.0 (Windows NT 6.1; WOW64) AppleWebKit/537.36 (KHTML, like Gecko) Chrome/57.0.2987.133 Safari/537.36" "__cfduid=db99a8974f4a95a7848119fa69553ee301485429819; leakbase=mbi06fuefa5ujcu2ogo5o2vb45; x4b_f=545YxSSYaFC7Jxt(3njt(4uEk6VfDEa2wrJjWZWmYa9_; legendleak=s386anp4dem87i91o80084udd1; x4b_c=M)yawfE8iFEPGVA6yO5CuPFAWlqO; _gat=1; id=70a7d5ff3878e84bc0bb2313f1b550db; _ga=GA1.2.166494082.1492279860" <"-">
178.19.30.217 - - [17/Apr/2017:21:09:38 +0000] "GET /css/fontello.css HTTP/1.1" 200 835 "https://leakbase.pw/payment.php?id=CPBD0RJYFQSKNVOAMCEGNJHBZY" "Mozilla/5.0 (Windows NT 6.1; WOW64) AppleWebKit/537.36 (KHTML, like Gecko) Chrome/57.0.2987.133 Safari/537.36" "__cfduid=db99a8974f4a95a7848119fa69553ee301485429819; leakbase=mbi06fuefa5ujcu2ogo5o2vb45; x4b_f=545YxSSYaFC7Jxt(3njt(4uEk6VfDEa2wrJjWZWmYa9_; legendleak=s386anp4dem87i91o80084udd1; x4b_c=M)yawfE8iFEPGVA6yO5CuPFAWlqO; _gat=1; _ga=GA1.2.166494082.1492279860; id=70a7d5ff3878e84bc0bb2313f1b550db" <"-">
178.19.30.217 - - [17/Apr/2017:21:09:38 +0000] "GET /css/main.css HTTP/1.1" 200 825 "https://leakbase.pw/payment.php?id=CPBD0RJYFQSKNVOAMCEGNJHBZY" "Mozilla/5.0 (Windows NT 6.1; WOW64) AppleWebKit/537.36 (KHTML, like Gecko) Chrome/57.0.2987.133 Safari/537.36" "__cfduid=db99a8974f4a95a7848119fa69553ee301485429819; leakbase=mbi06fuefa5ujcu2ogo5o2vb45; x4b_f=545YxSSYaFC7Jxt(3njt(4uEk6VfDEa2wrJjWZWmYa9_; legendleak=s386anp4dem87i91o80084udd1; x4b_c=M)yawfE8iFEPGVA6yO5CuPFAWlqO; _gat=1; _ga=GA1.2.166494082.1492279860; id=70a7d5ff3878e84bc0bb2313f1b550db" <"-">
178.19.30.217 - - [17/Apr/2017:21:09:38 +0000] "GET /font/EncodeSans-Bold.ttf HTTP/1.1" 304 0 "https://leakbase.pw/css/main.css" "Mozilla/5.0 (Windows NT 6.1; WOW64) AppleWebKit/537.36 (KHTML, like Gecko) Chrome/57.0.2987.133 Safari/537.36" "__cfduid=db99a8974f4a95a7848119fa69553ee301485429819; leakbase=mbi06fuefa5ujcu2ogo5o2vb45; x4b_f=545YxSSYaFC7Jxt(3njt(4uEk6VfDEa2wrJjWZWmYa9_; legendleak=s386anp4dem87i91o80084udd1; x4b_c=M)yawfE8iFEPGVA6yO5CuPFAWlqO; _gat=1; _ga=GA1.2.166494082.1492279860; id=70a7d5ff3878e84bc0bb2313f1b550db" <"-">
68.33.93.79 - - [17/Apr/2017:21:09:40 +0000] "GET /payment.php?id=CPBD4VJTSZ7KQYJARDEJ3XSLFF HTTP/1.1" 200 2032 "https://leakbase.pw/payment.php?id=CPBD4VJTSZ7KQYJARDEJ3XSLFF" "Mozilla/5.0 (Windows NT 10.0; Win64; x64) AppleWebKit/537.36 (KHTML, like Gecko) Chrome/57.0.2987.133 Safari/537.36" "leakbase=9mc85a58nskf6h8s4gh8u92bk0; id=132f18dd1c31ab18c6c40e609180b862" <"-">
178.194.179.73 - - [17/Apr/2017:21:09:42 +0000] "GET / HTTP/1.1" 200 2364 "-" "Mozilla/5.0 (Macintosh; Intel Mac OS X 10_12_3) AppleWebKit/537.36 (KHTML, like Gecko) Chrome/57.0.2987.133 Safari/537.36" "-" <"-">
178.194.179.73 - - [17/Apr/2017:21:09:42 +0000] "GET /css/main.css HTTP/1.1" 200 825 "https://leakbase.pw/" "Mozilla/5.0 (Macintosh; Intel Mac OS X 10_12_3) AppleWebKit/537.36 (KHTML, like Gecko) Chrome/57.0.2987.133 Safari/537.36" "leakbase=98fkgkfa494o3jc336n67klj63" <"-">
178.194.179.73 - - [17/Apr/2017:21:09:44 +0000] "GET /font/EncodeSans-Bold.ttf HTTP/1.1" 200 196084 "https://leakbase.pw/css/main.css" "Mozilla/5.0 (Macintosh; Intel Mac OS X 10_12_3) AppleWebKit/537.36 (KHTML, like Gecko) Chrome/57.0.2987.133 Safari/537.36" "leakbase=98fkgkfa494o3jc336n67klj63" <"-">
98.157.237.22 - - [17/Apr/2017:21:09:44 +0000] "POST /landing.php HTTP/1.1" 200 2672 "https://leakbase.pw/landing.php" "Mozilla/5.0 (Windows NT 10.0; Win64; x64) AppleWebKit/537.36 (KHTML, like Gecko) Chrome/57.0.2987.133 Safari/537.36" "leakbase=usgimj7c17sbr1k00ru4o7pqk7; id=d592bb37bcb06f9ee03292b456993486; _ga=GA1.2.1543046793.1490732109" <"username=&passwordx=&email=&ip=&firstname=Kumiko&lastname=Akiyama&havepermission=accepted&rowsa=50">
68.33.93.79 - - [17/Apr/2017:21:09:45 +0000] "GET /css/fontello.css HTTP/1.1" 200 835 "https://leakbase.pw/payment.php?id=CPBD4VJTSZ7KQYJARDEJ3XSLFF" "Mozilla/5.0 (Windows NT 10.0; Win64; x64) AppleWebKit/537.36 (KHTML, like Gecko) Chrome/57.0.2987.133 Safari/537.36" "leakbase=9mc85a58nskf6h8s4gh8u92bk0; id=132f18dd1c31ab18c6c40e609180b862" <"-">
68.33.93.79 - - [17/Apr/2017:21:09:45 +0000] "GET /css/main.css HTTP/1.1" 200 825 "https://leakbase.pw/payment.php?id=CPBD4VJTSZ7KQYJARDEJ3XSLFF" "Mozilla/5.0 (Windows NT 10.0; Win64; x64) AppleWebKit/537.36 (KHTML, like Gecko) Chrome/57.0.2987.133 Safari/537.36" "leakbase=9mc85a58nskf6h8s4gh8u92bk0; id=132f18dd1c31ab18c6c40e609180b862" <"-">
185.65.135.93 - - [17/Apr/2017:21:09:48 +0000] "POST /login.php HTTP/1.1" 200 2040 "https://leakbase.pw/login.php" "Mozilla/5.0 (Windows NT 10.0; Win64; x64) AppleWebKit/537.36 (KHTML, like Gecko) Chrome/57.0.2987.133 Safari/537.36" "leakbase=jhokdn9gph49levdtd2b1judc4; legendleak=i7h10ru5p1a40dtih85p2ha1f0; x4b_c=M)yawwfVdIc2XgDMvsMP1FB9xlqV; x4b_f=J38bx6vFuH9YSEx8aify(FpA1r82Eq8Q0PUL))bleUV_" <"username=zeekill&password=loldongs32&g-recaptcha-response=03AOP2lf7epGR90pA3y4z2dfAS287UgXJl_tEzFBSaP_O7_xawegPK7y5AnmQuZdm_MpCFEXKnLW4yfuDdauTo0o0hTtgseUBa7zsZc1YjpxYvIgtXRKcdNDzkOs_opVuECpCoQZg7k90976V7QIDUM7ZSsY3Ezb7uXIFiu6qCm7FmyuLeF7vH-xCF61zuE3Zk9tDnH-s__tf_vbw8Rp0ZcmnazTV73SO2e2irFINfj_-S1IFZFBDv-FskpK_tdlcx5KPVHE9UwbKjY0BbkLtPEF076mqoYmo2f2ZXHTgm04y0k4SD0rZ8OxFcRUsNYKPLajJ9DXReNrmV795qt1PmmHfqMbwsCQrclUCnhTeyqbX0BdJ_cU-XT-8">
178.194.179.73 - - [17/Apr/2017:21:09:48 +0000] "GET /landing.php HTTP/1.1" 200 2654 "https://leakbase.pw/" "Mozilla/5.0 (Macintosh; Intel Mac OS X 10_12_3) AppleWebKit/537.36 (KHTML, like Gecko) Chrome/57.0.2987.133 Safari/537.36" "leakbase=98fkgkfa494o3jc336n67klj63; _ga=GA1.2.1285371891.1492463113; _gat=1" <"-">
178.194.179.73 - - [17/Apr/2017:21:09:49 +0000] "GET /css/fontello.css HTTP/1.1" 200 835 "https://leakbase.pw/landing.php" "Mozilla/5.0 (Macintosh; Intel Mac OS X 10_12_3) AppleWebKit/537.36 (KHTML, like Gecko) Chrome/57.0.2987.133 Safari/537.36" "leakbase=98fkgkfa494o3jc336n67klj63; _ga=GA1.2.1285371891.1492463113; _gat=1" <"-">
178.194.179.73 - - [17/Apr/2017:21:09:49 +0000] "GET /css/darkly.css HTTP/1.1" 200 20782 "https://leakbase.pw/landing.php" "Mozilla/5.0 (Macintosh; Intel Mac OS X 10_12_3) AppleWebKit/537.36 (KHTML, like Gecko) Chrome/57.0.2987.133 Safari/537.36" "leakbase=98fkgkfa494o3jc336n67klj63; _ga=GA1.2.1285371891.1492463113; _gat=1" <"-">
178.194.179.73 - - [17/Apr/2017:21:09:50 +0000] "GET /font/fontello.woff2?34074438 HTTP/1.1" 200 2420 "https://leakbase.pw/css/fontello.css" "Mozilla/5.0 (Macintosh; Intel Mac OS X 10_12_3) AppleWebKit/537.36 (KHTML, like Gecko) Chrome/57.0.2987.133 Safari/537.36" "leakbase=98fkgkfa494o3jc336n67klj63; _ga=GA1.2.1285371891.1492463113; _gat=1" <"-">
41.42.147.232 - - [17/Apr/2017:21:09:55 +0000] "GET /landing.php HTTP/1.1" 200 2684 "https://leakbase.pw/" "Mozilla/5.0 (Windows NT 6.3; Win64; x64) AppleWebKit/537.36 (KHTML, like Gecko) Chrome/57.0.2987.133 Safari/537.36" "leakbase=a09rhma39gpsob0r6hclf6h6k2; legendleak=ag84r3u85g4o485kjftllsqm46; id=defd389e69f3b6fd3a234db538872fdf; _ga=GA1.2.257303667.1489961971; _gat=1" <"-">
68.33.93.79 - - [17/Apr/2017:21:09:56 +0000] "GET /font/EncodeSans-Bold.ttf HTTP/1.1" 304 0 "https://leakbase.pw/css/main.css" "Mozilla/5.0 (Windows NT 10.0; Win64; x64) AppleWebKit/537.36 (KHTML, like Gecko) Chrome/57.0.2987.133 Safari/537.36" "leakbase=9mc85a58nskf6h8s4gh8u92bk0; id=132f18dd1c31ab18c6c40e609180b862" <"-">
178.19.30.217 - - [17/Apr/2017:21:09:59 +0000] "GET /payment.php?id=CPBD0RJYFQSKNVOAMCEGNJHBZY HTTP/1.1" 200 2033 "https://leakbase.pw/payment.php?id=CPBD0RJYFQSKNVOAMCEGNJHBZY" "Mozilla/5.0 (Windows NT 6.1; WOW64) AppleWebKit/537.36 (KHTML, like Gecko) Chrome/57.0.2987.133 Safari/537.36" "__cfduid=db99a8974f4a95a7848119fa69553ee301485429819; leakbase=mbi06fuefa5ujcu2ogo5o2vb45; x4b_f=545YxSSYaFC7Jxt(3njt(4uEk6VfDEa2wrJjWZWmYa9_; legendleak=s386anp4dem87i91o80084udd1; x4b_c=M)yawfE8iFEPGVA6yO5CuPFAWlqO; id=70a7d5ff3878e84bc0bb2313f1b550db; _ga=GA1.2.166494082.1492279860" <"-">
178.19.30.217 - - [17/Apr/2017:21:10:00 +0000] "GET /css/main.css HTTP/1.1" 200 825 "https://leakbase.pw/payment.php?id=CPBD0RJYFQSKNVOAMCEGNJHBZY" "Mozilla/5.0 (Windows NT 6.1; WOW64) AppleWebKit/537.36 (KHTML, like Gecko) Chrome/57.0.2987.133 Safari/537.36" "__cfduid=db99a8974f4a95a7848119fa69553ee301485429819; leakbase=mbi06fuefa5ujcu2ogo5o2vb45; x4b_f=545YxSSYaFC7Jxt(3njt(4uEk6VfDEa2wrJjWZWmYa9_; legendleak=s386anp4dem87i91o80084udd1; x4b_c=M)yawfE8iFEPGVA6yO5CuPFAWlqO; _ga=GA1.2.166494082.1492279860; id=70a7d5ff3878e84bc0bb2313f1b550db" <"-">
178.19.30.217 - - [17/Apr/2017:21:10:00 +0000] "GET /css/fontello.css HTTP/1.1" 200 835 "https://leakbase.pw/payment.php?id=CPBD0RJYFQSKNVOAMCEGNJHBZY" "Mozilla/5.0 (Windows NT 6.1; WOW64) AppleWebKit/537.36 (KHTML, like Gecko) Chrome/57.0.2987.133 Safari/537.36" "__cfduid=db99a8974f4a95a7848119fa69553ee301485429819; leakbase=mbi06fuefa5ujcu2ogo5o2vb45; x4b_f=545YxSSYaFC7Jxt(3njt(4uEk6VfDEa2wrJjWZWmYa9_; legendleak=s386anp4dem87i91o80084udd1; x4b_c=M)yawfE8iFEPGVA6yO5CuPFAWlqO; _ga=GA1.2.166494082.1492279860; id=70a7d5ff3878e84bc0bb2313f1b550db" <"-">
178.19.30.217 - - [17/Apr/2017:21:10:01 +0000] "GET /font/EncodeSans-Bold.ttf HTTP/1.1" 304 0 "https://leakbase.pw/css/main.css" "Mozilla/5.0 (Windows NT 6.1; WOW64) AppleWebKit/537.36 (KHTML, like Gecko) Chrome/57.0.2987.133 Safari/537.36" "__cfduid=db99a8974f4a95a7848119fa69553ee301485429819; leakbase=mbi06fuefa5ujcu2ogo5o2vb45; x4b_f=545YxSSYaFC7Jxt(3njt(4uEk6VfDEa2wrJjWZWmYa9_; legendleak=s386anp4dem87i91o80084udd1; x4b_c=M)yawfE8iFEPGVA6yO5CuPFAWlqO; _ga=GA1.2.166494082.1492279860; id=70a7d5ff3878e84bc0bb2313f1b550db" <"-">
199.16.157.182 - - [17/Apr/2017:21:10:10 +0000] "GET /robots.txt HTTP/1.1" 404 193 "-" "Twitterbot/1.0" "-" <"-">
199.16.157.182 - - [17/Apr/2017:21:10:11 +0000] "GET /?referral=7936 HTTP/1.1" 302 0 "-" "Twitterbot/1.0" "-" <"-">
68.33.93.79 - - [17/Apr/2017:21:10:18 +0000] "GET /payment.php?id=CPBD4VJTSZ7KQYJARDEJ3XSLFF HTTP/1.1" 200 2032 "https://leakbase.pw/payment.php?id=CPBD4VJTSZ7KQYJARDEJ3XSLFF" "Mozilla/5.0 (Windows NT 10.0; Win64; x64) AppleWebKit/537.36 (KHTML, like Gecko) Chrome/57.0.2987.133 Safari/537.36" "leakbase=9mc85a58nskf6h8s4gh8u92bk0; id=132f18dd1c31ab18c6c40e609180b862" <"-">
68.33.93.79 - - [17/Apr/2017:21:10:19 +0000] "GET /css/fontello.css HTTP/1.1" 200 835 "https://leakbase.pw/payment.php?id=CPBD4VJTSZ7KQYJARDEJ3XSLFF" "Mozilla/5.0 (Windows NT 10.0; Win64; x64) AppleWebKit/537.36 (KHTML, like Gecko) Chrome/57.0.2987.133 Safari/537.36" "leakbase=9mc85a58nskf6h8s4gh8u92bk0; id=132f18dd1c31ab18c6c40e609180b862" <"-">
68.33.93.79 - - [17/Apr/2017:21:10:19 +0000] "GET /css/main.css HTTP/1.1" 200 825 "https://leakbase.pw/payment.php?id=CPBD4VJTSZ7KQYJARDEJ3XSLFF" "Mozilla/5.0 (Windows NT 10.0; Win64; x64) AppleWebKit/537.36 (KHTML, like Gecko) Chrome/57.0.2987.133 Safari/537.36" "leakbase=9mc85a58nskf6h8s4gh8u92bk0; id=132f18dd1c31ab18c6c40e609180b862" <"-">
