68.33.93.79 - - [17/Apr/2017:20:56:19 +0000] "GET /font/EncodeSans-Bold.ttf HTTP/1.1" 304 0 "https://leakbase.pw/css/main.css" "Mozilla/5.0 (Windows NT 10.0; Win64; x64) AppleWebKit/537.36 (KHTML, like Gecko) Chrome/57.0.2987.133 Safari/537.36" "leakbase=9mc85a58nskf6h8s4gh8u92bk0; id=132f18dd1c31ab18c6c40e609180b862" <"-">
104.36.181.254 - - [17/Apr/2017:20:56:22 +0000] "GET /payment.php?id=CPBD4CPNRIGZPH51T2Z3RK3JWG HTTP/1.1" 200 2035 "-" "Mozilla/5.0 (Windows NT 10.0; WOW64; rv:52.0) Gecko/20100101 Firefox/52.0" "leakbase=75kgdnc5lgfljped1ma64ch617; id=0836ee706c7d287b4ce9ca517c85dc9d" <"-">
104.36.181.254 - - [17/Apr/2017:20:56:23 +0000] "GET /css/main.css HTTP/1.1" 200 825 "https://leakbase.pw/payment.php?id=CPBD4CPNRIGZPH51T2Z3RK3JWG" "Mozilla/5.0 (Windows NT 10.0; WOW64; rv:52.0) Gecko/20100101 Firefox/52.0" "leakbase=75kgdnc5lgfljped1ma64ch617; id=0836ee706c7d287b4ce9ca517c85dc9d" <"-">
104.36.181.254 - - [17/Apr/2017:20:56:23 +0000] "GET /css/fontello.css HTTP/1.1" 200 835 "https://leakbase.pw/payment.php?id=CPBD4CPNRIGZPH51T2Z3RK3JWG" "Mozilla/5.0 (Windows NT 10.0; WOW64; rv:52.0) Gecko/20100101 Firefox/52.0" "leakbase=75kgdnc5lgfljped1ma64ch617; id=0836ee706c7d287b4ce9ca517c85dc9d" <"-">
178.19.30.217 - - [17/Apr/2017:20:56:23 +0000] "GET /payment.php?id=CPBD0RJYFQSKNVOAMCEGNJHBZY HTTP/1.1" 200 2033 "https://leakbase.pw/payment.php?id=CPBD0RJYFQSKNVOAMCEGNJHBZY" "Mozilla/5.0 (Windows NT 6.1; WOW64) AppleWebKit/537.36 (KHTML, like Gecko) Chrome/57.0.2987.133 Safari/537.36" "__cfduid=db99a8974f4a95a7848119fa69553ee301485429819; leakbase=mbi06fuefa5ujcu2ogo5o2vb45; x4b_f=545YxSSYaFC7Jxt(3njt(4uEk6VfDEa2wrJjWZWmYa9_; legendleak=s386anp4dem87i91o80084udd1; x4b_c=M)yawfE8iFEPGVA6yO5CuPFAWlqO; id=70a7d5ff3878e84bc0bb2313f1b550db; _ga=GA1.2.166494082.1492279860" <"-">
178.19.30.217 - - [17/Apr/2017:20:56:24 +0000] "GET /css/main.css HTTP/1.1" 200 825 "https://leakbase.pw/payment.php?id=CPBD0RJYFQSKNVOAMCEGNJHBZY" "Mozilla/5.0 (Windows NT 6.1; WOW64) AppleWebKit/537.36 (KHTML, like Gecko) Chrome/57.0.2987.133 Safari/537.36" "__cfduid=db99a8974f4a95a7848119fa69553ee301485429819; leakbase=mbi06fuefa5ujcu2ogo5o2vb45; x4b_f=545YxSSYaFC7Jxt(3njt(4uEk6VfDEa2wrJjWZWmYa9_; legendleak=s386anp4dem87i91o80084udd1; x4b_c=M)yawfE8iFEPGVA6yO5CuPFAWlqO; _ga=GA1.2.166494082.1492279860; id=70a7d5ff3878e84bc0bb2313f1b550db" <"-">
178.19.30.217 - - [17/Apr/2017:20:56:24 +0000] "GET /css/fontello.css HTTP/1.1" 200 835 "https://leakbase.pw/payment.php?id=CPBD0RJYFQSKNVOAMCEGNJHBZY" "Mozilla/5.0 (Windows NT 6.1; WOW64) AppleWebKit/537.36 (KHTML, like Gecko) Chrome/57.0.2987.133 Safari/537.36" "__cfduid=db99a8974f4a95a7848119fa69553ee301485429819; leakbase=mbi06fuefa5ujcu2ogo5o2vb45; x4b_f=545YxSSYaFC7Jxt(3njt(4uEk6VfDEa2wrJjWZWmYa9_; legendleak=s386anp4dem87i91o80084udd1; x4b_c=M)yawfE8iFEPGVA6yO5CuPFAWlqO; _ga=GA1.2.166494082.1492279860; id=70a7d5ff3878e84bc0bb2313f1b550db" <"-">
178.19.30.217 - - [17/Apr/2017:20:56:25 +0000] "GET /font/EncodeSans-Bold.ttf HTTP/1.1" 304 0 "https://leakbase.pw/css/main.css" "Mozilla/5.0 (Windows NT 6.1; WOW64) AppleWebKit/537.36 (KHTML, like Gecko) Chrome/57.0.2987.133 Safari/537.36" "__cfduid=db99a8974f4a95a7848119fa69553ee301485429819; leakbase=mbi06fuefa5ujcu2ogo5o2vb45; x4b_f=545YxSSYaFC7Jxt(3njt(4uEk6VfDEa2wrJjWZWmYa9_; legendleak=s386anp4dem87i91o80084udd1; x4b_c=M)yawfE8iFEPGVA6yO5CuPFAWlqO; _ga=GA1.2.166494082.1492279860; id=70a7d5ff3878e84bc0bb2313f1b550db" <"-">
86.3.98.17 - - [17/Apr/2017:20:56:33 +0000] "POST /login.php HTTP/1.1" 200 2040 "https://leakbase.pw/login.php" "Mozilla/5.0 (Macintosh; Intel Mac OS X 10_12_2) AppleWebKit/537.36 (KHTML, like Gecko) Chrome/57.0.2987.133 Safari/537.36" "leakbase=bft7qiklarm54b7t7oqj8jjid2; legendleak=9elphpphkflfspiv1ldksc4ud2; x4b_f=7ORZDx8zO9VtM4Icc6AU2GM4sn3)kG3N)Bp9Rg55oGF_; x4b_c=M)yawwQu(8YXeCeeelzDahQFxlqV; X-X4B-Pow=4235303; _gat=1; _ga=GA1.2.2087944993.1489833134" <"username=fucktyr0ne&password=lol90909&g-recaptcha-response=03AOP2lf6oD13Ppj0PgZERLEOIcBpyGCYA6twAW1PZv7M_lH1oB1Gvgn3PC7xoAyojly1h_2Up7XOs2q9DkC4W7G4Dt59XzCXZ1cfqbjU4vC9UVJp3Otbv8TnjBlNaYL-CuHaMW6IswAuNnRnAj7OVuQsUYSCKd1_Iu2MMrR4PKpEGSmSpieifdQ1n8Mj7Qc8Paj5EalYSQI6khyvzaZQJD2UumuSlMZMdzXUQA6-pOboePyXEpUCcA3M5sYc7FmmIOa2-xmEaGb5htswsafBguHAAPb882COc41FJQDGzXvRFH94BfNNy9W0BgE5xLr9SJm-vLHmd3kwyy2I1jzCNZCRess-YFBcUal0S-0TX-2RyTawtycUqLkE">
68.33.93.79 - - [17/Apr/2017:20:56:41 +0000] "GET /payment.php?id=CPBD4VJTSZ7KQYJARDEJ3XSLFF HTTP/1.1" 200 2090 "https://leakbase.pw/payment.php?id=CPBD4VJTSZ7KQYJARDEJ3XSLFF" "Mozilla/5.0 (Windows NT 10.0; Win64; x64) AppleWebKit/537.36 (KHTML, like Gecko) Chrome/57.0.2987.133 Safari/537.36" "leakbase=9mc85a58nskf6h8s4gh8u92bk0; id=132f18dd1c31ab18c6c40e609180b862" <"-">
68.33.93.79 - - [17/Apr/2017:20:56:41 +0000] "GET /css/main.css HTTP/1.1" 200 825 "https://leakbase.pw/payment.php?id=CPBD4VJTSZ7KQYJARDEJ3XSLFF" "Mozilla/5.0 (Windows NT 10.0; Win64; x64) AppleWebKit/537.36 (KHTML, like Gecko) Chrome/57.0.2987.133 Safari/537.36" "leakbase=9mc85a58nskf6h8s4gh8u92bk0; id=132f18dd1c31ab18c6c40e609180b862" <"-">
68.33.93.79 - - [17/Apr/2017:20:56:41 +0000] "GET /css/fontello.css HTTP/1.1" 200 835 "https://leakbase.pw/payment.php?id=CPBD4VJTSZ7KQYJARDEJ3XSLFF" "Mozilla/5.0 (Windows NT 10.0; Win64; x64) AppleWebKit/537.36 (KHTML, like Gecko) Chrome/57.0.2987.133 Safari/537.36" "leakbase=9mc85a58nskf6h8s4gh8u92bk0; id=132f18dd1c31ab18c6c40e609180b862" <"-">
68.33.93.79 - - [17/Apr/2017:20:56:42 +0000] "GET /font/EncodeSans-Bold.ttf HTTP/1.1" 304 0 "https://leakbase.pw/css/main.css" "Mozilla/5.0 (Windows NT 10.0; Win64; x64) AppleWebKit/537.36 (KHTML, like Gecko) Chrome/57.0.2987.133 Safari/537.36" "leakbase=9mc85a58nskf6h8s4gh8u92bk0; id=132f18dd1c31ab18c6c40e609180b862" <"-">
185.65.135.93 - - [17/Apr/2017:20:56:42 +0000] "POST /login.php HTTP/1.1" 200 2040 "https://leakbase.pw/login.php" "Mozilla/5.0 (Windows NT 10.0; Win64; x64) AppleWebKit/537.36 (KHTML, like Gecko) Chrome/57.0.2987.133 Safari/537.36" "leakbase=ktlsk80f12ji448qfc1ksaeo62; legendleak=i7h10ru5p1a40dtih85p2ha1f0; x4b_f=J38bx6vFuH9YSEx8aify(FpA1r82Eq8Q0PUL))bleUV_; x4b_c=M)yawwfVdIc2XgDMvsMP1FB9xlqV" <"username=m4x3d&password=M0unt4in19&g-recaptcha-response=03AOP2lf6f4kxNwMw7nyhftPH2_Jv8dG6dW41BnVs9SQ0H2YXOC6Jimf_XH9P1IfG535VoM0HsdhDFbppKX7ahVqFNs9NFmpSoW412E_YHWey-Jp05PY62XMgL2dTHg9EyVS5kxomnt89TxsCDWOkoA8AdAlWF-bqYauuMeTfpF0LotybN_qF92VtZVimFuAp8mQ7-b2WxAuDMJFBBD8I54ZtPC95emQ_nCZAjGnbw2qA1lN6LXqX0dJNPuNGRu3YKxT-jhrn-I9IG4sHHhFlxKqtHJNEu8nFhjPsJQlqxmiuiV6UURVYtfp50_DAInscy22j46oAmbe59lfSy6tCXNl4Pf2Mq6dsZt4u9SOENP7nAOtCfAYGpsB0">
104.36.181.254 - - [17/Apr/2017:20:56:44 +0000] "GET /payment.php?id=CPBD4CPNRIGZPH51T2Z3RK3JWG HTTP/1.1" 200 2035 "-" "Mozilla/5.0 (Windows NT 10.0; WOW64; rv:52.0) Gecko/20100101 Firefox/52.0" "leakbase=75kgdnc5lgfljped1ma64ch617; id=0836ee706c7d287b4ce9ca517c85dc9d" <"-">
104.36.181.254 - - [17/Apr/2017:20:56:45 +0000] "GET /css/fontello.css HTTP/1.1" 200 835 "https://leakbase.pw/payment.php?id=CPBD4CPNRIGZPH51T2Z3RK3JWG" "Mozilla/5.0 (Windows NT 10.0; WOW64; rv:52.0) Gecko/20100101 Firefox/52.0" "leakbase=75kgdnc5lgfljped1ma64ch617; id=0836ee706c7d287b4ce9ca517c85dc9d" <"-">
104.36.181.254 - - [17/Apr/2017:20:56:45 +0000] "GET /css/main.css HTTP/1.1" 200 825 "https://leakbase.pw/payment.php?id=CPBD4CPNRIGZPH51T2Z3RK3JWG" "Mozilla/5.0 (Windows NT 10.0; WOW64; rv:52.0) Gecko/20100101 Firefox/52.0" "leakbase=75kgdnc5lgfljped1ma64ch617; id=0836ee706c7d287b4ce9ca517c85dc9d" <"-">
178.19.30.217 - - [17/Apr/2017:20:56:46 +0000] "GET /payment.php?id=CPBD0RJYFQSKNVOAMCEGNJHBZY HTTP/1.1" 200 2033 "https://leakbase.pw/payment.php?id=CPBD0RJYFQSKNVOAMCEGNJHBZY" "Mozilla/5.0 (Windows NT 6.1; WOW64) AppleWebKit/537.36 (KHTML, like Gecko) Chrome/57.0.2987.133 Safari/537.36" "__cfduid=db99a8974f4a95a7848119fa69553ee301485429819; leakbase=mbi06fuefa5ujcu2ogo5o2vb45; x4b_f=545YxSSYaFC7Jxt(3njt(4uEk6VfDEa2wrJjWZWmYa9_; legendleak=s386anp4dem87i91o80084udd1; x4b_c=M)yawfE8iFEPGVA6yO5CuPFAWlqO; id=70a7d5ff3878e84bc0bb2313f1b550db; _ga=GA1.2.166494082.1492279860; _gat=1" <"-">
178.19.30.217 - - [17/Apr/2017:20:56:47 +0000] "GET /css/main.css HTTP/1.1" 200 825 "https://leakbase.pw/payment.php?id=CPBD0RJYFQSKNVOAMCEGNJHBZY" "Mozilla/5.0 (Windows NT 6.1; WOW64) AppleWebKit/537.36 (KHTML, like Gecko) Chrome/57.0.2987.133 Safari/537.36" "__cfduid=db99a8974f4a95a7848119fa69553ee301485429819; leakbase=mbi06fuefa5ujcu2ogo5o2vb45; x4b_f=545YxSSYaFC7Jxt(3njt(4uEk6VfDEa2wrJjWZWmYa9_; legendleak=s386anp4dem87i91o80084udd1; x4b_c=M)yawfE8iFEPGVA6yO5CuPFAWlqO; _ga=GA1.2.166494082.1492279860; _gat=1; id=70a7d5ff3878e84bc0bb2313f1b550db" <"-">
178.19.30.217 - - [17/Apr/2017:20:56:47 +0000] "GET /css/fontello.css HTTP/1.1" 200 835 "https://leakbase.pw/payment.php?id=CPBD0RJYFQSKNVOAMCEGNJHBZY" "Mozilla/5.0 (Windows NT 6.1; WOW64) AppleWebKit/537.36 (KHTML, like Gecko) Chrome/57.0.2987.133 Safari/537.36" "__cfduid=db99a8974f4a95a7848119fa69553ee301485429819; leakbase=mbi06fuefa5ujcu2ogo5o2vb45; x4b_f=545YxSSYaFC7Jxt(3njt(4uEk6VfDEa2wrJjWZWmYa9_; legendleak=s386anp4dem87i91o80084udd1; x4b_c=M)yawfE8iFEPGVA6yO5CuPFAWlqO; _ga=GA1.2.166494082.1492279860; _gat=1; id=70a7d5ff3878e84bc0bb2313f1b550db" <"-">
86.3.98.17 - - [17/Apr/2017:20:56:48 +0000] "POST /login.php HTTP/1.1" 200 2040 "https://leakbase.pw/login.php" "Mozilla/5.0 (Macintosh; Intel Mac OS X 10_12_2) AppleWebKit/537.36 (KHTML, like Gecko) Chrome/57.0.2987.133 Safari/537.36" "leakbase=bft7qiklarm54b7t7oqj8jjid2; legendleak=9elphpphkflfspiv1ldksc4ud2; x4b_f=7ORZDx8zO9VtM4Icc6AU2GM4sn3)kG3N)Bp9Rg55oGF_; x4b_c=M)yawwQu(8YXeCeeelzDahQFxlqV; X-X4B-Pow=4235303; _gat=1; _ga=GA1.2.2087944993.1489833134" <"username=fucktyr0ne&password=lol90909&g-recaptcha-response=03AOP2lf77bOVS51JdqUS5X7w8Nv85BHEM3rz3t9YHk0rI2XszIcK6lNTdIfZWl1dTaZM3ro35u4icjUm78GGl0tIw_H_nprc8nZD85GAiBiUSc6Eb-0ZUT0PNZecylU6Hc4awWgLz8f7Qmd6wXY1GjzaQEUADcZFMaUyBUGvZDKqvH-LKh6SS5XXgHtp6DkFEiEYZfkK3QKogSwLmOyDA9FRI9MM3EmYiGgKr3fshpk5jUamx3ZlmPnHl5Uc1vfqJ5qAg202XD02Y3g31fO3yKomFP8fIRbwVBs1OQg8XOJvPBYHOwAzLNEEGSoCks2s7qFfPYTJfkWeLcoaYC9Tdc3urXfCqhRenWujfkgG8s4BY9D6hClK4jZs">
178.19.30.217 - - [17/Apr/2017:20:56:48 +0000] "GET /font/EncodeSans-Bold.ttf HTTP/1.1" 304 0 "https://leakbase.pw/css/main.css" "Mozilla/5.0 (Windows NT 6.1; WOW64) AppleWebKit/537.36 (KHTML, like Gecko) Chrome/57.0.2987.133 Safari/537.36" "__cfduid=db99a8974f4a95a7848119fa69553ee301485429819; leakbase=mbi06fuefa5ujcu2ogo5o2vb45; x4b_f=545YxSSYaFC7Jxt(3njt(4uEk6VfDEa2wrJjWZWmYa9_; legendleak=s386anp4dem87i91o80084udd1; x4b_c=M)yawfE8iFEPGVA6yO5CuPFAWlqO; _ga=GA1.2.166494082.1492279860; _gat=1; id=70a7d5ff3878e84bc0bb2313f1b550db" <"-">
149.154.157.41 - - [17/Apr/2017:20:56:49 +0000] "GET / HTTP/1.1" 200 2364 "-" "Mozilla/5.0 (Windows NT 10.0; Win64; x64) AppleWebKit/537.36 (KHTML, like Gecko) Chrome/57.0.2987.133 Safari/537.36" "leakbase=sqdufshuune7rt513n26kcq4i5" <"-">
66.215.46.193 - - [17/Apr/2017:20:56:50 +0000] "POST /landing.php HTTP/1.1" 200 2672 "https://leakbase.pw/landing.php" "Mozilla/5.0 (Windows NT 10.0; Win64; x64) AppleWebKit/537.36 (KHTML, like Gecko) Chrome/58.0.3029.68 Safari/537.36" "leakbase=5sikv9hksop14ir3eq23kr5ne1; id=c3939a598f5fc9eaee903ec47799a82a; _ga=GA1.2.1980188233.1492457970" <"username=&passwordx=&email=pinkbunny25%40hotmail.com&ip=&firstname=&lastname=&havepermission=accepted&rowsa=50">
86.3.98.17 - - [17/Apr/2017:20:56:50 +0000] "GET /landing.php HTTP/1.1" 200 2654 "https://leakbase.pw/login.php" "Mozilla/5.0 (Macintosh; Intel Mac OS X 10_12_2) AppleWebKit/537.36 (KHTML, like Gecko) Chrome/57.0.2987.133 Safari/537.36" "leakbase=bft7qiklarm54b7t7oqj8jjid2; legendleak=9elphpphkflfspiv1ldksc4ud2; x4b_f=7ORZDx8zO9VtM4Icc6AU2GM4sn3)kG3N)Bp9Rg55oGF_; x4b_c=M)yawwQu(8YXeCeeelzDahQFxlqV; X-X4B-Pow=4235303; _ga=GA1.2.2087944993.1489833134; _gat=1" <"-">
86.3.98.17 - - [17/Apr/2017:20:56:53 +0000] "GET /login.php HTTP/1.1" 200 1936 "https://leakbase.pw/landing.php" "Mozilla/5.0 (Macintosh; Intel Mac OS X 10_12_2) AppleWebKit/537.36 (KHTML, like Gecko) Chrome/57.0.2987.133 Safari/537.36" "leakbase=bft7qiklarm54b7t7oqj8jjid2; legendleak=9elphpphkflfspiv1ldksc4ud2; x4b_f=7ORZDx8zO9VtM4Icc6AU2GM4sn3)kG3N)Bp9Rg55oGF_; x4b_c=M)yawwQu(8YXeCeeelzDahQFxlqV; X-X4B-Pow=4235303; _gat=1; _ga=GA1.2.2087944993.1489833134" <"-">
66.215.46.193 - - [17/Apr/2017:20:56:53 +0000] "GET /logout.php HTTP/1.1" 302 0 "https://leakbase.pw/landing.php" "Mozilla/5.0 (Windows NT 10.0; Win64; x64) AppleWebKit/537.36 (KHTML, like Gecko) Chrome/58.0.3029.68 Safari/537.36" "leakbase=5sikv9hksop14ir3eq23kr5ne1; id=c3939a598f5fc9eaee903ec47799a82a; _ga=GA1.2.1980188233.1492457970; _gat=1" <"-">
86.3.98.17 - - [17/Apr/2017:20:56:53 +0000] "GET /login.php HTTP/1.1" 200 1936 "https://leakbase.pw/login.php" "Mozilla/5.0 (Macintosh; Intel Mac OS X 10_12_2) AppleWebKit/537.36 (KHTML, like Gecko) Chrome/57.0.2987.133 Safari/537.36" "leakbase=bft7qiklarm54b7t7oqj8jjid2; legendleak=9elphpphkflfspiv1ldksc4ud2; x4b_f=7ORZDx8zO9VtM4Icc6AU2GM4sn3)kG3N)Bp9Rg55oGF_; x4b_c=M)yawwQu(8YXeCeeelzDahQFxlqV; X-X4B-Pow=4235303; _gat=1; _ga=GA1.2.2087944993.1489833134" <"-">
66.215.46.193 - - [17/Apr/2017:20:56:54 +0000] "GET /login.php HTTP/1.1" 200 1936 "https://leakbase.pw/landing.php" "Mozilla/5.0 (Windows NT 10.0; Win64; x64) AppleWebKit/537.36 (KHTML, like Gecko) Chrome/58.0.3029.68 Safari/537.36" "leakbase=5sikv9hksop14ir3eq23kr5ne1; _ga=GA1.2.1980188233.1492457970; _gat=1" <"-">
86.3.98.17 - - [17/Apr/2017:20:56:55 +0000] "POST /login.php HTTP/1.1" 200 2040 "https://leakbase.pw/login.php" "Mozilla/5.0 (Macintosh; Intel Mac OS X 10_12_2) AppleWebKit/537.36 (KHTML, like Gecko) Chrome/57.0.2987.133 Safari/537.36" "leakbase=bft7qiklarm54b7t7oqj8jjid2; legendleak=9elphpphkflfspiv1ldksc4ud2; x4b_f=7ORZDx8zO9VtM4Icc6AU2GM4sn3)kG3N)Bp9Rg55oGF_; x4b_c=M)yawwQu(8YXeCeeelzDahQFxlqV; X-X4B-Pow=4235303; _gat=1; _ga=GA1.2.2087944993.1489833134" <"username=rmtyronerf3&password=lol90909">
185.65.135.93 - - [17/Apr/2017:20:57:02 +0000] "POST /login.php HTTP/1.1" 200 2040 "https://leakbase.pw/login.php" "Mozilla/5.0 (Windows NT 10.0; Win64; x64) AppleWebKit/537.36 (KHTML, like Gecko) Chrome/57.0.2987.133 Safari/537.36" "leakbase=ktlsk80f12ji448qfc1ksaeo62; legendleak=i7h10ru5p1a40dtih85p2ha1f0; x4b_f=J38bx6vFuH9YSEx8aify(FpA1r82Eq8Q0PUL))bleUV_; x4b_c=M)yawwfVdIc2XgDMvsMP1FB9xlqV" <"username=zeekill&password=loldongs32&g-recaptcha-response=03AOP2lf7oaEEdHSo0xl93Z4IxVqnpgqNsy8FJmtfBBMiL8vwS-ZhLDj5DLRB7AphZXvWLJoUCKeseG06XoMPG3LrjwgePFYs5O26rI3YHDaPyR2Fd2k0t36z2ixyXqShVUVZmScAQlIiM66brg-XSYmg5Q-Lk7f-yJBCIT4WeQCb6M7AgDyQrCJHmY1Gv5T_BLehNiTXxsyw6VnEJ9WUcTzYHGJsly-82KB4enCvUDRL65FcWj7AJ6q0jkHZ_L3xaHEuNIuzp_gSR5PPIXmDIUTlkG_MpBwU3bykUO_WS7L6F5MqHiaV4MRQFPsFj9oHWyIyZQygZjb0w9LieDjkRIAflhTW45RC_x_zhSmpuHvKutJ2VGttT_tM">
68.33.93.79 - - [17/Apr/2017:20:57:03 +0000] "GET /payment.php?id=CPBD4VJTSZ7KQYJARDEJ3XSLFF HTTP/1.1" 200 2090 "https://leakbase.pw/payment.php?id=CPBD4VJTSZ7KQYJARDEJ3XSLFF" "Mozilla/5.0 (Windows NT 10.0; Win64; x64) AppleWebKit/537.36 (KHTML, like Gecko) Chrome/57.0.2987.133 Safari/537.36" "leakbase=9mc85a58nskf6h8s4gh8u92bk0; id=132f18dd1c31ab18c6c40e609180b862" <"-">
86.3.98.17 - - [17/Apr/2017:20:57:03 +0000] "POST /login.php HTTP/1.1" 200 2040 "https://leakbase.pw/login.php" "Mozilla/5.0 (Macintosh; Intel Mac OS X 10_12_2) AppleWebKit/537.36 (KHTML, like Gecko) Chrome/57.0.2987.133 Safari/537.36" "leakbase=bft7qiklarm54b7t7oqj8jjid2; legendleak=9elphpphkflfspiv1ldksc4ud2; x4b_f=7ORZDx8zO9VtM4Icc6AU2GM4sn3)kG3N)Bp9Rg55oGF_; x4b_c=M)yawwQu(8YXeCeeelzDahQFxlqV; X-X4B-Pow=4235303; _gat=1; _ga=GA1.2.2087944993.1489833134" <"username=rmtyronerf3&password=lol90909&g-recaptcha-response=03AOP2lf7Vho_1sLKBxUeLg6DvOON39hBR1pbDqv8OzfqIY-13ZVAVuQRIzCsoLBHVmGiXtTVS5bto_39nW-8tdcHUSRiQJtOJMoNxn4Iev2hPh4Wxk8NsaxY-0tbxEyP7iSUnxGylZdmUEBeRhQa6LmcpikptFPIhURk0wSWSrkZM0luO9xskpmzPyDA0gzNiBJhB0a_fEh2vylVezF9tYDtEeddzSPQyBN0OPi60azoKavTFOasna2JlEaDsiPEitTgsjUEjhPMc7nDcjRSfQqM5p3Jnsm-JECF8SaFg-bscV6gzRpBypDTXh0gKBJYxZTsjVIDuGNPOHPPJbUQNd-opV08YDKE97YlFaD1piTlX-FTTTHwY9dk">
68.33.93.79 - - [17/Apr/2017:20:57:04 +0000] "GET /css/main.css HTTP/1.1" 200 825 "https://leakbase.pw/payment.php?id=CPBD4VJTSZ7KQYJARDEJ3XSLFF" "Mozilla/5.0 (Windows NT 10.0; Win64; x64) AppleWebKit/537.36 (KHTML, like Gecko) Chrome/57.0.2987.133 Safari/537.36" "leakbase=9mc85a58nskf6h8s4gh8u92bk0; id=132f18dd1c31ab18c6c40e609180b862" <"-">
68.33.93.79 - - [17/Apr/2017:20:57:04 +0000] "GET /css/fontello.css HTTP/1.1" 200 835 "https://leakbase.pw/payment.php?id=CPBD4VJTSZ7KQYJARDEJ3XSLFF" "Mozilla/5.0 (Windows NT 10.0; Win64; x64) AppleWebKit/537.36 (KHTML, like Gecko) Chrome/57.0.2987.133 Safari/537.36" "leakbase=9mc85a58nskf6h8s4gh8u92bk0; id=132f18dd1c31ab18c6c40e609180b862" <"-">
68.33.93.79 - - [17/Apr/2017:20:57:05 +0000] "GET /font/EncodeSans-Bold.ttf HTTP/1.1" 304 0 "https://leakbase.pw/css/main.css" "Mozilla/5.0 (Windows NT 10.0; Win64; x64) AppleWebKit/537.36 (KHTML, like Gecko) Chrome/57.0.2987.133 Safari/537.36" "leakbase=9mc85a58nskf6h8s4gh8u92bk0; id=132f18dd1c31ab18c6c40e609180b862" <"-">
104.36.181.254 - - [17/Apr/2017:20:57:06 +0000] "GET /payment.php?id=CPBD4CPNRIGZPH51T2Z3RK3JWG HTTP/1.1" 200 2035 "-" "Mozilla/5.0 (Windows NT 10.0; WOW64; rv:52.0) Gecko/20100101 Firefox/52.0" "leakbase=75kgdnc5lgfljped1ma64ch617; id=0836ee706c7d287b4ce9ca517c85dc9d" <"-">
104.36.181.254 - - [17/Apr/2017:20:57:07 +0000] "GET /css/main.css HTTP/1.1" 200 825 "https://leakbase.pw/payment.php?id=CPBD4CPNRIGZPH51T2Z3RK3JWG" "Mozilla/5.0 (Windows NT 10.0; WOW64; rv:52.0) Gecko/20100101 Firefox/52.0" "leakbase=75kgdnc5lgfljped1ma64ch617; id=0836ee706c7d287b4ce9ca517c85dc9d" <"-">
104.36.181.254 - - [17/Apr/2017:20:57:07 +0000] "GET /css/fontello.css HTTP/1.1" 200 835 "https://leakbase.pw/payment.php?id=CPBD4CPNRIGZPH51T2Z3RK3JWG" "Mozilla/5.0 (Windows NT 10.0; WOW64; rv:52.0) Gecko/20100101 Firefox/52.0" "leakbase=75kgdnc5lgfljped1ma64ch617; id=0836ee706c7d287b4ce9ca517c85dc9d" <"-">
178.19.30.217 - - [17/Apr/2017:20:57:09 +0000] "GET /payment.php?id=CPBD0RJYFQSKNVOAMCEGNJHBZY HTTP/1.1" 200 2033 "https://leakbase.pw/payment.php?id=CPBD0RJYFQSKNVOAMCEGNJHBZY" "Mozilla/5.0 (Windows NT 6.1; WOW64) AppleWebKit/537.36 (KHTML, like Gecko) Chrome/57.0.2987.133 Safari/537.36" "__cfduid=db99a8974f4a95a7848119fa69553ee301485429819; leakbase=mbi06fuefa5ujcu2ogo5o2vb45; x4b_f=545YxSSYaFC7Jxt(3njt(4uEk6VfDEa2wrJjWZWmYa9_; legendleak=s386anp4dem87i91o80084udd1; x4b_c=M)yawfE8iFEPGVA6yO5CuPFAWlqO; _gat=1; id=70a7d5ff3878e84bc0bb2313f1b550db; _ga=GA1.2.166494082.1492279860" <"-">
178.19.30.217 - - [17/Apr/2017:20:57:10 +0000] "GET /css/fontello.css HTTP/1.1" 200 835 "https://leakbase.pw/payment.php?id=CPBD0RJYFQSKNVOAMCEGNJHBZY" "Mozilla/5.0 (Windows NT 6.1; WOW64) AppleWebKit/537.36 (KHTML, like Gecko) Chrome/57.0.2987.133 Safari/537.36" "__cfduid=db99a8974f4a95a7848119fa69553ee301485429819; leakbase=mbi06fuefa5ujcu2ogo5o2vb45; x4b_f=545YxSSYaFC7Jxt(3njt(4uEk6VfDEa2wrJjWZWmYa9_; legendleak=s386anp4dem87i91o80084udd1; x4b_c=M)yawfE8iFEPGVA6yO5CuPFAWlqO; _gat=1; _ga=GA1.2.166494082.1492279860; id=70a7d5ff3878e84bc0bb2313f1b550db" <"-">
178.19.30.217 - - [17/Apr/2017:20:57:10 +0000] "GET /css/main.css HTTP/1.1" 200 825 "https://leakbase.pw/payment.php?id=CPBD0RJYFQSKNVOAMCEGNJHBZY" "Mozilla/5.0 (Windows NT 6.1; WOW64) AppleWebKit/537.36 (KHTML, like Gecko) Chrome/57.0.2987.133 Safari/537.36" "__cfduid=db99a8974f4a95a7848119fa69553ee301485429819; leakbase=mbi06fuefa5ujcu2ogo5o2vb45; x4b_f=545YxSSYaFC7Jxt(3njt(4uEk6VfDEa2wrJjWZWmYa9_; legendleak=s386anp4dem87i91o80084udd1; x4b_c=M)yawfE8iFEPGVA6yO5CuPFAWlqO; _gat=1; _ga=GA1.2.166494082.1492279860; id=70a7d5ff3878e84bc0bb2313f1b550db" <"-">
178.19.30.217 - - [17/Apr/2017:20:57:11 +0000] "GET /font/EncodeSans-Bold.ttf HTTP/1.1" 304 0 "https://leakbase.pw/css/main.css" "Mozilla/5.0 (Windows NT 6.1; WOW64) AppleWebKit/537.36 (KHTML, like Gecko) Chrome/57.0.2987.133 Safari/537.36" "__cfduid=db99a8974f4a95a7848119fa69553ee301485429819; leakbase=mbi06fuefa5ujcu2ogo5o2vb45; x4b_f=545YxSSYaFC7Jxt(3njt(4uEk6VfDEa2wrJjWZWmYa9_; legendleak=s386anp4dem87i91o80084udd1; x4b_c=M)yawfE8iFEPGVA6yO5CuPFAWlqO; _gat=1; _ga=GA1.2.166494082.1492279860; id=70a7d5ff3878e84bc0bb2313f1b550db" <"-">
66.215.46.193 - - [17/Apr/2017:20:57:13 +0000] "POST /login.php HTTP/1.1" 200 2040 "https://leakbase.pw/login.php" "Mozilla/5.0 (Windows NT 10.0; Win64; x64) AppleWebKit/537.36 (KHTML, like Gecko) Chrome/58.0.3029.68 Safari/537.36" "leakbase=5sikv9hksop14ir3eq23kr5ne1; _gat=1; _ga=GA1.2.1980188233.1492457970" <"username=hansolo710&password=chocolate1092&g-recaptcha-response=03AOP2lf6oybQfdH3Mn03KzF3aJc_MjM1l49H8vLUFRSFUwT33KI65_8RMfoj1MmaNMAx190XgT0CECyg5_WsOlBJXZheZY3zp9u6YqDCUKXNyookhFvVyOTrZsblceRpv73cAqRFygbD9Dec3AlRkLf_ZST4Heg5dGpxeuYlbF4Nn_xdI3dxbMOtEuVJAtzplJT-kz9S89LKUuYrJcxv6T4jor0rrdP5fQqz1y2T9d9MOi-exuALSkvMR5JSMwEn4w54R7S_t6X5Oa663hf66fxzXUmk4X35oKIEJXdUOPabqIHjNeyanFO37ODuLJdejaEjfPRRCLdJJ">
172.252.126.158 - - [17/Apr/2017:20:57:17 +0000] "POST /login.php HTTP/1.1" 200 2040 "https://leakbase.pw/login.php" "Mozilla/5.0 (Macintosh; Intel Mac OS X 10_12_2) AppleWebKit/537.36 (KHTML, like Gecko) Chrome/57.0.2987.133 Safari/537.36" "leakbase=bft7qiklarm54b7t7oqj8jjid2; legendleak=9elphpphkflfspiv1ldksc4ud2; x4b_f=7ORZDx8zO9VtM4Icc6AU2GM4sn3)kG3N)Bp9Rg55oGF_; x4b_c=M)yawwQu(8YXeCeeelzDahQFxlqV; X-X4B-Pow=4235303; _gat=1; _ga=GA1.2.2087944993.1489833134" <"username=rmtyronerf3&password=lol90909&g-recaptcha-response=03AOP2lf7Vho_1sLKBxUeLg6DvOON39hBR1pbDqv8OzfqIY-13ZVAVuQRIzCsoLBHVmGiXtTVS5bto_39nW-8tdcHUSRiQJtOJMoNxn4Iev2hPh4Wxk8NsaxY-0tbxEyP7iSUnxGylZdmUEBeRhQa6LmcpikptFPIhURk0wSWSrkZM0luO9xskpmzPyDA0gzNiBJhB0a_fEh2vylVezF9tYDtEeddzSPQyBN0OPi60azoKavTFOasna2JlEaDsiPEitTgsjUEjhPMc7nDcjRSfQqM5p3Jnsm-JECF8SaFg-bscV6gzRpBypDTXh0gKBJYxZTsjVIDuGNPOHPPJbUQNd-opV08YDKE97YlFaD1piTlX-FTTTHwY9dk">
149.154.157.41 - - [17/Apr/2017:20:57:25 +0000] "GET /register.php HTTP/1.1" 200 2031 "https://leakbase.pw/login.php" "Mozilla/5.0 (Windows NT 10.0; Win64; x64) AppleWebKit/537.36 (KHTML, like Gecko) Chrome/57.0.2987.133 Safari/537.36" "leakbase=sqdufshuune7rt513n26kcq4i5" <"-">
68.33.93.79 - - [17/Apr/2017:20:57:26 +0000] "GET /payment.php?id=CPBD4VJTSZ7KQYJARDEJ3XSLFF HTTP/1.1" 200 2090 "https://leakbase.pw/payment.php?id=CPBD4VJTSZ7KQYJARDEJ3XSLFF" "Mozilla/5.0 (Windows NT 10.0; Win64; x64) AppleWebKit/537.36 (KHTML, like Gecko) Chrome/57.0.2987.133 Safari/537.36" "leakbase=9mc85a58nskf6h8s4gh8u92bk0; id=132f18dd1c31ab18c6c40e609180b862" <"-">
68.33.93.79 - - [17/Apr/2017:20:57:27 +0000] "GET /css/main.css HTTP/1.1" 200 825 "https://leakbase.pw/payment.php?id=CPBD4VJTSZ7KQYJARDEJ3XSLFF" "Mozilla/5.0 (Windows NT 10.0; Win64; x64) AppleWebKit/537.36 (KHTML, like Gecko) Chrome/57.0.2987.133 Safari/537.36" "leakbase=9mc85a58nskf6h8s4gh8u92bk0; id=132f18dd1c31ab18c6c40e609180b862" <"-">
68.33.93.79 - - [17/Apr/2017:20:57:27 +0000] "GET /css/fontello.css HTTP/1.1" 200 835 "https://leakbase.pw/payment.php?id=CPBD4VJTSZ7KQYJARDEJ3XSLFF" "Mozilla/5.0 (Windows NT 10.0; Win64; x64) AppleWebKit/537.36 (KHTML, like Gecko) Chrome/57.0.2987.133 Safari/537.36" "leakbase=9mc85a58nskf6h8s4gh8u92bk0; id=132f18dd1c31ab18c6c40e609180b862" <"-">
68.33.93.79 - - [17/Apr/2017:20:57:28 +0000] "GET /font/EncodeSans-Bold.ttf HTTP/1.1" 304 0 "https://leakbase.pw/css/main.css" "Mozilla/5.0 (Windows NT 10.0; Win64; x64) AppleWebKit/537.36 (KHTML, like Gecko) Chrome/57.0.2987.133 Safari/537.36" "leakbase=9mc85a58nskf6h8s4gh8u92bk0; id=132f18dd1c31ab18c6c40e609180b862" <"-">
104.36.181.254 - - [17/Apr/2017:20:57:28 +0000] "GET /payment.php?id=CPBD4CPNRIGZPH51T2Z3RK3JWG HTTP/1.1" 200 2035 "-" "Mozilla/5.0 (Windows NT 10.0; WOW64; rv:52.0) Gecko/20100101 Firefox/52.0" "leakbase=75kgdnc5lgfljped1ma64ch617; id=0836ee706c7d287b4ce9ca517c85dc9d" <"-">
172.252.126.158 - - [17/Apr/2017:20:57:29 +0000] "POST /login.php HTTP/1.1" 200 2040 "https://leakbase.pw/login.php" "Mozilla/5.0 (Macintosh; Intel Mac OS X 10_12_2) AppleWebKit/537.36 (KHTML, like Gecko) Chrome/57.0.2987.133 Safari/537.36" "leakbase=bft7qiklarm54b7t7oqj8jjid2; legendleak=9elphpphkflfspiv1ldksc4ud2; x4b_f=7ORZDx8zO9VtM4Icc6AU2GM4sn3)kG3N)Bp9Rg55oGF_; x4b_c=M)yawwQu(8YXeCeeelzDahQFxlqV; X-X4B-Pow=4235303; _gat=1; _ga=GA1.2.2087944993.1489833134" <"username=fucktyrone&password=lol90909&g-recaptcha-response=03AOP2lf6ogefkEzbJv2NDMe70FBH-SgEdiAOvlms_lSpafvDPBeWuvgLMzcBTHz7rjjCZDaJNbBrjCF1tKAOZGZLU8nFs3ZcjFgAuER02nb-049M41mbuRDe8LXK7f-Hpd6Lmy_9WPaMQDGh5vKP1guaxTXDHWQ5x1hdmJidtLyZFPlukYRH6NU08CAiMPKuRmjRZUl7wGCS5hGO_4MwOlpNHgbiVPqanClYJvdl7GTm2YzYMUVWuMworjgD_Li0QmpxU-o9OXUNrv1ZLoRuJDeVOG9Ssuf1pUDSooYWuou9-T-T08UZS2qarm1R1OqeqG-qCasL07lrjrVNQze8-MxHAH2PVPXb0PB0NQuo_sgt-k302qIHTLE7b2aWph7yOmCXkE37lZuUV">
104.36.181.254 - - [17/Apr/2017:20:57:29 +0000] "GET /css/main.css HTTP/1.1" 200 825 "https://leakbase.pw/payment.php?id=CPBD4CPNRIGZPH51T2Z3RK3JWG" "Mozilla/5.0 (Windows NT 10.0; WOW64; rv:52.0) Gecko/20100101 Firefox/52.0" "leakbase=75kgdnc5lgfljped1ma64ch617; id=0836ee706c7d287b4ce9ca517c85dc9d" <"-">
104.36.181.254 - - [17/Apr/2017:20:57:29 +0000] "GET /css/fontello.css HTTP/1.1" 200 835 "https://leakbase.pw/payment.php?id=CPBD4CPNRIGZPH51T2Z3RK3JWG" "Mozilla/5.0 (Windows NT 10.0; WOW64; rv:52.0) Gecko/20100101 Firefox/52.0" "leakbase=75kgdnc5lgfljped1ma64ch617; id=0836ee706c7d287b4ce9ca517c85dc9d" <"-">
86.174.211.219 - - [17/Apr/2017:20:57:30 +0000] "GET /dbs.php HTTP/1.1" 302 0 "https://leakbase.pw/landing.php" "Mozilla/5.0 (Windows NT 10.0; Win64; x64) AppleWebKit/537.36 (KHTML, like Gecko) Chrome/57.0.2987.133 Safari/537.36" "leakbase=m3ki6ts2iujoidt4v32bmbtrh4; _ga=GA1.2.2135884590.1491620053" <"-">
210.54.32.24 - - [17/Apr/2017:20:57:30 +0000] "POST /landing.php HTTP/1.1" 200 2672 "https://leakbase.pw/landing.php" "Mozilla/5.0 (Windows NT 10.0; Win64; x64) AppleWebKit/537.36 (KHTML, like Gecko) Chrome/57.0.2987.133 Safari/537.36" "leakbase=dtrmgfnfqlvlbqjpos5hf11nb5; legendleak=abivlbb7s32u4cpfg73d4b46d2; id=621632c26bc81722fd60a0a94718b009; _ga=GA1.2.703753380.1492443429" <"username=kjkjkj&passwordx=&email=&ip=&firstname=&lastname=&havepermission=accepted&rowsa=50">
86.174.211.219 - - [17/Apr/2017:20:57:31 +0000] "GET /login.php HTTP/1.1" 200 1936 "https://leakbase.pw/landing.php" "Mozilla/5.0 (Windows NT 10.0; Win64; x64) AppleWebKit/537.36 (KHTML, like Gecko) Chrome/57.0.2987.133 Safari/537.36" "leakbase=m3ki6ts2iujoidt4v32bmbtrh4; _ga=GA1.2.2135884590.1491620053" <"-">
108.61.228.94 - - [17/Apr/2017:20:57:31 +0000] "GET / HTTP/1.1" 200 2364 "-" "Mozilla/5.0 (Windows NT 6.3; Win64; x64) AppleWebKit/537.36 (KHTML, like Gecko) Chrome/57.0.2987.133 Safari/537.36" "leakbase=9aehjoqkaa3mgegjjbu0odpk10" <"-">
178.19.30.217 - - [17/Apr/2017:20:57:32 +0000] "GET /payment.php?id=CPBD0RJYFQSKNVOAMCEGNJHBZY HTTP/1.1" 200 2033 "https://leakbase.pw/payment.php?id=CPBD0RJYFQSKNVOAMCEGNJHBZY" "Mozilla/5.0 (Windows NT 6.1; WOW64) AppleWebKit/537.36 (KHTML, like Gecko) Chrome/57.0.2987.133 Safari/537.36" "__cfduid=db99a8974f4a95a7848119fa69553ee301485429819; leakbase=mbi06fuefa5ujcu2ogo5o2vb45; x4b_f=545YxSSYaFC7Jxt(3njt(4uEk6VfDEa2wrJjWZWmYa9_; legendleak=s386anp4dem87i91o80084udd1; x4b_c=M)yawfE8iFEPGVA6yO5CuPFAWlqO; id=70a7d5ff3878e84bc0bb2313f1b550db; _ga=GA1.2.166494082.1492279860" <"-">
178.19.30.217 - - [17/Apr/2017:20:57:32 +0000] "GET /css/main.css HTTP/1.1" 200 825 "https://leakbase.pw/payment.php?id=CPBD0RJYFQSKNVOAMCEGNJHBZY" "Mozilla/5.0 (Windows NT 6.1; WOW64) AppleWebKit/537.36 (KHTML, like Gecko) Chrome/57.0.2987.133 Safari/537.36" "__cfduid=db99a8974f4a95a7848119fa69553ee301485429819; leakbase=mbi06fuefa5ujcu2ogo5o2vb45; x4b_f=545YxSSYaFC7Jxt(3njt(4uEk6VfDEa2wrJjWZWmYa9_; legendleak=s386anp4dem87i91o80084udd1; x4b_c=M)yawfE8iFEPGVA6yO5CuPFAWlqO; _ga=GA1.2.166494082.1492279860; id=70a7d5ff3878e84bc0bb2313f1b550db" <"-">
178.19.30.217 - - [17/Apr/2017:20:57:32 +0000] "GET /css/fontello.css HTTP/1.1" 200 835 "https://leakbase.pw/payment.php?id=CPBD0RJYFQSKNVOAMCEGNJHBZY" "Mozilla/5.0 (Windows NT 6.1; WOW64) AppleWebKit/537.36 (KHTML, like Gecko) Chrome/57.0.2987.133 Safari/537.36" "__cfduid=db99a8974f4a95a7848119fa69553ee301485429819; leakbase=mbi06fuefa5ujcu2ogo5o2vb45; x4b_f=545YxSSYaFC7Jxt(3njt(4uEk6VfDEa2wrJjWZWmYa9_; legendleak=s386anp4dem87i91o80084udd1; x4b_c=M)yawfE8iFEPGVA6yO5CuPFAWlqO; _ga=GA1.2.166494082.1492279860; id=70a7d5ff3878e84bc0bb2313f1b550db" <"-">
178.19.30.217 - - [17/Apr/2017:20:57:33 +0000] "GET /font/EncodeSans-Bold.ttf HTTP/1.1" 304 0 "https://leakbase.pw/css/main.css" "Mozilla/5.0 (Windows NT 6.1; WOW64) AppleWebKit/537.36 (KHTML, like Gecko) Chrome/57.0.2987.133 Safari/537.36" "__cfduid=db99a8974f4a95a7848119fa69553ee301485429819; leakbase=mbi06fuefa5ujcu2ogo5o2vb45; x4b_f=545YxSSYaFC7Jxt(3njt(4uEk6VfDEa2wrJjWZWmYa9_; legendleak=s386anp4dem87i91o80084udd1; x4b_c=M)yawfE8iFEPGVA6yO5CuPFAWlqO; _ga=GA1.2.166494082.1492279860; id=70a7d5ff3878e84bc0bb2313f1b550db" <"-">
185.65.135.93 - - [17/Apr/2017:20:57:41 +0000] "GET / HTTP/1.1" 200 2364 "https://leakbase.pw/login.php" "Mozilla/5.0 (Windows NT 10.0; Win64; x64) AppleWebKit/537.36 (KHTML, like Gecko) Chrome/57.0.2987.133 Safari/537.36" "leakbase=ktlsk80f12ji448qfc1ksaeo62; legendleak=i7h10ru5p1a40dtih85p2ha1f0; x4b_f=J38bx6vFuH9YSEx8aify(FpA1r82Eq8Q0PUL))bleUV_; x4b_c=M)yawwfVdIc2XgDMvsMP1FB9xlqV" <"-">
185.65.135.93 - - [17/Apr/2017:20:57:44 +0000] "GET /login.php HTTP/1.1" 200 1936 "https://leakbase.pw/" "Mozilla/5.0 (Windows NT 10.0; Win64; x64) AppleWebKit/537.36 (KHTML, like Gecko) Chrome/57.0.2987.133 Safari/537.36" "leakbase=ktlsk80f12ji448qfc1ksaeo62; legendleak=i7h10ru5p1a40dtih85p2ha1f0; x4b_f=J38bx6vFuH9YSEx8aify(FpA1r82Eq8Q0PUL))bleUV_; x4b_c=M)yawwfVdIc2XgDMvsMP1FB9xlqV" <"-">
172.252.126.158 - - [17/Apr/2017:20:57:46 +0000] "POST /login.php HTTP/1.1" 200 2040 "https://leakbase.pw/login.php" "Mozilla/5.0 (Macintosh; Intel Mac OS X 10_12_2) AppleWebKit/537.36 (KHTML, like Gecko) Chrome/57.0.2987.133 Safari/537.36" "leakbase=bft7qiklarm54b7t7oqj8jjid2; legendleak=9elphpphkflfspiv1ldksc4ud2; x4b_f=7ORZDx8zO9VtM4Icc6AU2GM4sn3)kG3N)Bp9Rg55oGF_; x4b_c=M)yawwQu(8YXeCeeelzDahQFxlqV; X-X4B-Pow=4235303; _gat=1; _ga=GA1.2.2087944993.1489833134" <"username=innit&password=lol90909&g-recaptcha-response=03AOP2lf7GiAdmF-usSlYeFKFO7tA9AaA8x2ibdpTJRe8y8IGWq61L9opUS3OzrwL6rrP1h4lXDSwS4ITg8SzVGi0caOJ9ns9_hb83Sw7M7Q-PXpB6DWdvImORDz4fGGmqd-3Rh4wBiBHIrFrTARTYpKTGUbMu9FKmh4J3q0as1OJbSdpZHBhlaBP3z7BYKmt-vaCgOopYmIR9271GSBWN2d6tUaadjXfsTtV4sdAgPBQ_rU8WpeYtOVFcWpKdFJjc0sHF-IkXqvp2BoAo_J001t9cYag51LkGldlKpeXUd9CnUCiGARXA71gtD3WIa28gyGUJpQbC-Zz-QursAmzQrQ7jRNWsk-RGFrLZOte_bBkZDhsujQSY4G6UwG5VhWahVHgjqQTAl_J-">
68.33.93.79 - - [17/Apr/2017:20:57:49 +0000] "GET /payment.php?id=CPBD4VJTSZ7KQYJARDEJ3XSLFF HTTP/1.1" 200 2090 "https://leakbase.pw/payment.php?id=CPBD4VJTSZ7KQYJARDEJ3XSLFF" "Mozilla/5.0 (Windows NT 10.0; Win64; x64) AppleWebKit/537.36 (KHTML, like Gecko) Chrome/57.0.2987.133 Safari/537.36" "leakbase=9mc85a58nskf6h8s4gh8u92bk0; id=132f18dd1c31ab18c6c40e609180b862" <"-">
68.33.93.79 - - [17/Apr/2017:20:57:50 +0000] "GET /css/fontello.css HTTP/1.1" 200 835 "https://leakbase.pw/payment.php?id=CPBD4VJTSZ7KQYJARDEJ3XSLFF" "Mozilla/5.0 (Windows NT 10.0; Win64; x64) AppleWebKit/537.36 (KHTML, like Gecko) Chrome/57.0.2987.133 Safari/537.36" "leakbase=9mc85a58nskf6h8s4gh8u92bk0; id=132f18dd1c31ab18c6c40e609180b862" <"-">
68.33.93.79 - - [17/Apr/2017:20:57:50 +0000] "GET /css/main.css HTTP/1.1" 200 825 "https://leakbase.pw/payment.php?id=CPBD4VJTSZ7KQYJARDEJ3XSLFF" "Mozilla/5.0 (Windows NT 10.0; Win64; x64) AppleWebKit/537.36 (KHTML, like Gecko) Chrome/57.0.2987.133 Safari/537.36" "leakbase=9mc85a58nskf6h8s4gh8u92bk0; id=132f18dd1c31ab18c6c40e609180b862" <"-">
68.33.93.79 - - [17/Apr/2017:20:57:51 +0000] "GET /font/EncodeSans-Bold.ttf HTTP/1.1" 304 0 "https://leakbase.pw/css/main.css" "Mozilla/5.0 (Windows NT 10.0; Win64; x64) AppleWebKit/537.36 (KHTML, like Gecko) Chrome/57.0.2987.133 Safari/537.36" "leakbase=9mc85a58nskf6h8s4gh8u92bk0; id=132f18dd1c31ab18c6c40e609180b862" <"-">
103.242.109.55 - - [17/Apr/2017:20:57:51 +0000] "GET / HTTP/1.1" 200 2364 "-" "python-requests/2.10.0" "-" <"-">
104.36.181.254 - - [17/Apr/2017:20:57:51 +0000] "GET /payment.php?id=CPBD4CPNRIGZPH51T2Z3RK3JWG HTTP/1.1" 200 2035 "-" "Mozilla/5.0 (Windows NT 10.0; WOW64; rv:52.0) Gecko/20100101 Firefox/52.0" "leakbase=75kgdnc5lgfljped1ma64ch617; id=0836ee706c7d287b4ce9ca517c85dc9d" <"-">
104.36.181.254 - - [17/Apr/2017:20:57:51 +0000] "GET /css/main.css HTTP/1.1" 200 825 "https://leakbase.pw/payment.php?id=CPBD4CPNRIGZPH51T2Z3RK3JWG" "Mozilla/5.0 (Windows NT 10.0; WOW64; rv:52.0) Gecko/20100101 Firefox/52.0" "leakbase=75kgdnc5lgfljped1ma64ch617; id=0836ee706c7d287b4ce9ca517c85dc9d" <"-">
104.36.181.254 - - [17/Apr/2017:20:57:51 +0000] "GET /css/fontello.css HTTP/1.1" 200 835 "https://leakbase.pw/payment.php?id=CPBD4CPNRIGZPH51T2Z3RK3JWG" "Mozilla/5.0 (Windows NT 10.0; WOW64; rv:52.0) Gecko/20100101 Firefox/52.0" "leakbase=75kgdnc5lgfljped1ma64ch617; id=0836ee706c7d287b4ce9ca517c85dc9d" <"-">
82.174.102.50 - - [17/Apr/2017:20:57:52 +0000] "GET / HTTP/1.1" 200 2364 "-" "Mozilla/5.0 (Windows NT 10.0; Win64; x64) AppleWebKit/537.36 (KHTML, like Gecko) Chrome/57.0.2987.133 Safari/537.36" "leakbase=mgsqhab3uj1lflr08ona693kb5; x4b_f=9w5WjpSvpvRcur1nN6eqEXvMX7WLo1FcckT8H1CEwQV_; x4b_c=M)yawTnKGRWd(ydXUJG2ut9d2laQ; _ga=GA1.2.888132988.1491943821" <"-">
82.174.102.50 - - [17/Apr/2017:20:57:53 +0000] "GET /css/main.css HTTP/1.1" 200 825 "https://leakbase.pw/" "Mozilla/5.0 (Windows NT 10.0; Win64; x64) AppleWebKit/537.36 (KHTML, like Gecko) Chrome/57.0.2987.133 Safari/537.36" "leakbase=mgsqhab3uj1lflr08ona693kb5; x4b_f=9w5WjpSvpvRcur1nN6eqEXvMX7WLo1FcckT8H1CEwQV_; x4b_c=M)yawTnKGRWd(ydXUJG2ut9d2laQ; _ga=GA1.2.888132988.1491943821" <"-">
82.174.102.50 - - [17/Apr/2017:20:57:54 +0000] "GET /font/EncodeSans-Bold.ttf HTTP/1.1" 304 0 "https://leakbase.pw/css/main.css" "Mozilla/5.0 (Windows NT 10.0; Win64; x64) AppleWebKit/537.36 (KHTML, like Gecko) Chrome/57.0.2987.133 Safari/537.36" "leakbase=mgsqhab3uj1lflr08ona693kb5; x4b_f=9w5WjpSvpvRcur1nN6eqEXvMX7WLo1FcckT8H1CEwQV_; x4b_c=M)yawTnKGRWd(ydXUJG2ut9d2laQ; _ga=GA1.2.888132988.1491943821" <"-">
178.19.30.217 - - [17/Apr/2017:20:57:54 +0000] "GET /payment.php?id=CPBD0RJYFQSKNVOAMCEGNJHBZY HTTP/1.1" 200 2033 "https://leakbase.pw/payment.php?id=CPBD0RJYFQSKNVOAMCEGNJHBZY" "Mozilla/5.0 (Windows NT 6.1; WOW64) AppleWebKit/537.36 (KHTML, like Gecko) Chrome/57.0.2987.133 Safari/537.36" "__cfduid=db99a8974f4a95a7848119fa69553ee301485429819; leakbase=mbi06fuefa5ujcu2ogo5o2vb45; x4b_f=545YxSSYaFC7Jxt(3njt(4uEk6VfDEa2wrJjWZWmYa9_; legendleak=s386anp4dem87i91o80084udd1; x4b_c=M)yawfE8iFEPGVA6yO5CuPFAWlqO; id=70a7d5ff3878e84bc0bb2313f1b550db; _ga=GA1.2.166494082.1492279860; _gat=1" <"-">
178.19.30.217 - - [17/Apr/2017:20:57:55 +0000] "GET /css/main.css HTTP/1.1" 200 825 "https://leakbase.pw/payment.php?id=CPBD0RJYFQSKNVOAMCEGNJHBZY" "Mozilla/5.0 (Windows NT 6.1; WOW64) AppleWebKit/537.36 (KHTML, like Gecko) Chrome/57.0.2987.133 Safari/537.36" "__cfduid=db99a8974f4a95a7848119fa69553ee301485429819; leakbase=mbi06fuefa5ujcu2ogo5o2vb45; x4b_f=545YxSSYaFC7Jxt(3njt(4uEk6VfDEa2wrJjWZWmYa9_; legendleak=s386anp4dem87i91o80084udd1; x4b_c=M)yawfE8iFEPGVA6yO5CuPFAWlqO; _ga=GA1.2.166494082.1492279860; _gat=1; id=70a7d5ff3878e84bc0bb2313f1b550db" <"-">
178.19.30.217 - - [17/Apr/2017:20:57:55 +0000] "GET /css/fontello.css HTTP/1.1" 200 835 "https://leakbase.pw/payment.php?id=CPBD0RJYFQSKNVOAMCEGNJHBZY" "Mozilla/5.0 (Windows NT 6.1; WOW64) AppleWebKit/537.36 (KHTML, like Gecko) Chrome/57.0.2987.133 Safari/537.36" "__cfduid=db99a8974f4a95a7848119fa69553ee301485429819; leakbase=mbi06fuefa5ujcu2ogo5o2vb45; x4b_f=545YxSSYaFC7Jxt(3njt(4uEk6VfDEa2wrJjWZWmYa9_; legendleak=s386anp4dem87i91o80084udd1; x4b_c=M)yawfE8iFEPGVA6yO5CuPFAWlqO; _ga=GA1.2.166494082.1492279860; _gat=1; id=70a7d5ff3878e84bc0bb2313f1b550db" <"-">
178.19.30.217 - - [17/Apr/2017:20:57:56 +0000] "GET /font/EncodeSans-Bold.ttf HTTP/1.1" 304 0 "https://leakbase.pw/css/main.css" "Mozilla/5.0 (Windows NT 6.1; WOW64) AppleWebKit/537.36 (KHTML, like Gecko) Chrome/57.0.2987.133 Safari/537.36" "__cfduid=db99a8974f4a95a7848119fa69553ee301485429819; leakbase=mbi06fuefa5ujcu2ogo5o2vb45; x4b_f=545YxSSYaFC7Jxt(3njt(4uEk6VfDEa2wrJjWZWmYa9_; legendleak=s386anp4dem87i91o80084udd1; x4b_c=M)yawfE8iFEPGVA6yO5CuPFAWlqO; _ga=GA1.2.166494082.1492279860; _gat=1; id=70a7d5ff3878e84bc0bb2313f1b550db" <"-">
82.174.102.50 - - [17/Apr/2017:20:57:57 +0000] "GET /landing.php HTTP/1.1" 200 2654 "https://leakbase.pw/" "Mozilla/5.0 (Windows NT 10.0; Win64; x64) AppleWebKit/537.36 (KHTML, like Gecko) Chrome/57.0.2987.133 Safari/537.36" "leakbase=mgsqhab3uj1lflr08ona693kb5; x4b_f=9w5WjpSvpvRcur1nN6eqEXvMX7WLo1FcckT8H1CEwQV_; x4b_c=M)yawTnKGRWd(ydXUJG2ut9d2laQ; _ga=GA1.2.888132988.1491943821; _gat=1" <"-">
82.174.102.50 - - [17/Apr/2017:20:57:57 +0000] "GET /css/fontello.css HTTP/1.1" 200 835 "https://leakbase.pw/landing.php" "Mozilla/5.0 (Windows NT 10.0; Win64; x64) AppleWebKit/537.36 (KHTML, like Gecko) Chrome/57.0.2987.133 Safari/537.36" "leakbase=mgsqhab3uj1lflr08ona693kb5; x4b_f=9w5WjpSvpvRcur1nN6eqEXvMX7WLo1FcckT8H1CEwQV_; x4b_c=M)yawTnKGRWd(ydXUJG2ut9d2laQ; _ga=GA1.2.888132988.1491943821; _gat=1" <"-">
82.174.102.50 - - [17/Apr/2017:20:57:57 +0000] "GET /css/darkly.css HTTP/1.1" 200 20782 "https://leakbase.pw/landing.php" "Mozilla/5.0 (Windows NT 10.0; Win64; x64) AppleWebKit/537.36 (KHTML, like Gecko) Chrome/57.0.2987.133 Safari/537.36" "leakbase=mgsqhab3uj1lflr08ona693kb5; x4b_f=9w5WjpSvpvRcur1nN6eqEXvMX7WLo1FcckT8H1CEwQV_; x4b_c=M)yawTnKGRWd(ydXUJG2ut9d2laQ; _ga=GA1.2.888132988.1491943821; _gat=1" <"-">
82.174.102.50 - - [17/Apr/2017:20:57:58 +0000] "GET /font/fontello.woff2?34074438 HTTP/1.1" 304 0 "https://leakbase.pw/css/fontello.css" "Mozilla/5.0 (Windows NT 10.0; Win64; x64) AppleWebKit/537.36 (KHTML, like Gecko) Chrome/57.0.2987.133 Safari/537.36" "leakbase=mgsqhab3uj1lflr08ona693kb5; x4b_f=9w5WjpSvpvRcur1nN6eqEXvMX7WLo1FcckT8H1CEwQV_; x4b_c=M)yawTnKGRWd(ydXUJG2ut9d2laQ; _ga=GA1.2.888132988.1491943821; _gat=1" <"-">
86.3.98.17 - - [17/Apr/2017:20:57:59 +0000] "GET /tos.php HTTP/1.1" 200 3523 "https://leakbase.pw/login.php" "Mozilla/5.0 (Macintosh; Intel Mac OS X 10_12_2) AppleWebKit/537.36 (KHTML, like Gecko) Chrome/57.0.2987.133 Safari/537.36" "leakbase=bft7qiklarm54b7t7oqj8jjid2; legendleak=9elphpphkflfspiv1ldksc4ud2; x4b_f=7ORZDx8zO9VtM4Icc6AU2GM4sn3)kG3N)Bp9Rg55oGF_; x4b_c=M)yawwQu(8YXeCeeelzDahQFxlqV; X-X4B-Pow=4235303; _ga=GA1.2.2087944993.1489833134" <"-">
86.3.98.17 - - [17/Apr/2017:20:58:01 +0000] "GET /login.php HTTP/1.1" 200 1936 "https://leakbase.pw/tos.php" "Mozilla/5.0 (Macintosh; Intel Mac OS X 10_12_2) AppleWebKit/537.36 (KHTML, like Gecko) Chrome/57.0.2987.133 Safari/537.36" "leakbase=bft7qiklarm54b7t7oqj8jjid2; legendleak=9elphpphkflfspiv1ldksc4ud2; x4b_f=7ORZDx8zO9VtM4Icc6AU2GM4sn3)kG3N)Bp9Rg55oGF_; x4b_c=M)yawwQu(8YXeCeeelzDahQFxlqV; X-X4B-Pow=4235303; _ga=GA1.2.2087944993.1489833134; _gat=1" <"-">
149.154.157.41 - - [17/Apr/2017:20:58:07 +0000] "POST /register.php HTTP/1.1" 200 2137 "https://leakbase.pw/register.php" "Mozilla/5.0 (Windows NT 10.0; Win64; x64) AppleWebKit/537.36 (KHTML, like Gecko) Chrome/57.0.2987.133 Safari/537.36" "leakbase=sqdufshuune7rt513n26kcq4i5" <"username=blahblah54089&email=&password=blahblah54089&cpassword=blahblah54089&accepttos=accepted&g-recaptcha-response=03AOP2lf6uRZ-fMhRD6XZirsQCNQhd-2cz41LXD2YjTqRUoKUd6q7S-5LwEnVjMotoH_e86e27OM0lL36FpVohLDQC4l4o5hgJF48JhJD-QIM-qoRutvtdxQRjfZAPeBLhsa-d0jtBp84hQ8axxTZAgc2bgi-8lWxQHWLjZMeVkmqp1c-SaM6NnUOX4-epfMcpiRemwz8MHZvxMqMhzPAKDafK7LLuI8hnJFhF-Wj0fNJdamcdp-MiLQtLFe0rnY4RXamMVkJ0OOMy5akmydV9rMugWq3jLqUCHF5k9ohYxBpwCJ4uJfp2SlhOUhBkTGUlCeUIJ-9VyoY3">
149.154.157.41 - - [17/Apr/2017:20:58:11 +0000] "GET /login.php HTTP/1.1" 200 1936 "https://leakbase.pw/register.php" "Mozilla/5.0 (Windows NT 10.0; Win64; x64) AppleWebKit/537.36 (KHTML, like Gecko) Chrome/57.0.2987.133 Safari/537.36" "leakbase=sqdufshuune7rt513n26kcq4i5" <"-">
68.33.93.79 - - [17/Apr/2017:20:58:11 +0000] "GET /payment.php?id=CPBD4VJTSZ7KQYJARDEJ3XSLFF HTTP/1.1" 200 2090 "https://leakbase.pw/payment.php?id=CPBD4VJTSZ7KQYJARDEJ3XSLFF" "Mozilla/5.0 (Windows NT 10.0; Win64; x64) AppleWebKit/537.36 (KHTML, like Gecko) Chrome/57.0.2987.133 Safari/537.36" "leakbase=9mc85a58nskf6h8s4gh8u92bk0; id=132f18dd1c31ab18c6c40e609180b862" <"-">
68.33.93.79 - - [17/Apr/2017:20:58:12 +0000] "GET /css/main.css HTTP/1.1" 200 825 "https://leakbase.pw/payment.php?id=CPBD4VJTSZ7KQYJARDEJ3XSLFF" "Mozilla/5.0 (Windows NT 10.0; Win64; x64) AppleWebKit/537.36 (KHTML, like Gecko) Chrome/57.0.2987.133 Safari/537.36" "leakbase=9mc85a58nskf6h8s4gh8u92bk0; id=132f18dd1c31ab18c6c40e609180b862" <"-">
68.33.93.79 - - [17/Apr/2017:20:58:12 +0000] "GET /css/fontello.css HTTP/1.1" 200 835 "https://leakbase.pw/payment.php?id=CPBD4VJTSZ7KQYJARDEJ3XSLFF" "Mozilla/5.0 (Windows NT 10.0; Win64; x64) AppleWebKit/537.36 (KHTML, like Gecko) Chrome/57.0.2987.133 Safari/537.36" "leakbase=9mc85a58nskf6h8s4gh8u92bk0; id=132f18dd1c31ab18c6c40e609180b862" <"-">
86.3.98.17 - - [17/Apr/2017:20:58:12 +0000] "POST /login.php HTTP/1.1" 200 2040 "https://leakbase.pw/login.php" "Mozilla/5.0 (Macintosh; Intel Mac OS X 10_12_2) AppleWebKit/537.36 (KHTML, like Gecko) Chrome/57.0.2987.133 Safari/537.36" "leakbase=bft7qiklarm54b7t7oqj8jjid2; legendleak=9elphpphkflfspiv1ldksc4ud2; x4b_f=7ORZDx8zO9VtM4Icc6AU2GM4sn3)kG3N)Bp9Rg55oGF_; x4b_c=M)yawwQu(8YXeCeeelzDahQFxlqV; X-X4B-Pow=4235303; _gat=1; _ga=GA1.2.2087944993.1489833134" <"username=innitbruv&password=lol90909&g-recaptcha-response=03AOP2lf5sxVXFHhNhcwlZPxTUlVIaWdIWLNUjtCxx1yOs9umD85XsricT9snCSWz536rnBhq8-t6IiTNNGfvHoulg4YzD81aqa8CAuPYI9BykRmZlYCrTWZRpfAHYSkf7GQvHwfUjHn0j2evmShsSh0lIz9ElwZYUhhLI_oVSc9DZBDHmsWMmM2DzSexicHcGFyEXaNGzw6F13JD7B7N3GQt7Nzg6z0Z9FZQtsOkDs8xa2I1D9-4mpisPSmhZ6br2mItnNFCufO8ec4uKDxziXygi9H5VSRshUaIwD2VTVlFr1VJBbwOENscBXhUrRE0tXzbqXLsWGdp1BkUcL3ar9RxiRsbf9L7bGyFf2Qv9K4j0jXC9vyiaVEk">
68.33.93.79 - - [17/Apr/2017:20:58:13 +0000] "GET /font/EncodeSans-Bold.ttf HTTP/1.1" 304 0 "https://leakbase.pw/css/main.css" "Mozilla/5.0 (Windows NT 10.0; Win64; x64) AppleWebKit/537.36 (KHTML, like Gecko) Chrome/57.0.2987.133 Safari/537.36" "leakbase=9mc85a58nskf6h8s4gh8u92bk0; id=132f18dd1c31ab18c6c40e609180b862" <"-">
104.36.181.254 - - [17/Apr/2017:20:58:13 +0000] "GET /payment.php?id=CPBD4CPNRIGZPH51T2Z3RK3JWG HTTP/1.1" 200 2035 "-" "Mozilla/5.0 (Windows NT 10.0; WOW64; rv:52.0) Gecko/20100101 Firefox/52.0" "leakbase=75kgdnc5lgfljped1ma64ch617; id=0836ee706c7d287b4ce9ca517c85dc9d" <"-">
104.36.181.254 - - [17/Apr/2017:20:58:14 +0000] "GET /css/fontello.css HTTP/1.1" 200 835 "https://leakbase.pw/payment.php?id=CPBD4CPNRIGZPH51T2Z3RK3JWG" "Mozilla/5.0 (Windows NT 10.0; WOW64; rv:52.0) Gecko/20100101 Firefox/52.0" "leakbase=75kgdnc5lgfljped1ma64ch617; id=0836ee706c7d287b4ce9ca517c85dc9d" <"-">
104.36.181.254 - - [17/Apr/2017:20:58:14 +0000] "GET /css/main.css HTTP/1.1" 200 825 "https://leakbase.pw/payment.php?id=CPBD4CPNRIGZPH51T2Z3RK3JWG" "Mozilla/5.0 (Windows NT 10.0; WOW64; rv:52.0) Gecko/20100101 Firefox/52.0" "leakbase=75kgdnc5lgfljped1ma64ch617; id=0836ee706c7d287b4ce9ca517c85dc9d" <"-">
178.19.30.217 - - [17/Apr/2017:20:58:17 +0000] "GET /payment.php?id=CPBD0RJYFQSKNVOAMCEGNJHBZY HTTP/1.1" 200 2033 "https://leakbase.pw/payment.php?id=CPBD0RJYFQSKNVOAMCEGNJHBZY" "Mozilla/5.0 (Windows NT 6.1; WOW64) AppleWebKit/537.36 (KHTML, like Gecko) Chrome/57.0.2987.133 Safari/537.36" "__cfduid=db99a8974f4a95a7848119fa69553ee301485429819; leakbase=mbi06fuefa5ujcu2ogo5o2vb45; x4b_f=545YxSSYaFC7Jxt(3njt(4uEk6VfDEa2wrJjWZWmYa9_; legendleak=s386anp4dem87i91o80084udd1; x4b_c=M)yawfE8iFEPGVA6yO5CuPFAWlqO; _gat=1; id=70a7d5ff3878e84bc0bb2313f1b550db; _ga=GA1.2.166494082.1492279860" <"-">
178.19.30.217 - - [17/Apr/2017:20:58:18 +0000] "GET /css/fontello.css HTTP/1.1" 200 835 "https://leakbase.pw/payment.php?id=CPBD0RJYFQSKNVOAMCEGNJHBZY" "Mozilla/5.0 (Windows NT 6.1; WOW64) AppleWebKit/537.36 (KHTML, like Gecko) Chrome/57.0.2987.133 Safari/537.36" "__cfduid=db99a8974f4a95a7848119fa69553ee301485429819; leakbase=mbi06fuefa5ujcu2ogo5o2vb45; x4b_f=545YxSSYaFC7Jxt(3njt(4uEk6VfDEa2wrJjWZWmYa9_; legendleak=s386anp4dem87i91o80084udd1; x4b_c=M)yawfE8iFEPGVA6yO5CuPFAWlqO; _gat=1; _ga=GA1.2.166494082.1492279860; id=70a7d5ff3878e84bc0bb2313f1b550db" <"-">
178.19.30.217 - - [17/Apr/2017:20:58:18 +0000] "GET /css/main.css HTTP/1.1" 200 825 "https://leakbase.pw/payment.php?id=CPBD0RJYFQSKNVOAMCEGNJHBZY" "Mozilla/5.0 (Windows NT 6.1; WOW64) AppleWebKit/537.36 (KHTML, like Gecko) Chrome/57.0.2987.133 Safari/537.36" "__cfduid=db99a8974f4a95a7848119fa69553ee301485429819; leakbase=mbi06fuefa5ujcu2ogo5o2vb45; x4b_f=545YxSSYaFC7Jxt(3njt(4uEk6VfDEa2wrJjWZWmYa9_; legendleak=s386anp4dem87i91o80084udd1; x4b_c=M)yawfE8iFEPGVA6yO5CuPFAWlqO; _gat=1; _ga=GA1.2.166494082.1492279860; id=70a7d5ff3878e84bc0bb2313f1b550db" <"-">
178.19.30.217 - - [17/Apr/2017:20:58:18 +0000] "GET /font/EncodeSans-Bold.ttf HTTP/1.1" 304 0 "https://leakbase.pw/css/main.css" "Mozilla/5.0 (Windows NT 6.1; WOW64) AppleWebKit/537.36 (KHTML, like Gecko) Chrome/57.0.2987.133 Safari/537.36" "__cfduid=db99a8974f4a95a7848119fa69553ee301485429819; leakbase=mbi06fuefa5ujcu2ogo5o2vb45; x4b_f=545YxSSYaFC7Jxt(3njt(4uEk6VfDEa2wrJjWZWmYa9_; legendleak=s386anp4dem87i91o80084udd1; x4b_c=M)yawfE8iFEPGVA6yO5CuPFAWlqO; _gat=1; _ga=GA1.2.166494082.1492279860; id=70a7d5ff3878e84bc0bb2313f1b550db" <"-">
217.73.141.38 - - [17/Apr/2017:20:58:25 +0000] "GET / HTTP/1.1" 200 2364 "-" "Mozilla/5.0 (Windows NT 10.0; Win64; x64) AppleWebKit/537.36 (KHTML, like Gecko) Chrome/57.0.2987.133 Safari/537.36" "-" <"-">
217.73.141.38 - - [17/Apr/2017:20:58:25 +0000] "GET /css/main.css HTTP/1.1" 200 825 "https://leakbase.pw/" "Mozilla/5.0 (Windows NT 10.0; Win64; x64) AppleWebKit/537.36 (KHTML, like Gecko) Chrome/57.0.2987.133 Safari/537.36" "leakbase=arj1jdajo68ldlfkiq4qch5b71" <"-">
217.73.141.38 - - [17/Apr/2017:20:58:27 +0000] "GET /font/EncodeSans-Bold.ttf HTTP/1.1" 200 196084 "https://leakbase.pw/css/main.css" "Mozilla/5.0 (Windows NT 10.0; Win64; x64) AppleWebKit/537.36 (KHTML, like Gecko) Chrome/57.0.2987.133 Safari/537.36" "leakbase=arj1jdajo68ldlfkiq4qch5b71" <"-">
68.33.93.79 - - [17/Apr/2017:20:58:35 +0000] "GET /payment.php?id=CPBD4VJTSZ7KQYJARDEJ3XSLFF HTTP/1.1" 200 2090 "https://leakbase.pw/payment.php?id=CPBD4VJTSZ7KQYJARDEJ3XSLFF" "Mozilla/5.0 (Windows NT 10.0; Win64; x64) AppleWebKit/537.36 (KHTML, like Gecko) Chrome/57.0.2987.133 Safari/537.36" "leakbase=9mc85a58nskf6h8s4gh8u92bk0; id=132f18dd1c31ab18c6c40e609180b862" <"-">
68.33.93.79 - - [17/Apr/2017:20:58:35 +0000] "GET /css/main.css HTTP/1.1" 200 825 "https://leakbase.pw/payment.php?id=CPBD4VJTSZ7KQYJARDEJ3XSLFF" "Mozilla/5.0 (Windows NT 10.0; Win64; x64) AppleWebKit/537.36 (KHTML, like Gecko) Chrome/57.0.2987.133 Safari/537.36" "leakbase=9mc85a58nskf6h8s4gh8u92bk0; id=132f18dd1c31ab18c6c40e609180b862" <"-">
68.33.93.79 - - [17/Apr/2017:20:58:36 +0000] "GET /css/fontello.css HTTP/1.1" 200 835 "https://leakbase.pw/payment.php?id=CPBD4VJTSZ7KQYJARDEJ3XSLFF" "Mozilla/5.0 (Windows NT 10.0; Win64; x64) AppleWebKit/537.36 (KHTML, like Gecko) Chrome/57.0.2987.133 Safari/537.36" "leakbase=9mc85a58nskf6h8s4gh8u92bk0; id=132f18dd1c31ab18c6c40e609180b862" <"-">
104.36.181.254 - - [17/Apr/2017:20:58:36 +0000] "GET /payment.php?id=CPBD4CPNRIGZPH51T2Z3RK3JWG HTTP/1.1" 200 2035 "-" "Mozilla/5.0 (Windows NT 10.0; WOW64; rv:52.0) Gecko/20100101 Firefox/52.0" "leakbase=75kgdnc5lgfljped1ma64ch617; id=0836ee706c7d287b4ce9ca517c85dc9d" <"-">
68.33.93.79 - - [17/Apr/2017:20:58:36 +0000] "GET /font/EncodeSans-Bold.ttf HTTP/1.1" 304 0 "https://leakbase.pw/css/main.css" "Mozilla/5.0 (Windows NT 10.0; Win64; x64) AppleWebKit/537.36 (KHTML, like Gecko) Chrome/57.0.2987.133 Safari/537.36" "leakbase=9mc85a58nskf6h8s4gh8u92bk0; id=132f18dd1c31ab18c6c40e609180b862" <"-">
24.90.109.111 - - [17/Apr/2017:20:58:37 +0000] "GET / HTTP/1.1" 200 2364 "-" "Mozilla/5.0 (Windows NT 10.0; WOW64; rv:52.0) Gecko/20100101 Firefox/52.0" "-" <"-">
104.36.181.254 - - [17/Apr/2017:20:58:38 +0000] "GET /css/fontello.css HTTP/1.1" 200 835 "https://leakbase.pw/payment.php?id=CPBD4CPNRIGZPH51T2Z3RK3JWG" "Mozilla/5.0 (Windows NT 10.0; WOW64; rv:52.0) Gecko/20100101 Firefox/52.0" "leakbase=75kgdnc5lgfljped1ma64ch617; id=0836ee706c7d287b4ce9ca517c85dc9d" <"-">
104.36.181.254 - - [17/Apr/2017:20:58:38 +0000] "GET /css/main.css HTTP/1.1" 200 825 "https://leakbase.pw/payment.php?id=CPBD4CPNRIGZPH51T2Z3RK3JWG" "Mozilla/5.0 (Windows NT 10.0; WOW64; rv:52.0) Gecko/20100101 Firefox/52.0" "leakbase=75kgdnc5lgfljped1ma64ch617; id=0836ee706c7d287b4ce9ca517c85dc9d" <"-">
86.3.98.17 - - [17/Apr/2017:20:58:38 +0000] "POST /login.php HTTP/1.1" 200 2040 "https://leakbase.pw/login.php" "Mozilla/5.0 (Macintosh; Intel Mac OS X 10_12_2) AppleWebKit/537.36 (KHTML, like Gecko) Chrome/57.0.2987.133 Safari/537.36" "leakbase=bft7qiklarm54b7t7oqj8jjid2; legendleak=9elphpphkflfspiv1ldksc4ud2; x4b_f=7ORZDx8zO9VtM4Icc6AU2GM4sn3)kG3N)Bp9Rg55oGF_; x4b_c=M)yawwQu(8YXeCeeelzDahQFxlqV; X-X4B-Pow=4235303; _gat=1; _ga=GA1.2.2087944993.1489833134" <"username=innit+bruv&password=lol90909&g-recaptcha-response=03AOP2lf5P5qylCwmX91HoM72SZcKUmCkbl5asmb1pYTTqQyR9EE-ljuk7LQTvByIA248t8SBLjJA6oR9pHJW-w33OUEHpXH-dCRxZ_jQlkTeyjqS__f7DbGAc8HrzBrSkAPm4amU77EAzmQ6CEI9xVCEzeP61FtzYDMeRxp0Lw8AZnMuYzJnhCKM30fSf7JcIgWmXVYPdulnu83_as4ardudJClGVVoO9JgQ0R42_zA3DGuyqYQrKb2dAMfDsWXIzQgyVy1AjMR3cAQT9JAx97wu76UxKdQusb0uaN4reexH1DoZpkQNc-geA5FnU_RAOgf-D_PxUTdtx-zyVJwJ-GIhRDNm1VSU4JkmLiqbg1jImzlyuIob09Yo">
24.90.109.111 - - [17/Apr/2017:20:58:39 +0000] "GET /css/main.css HTTP/1.1" 200 825 "https://leakbase.pw/" "Mozilla/5.0 (Windows NT 10.0; WOW64; rv:52.0) Gecko/20100101 Firefox/52.0" "leakbase=8kijbjff2b1gs84j8pg00m7lo7" <"-">
