========================
Leak by Digital Gangster
========================

149.154.157.41 - - [17/Apr/2017:20:44:20 +0000] "POST /login.php HTTP/1.1" 200 2044 "https://45.119.208.101/login.php" "Mozilla/5.0 (Windows NT 10.0; Win64; x64) AppleWebKit/537.36 (KHTML, like Gecko) Chrome/57.0.2987.133 Safari/537.36" "leakbase=sop7utonjqig1smhov6v66hlt0" <"username=imgay&password=imgay&g-recaptcha-response=">
149.154.157.41 - - [17/Apr/2017:20:44:21 +0000] "GET /favicon-16x16.png HTTP/1.1" 200 716 "https://45.119.208.101/login.php" "Mozilla/5.0 (Windows NT 10.0; Win64; x64) AppleWebKit/537.36 (KHTML, like Gecko) Chrome/57.0.2987.133 Safari/537.36" "leakbase=sop7utonjqig1smhov6v66hlt0" <"-">
185.65.135.93 - - [17/Apr/2017:20:46:19 +0000] "GET / HTTP/1.1" 200 2364 "-" "Mozilla/5.0 (Windows NT 10.0; Win64; x64) AppleWebKit/537.36 (KHTML, like Gecko) Chrome/57.0.2987.133 Safari/537.36" "leakbase=gn0sgv7fnqag3022m7jdo5hvb0" <"-">
185.65.135.93 - - [17/Apr/2017:20:46:19 +0000] "GET /css/main.css HTTP/1.1" 200 825 "https://45.119.208.101/" "Mozilla/5.0 (Windows NT 10.0; Win64; x64) AppleWebKit/537.36 (KHTML, like Gecko) Chrome/57.0.2987.133 Safari/537.36" "leakbase=gn0sgv7fnqag3022m7jdo5hvb0" <"-">
185.65.135.93 - - [17/Apr/2017:20:46:20 +0000] "GET /images/bolt.png HTTP/1.1" 200 1807 "https://45.119.208.101/" "Mozilla/5.0 (Windows NT 10.0; Win64; x64) AppleWebKit/537.36 (KHTML, like Gecko) Chrome/57.0.2987.133 Safari/537.36" "leakbase=gn0sgv7fnqag3022m7jdo5hvb0" <"-">
185.65.135.93 - - [17/Apr/2017:20:46:20 +0000] "GET /images/glass.png HTTP/1.1" 200 1636 "https://45.119.208.101/" "Mozilla/5.0 (Windows NT 10.0; Win64; x64) AppleWebKit/537.36 (KHTML, like Gecko) Chrome/57.0.2987.133 Safari/537.36" "leakbase=gn0sgv7fnqag3022m7jdo5hvb0" <"-">
185.65.135.93 - - [17/Apr/2017:20:46:21 +0000] "GET /images/coin.png HTTP/1.1" 200 2791 "https://45.119.208.101/" "Mozilla/5.0 (Windows NT 10.0; Win64; x64) AppleWebKit/537.36 (KHTML, like Gecko) Chrome/57.0.2987.133 Safari/537.36" "leakbase=gn0sgv7fnqag3022m7jdo5hvb0" <"-">
185.65.135.93 - - [17/Apr/2017:20:46:21 +0000] "GET /images/section1.png HTTP/1.1" 200 33702 "https://45.119.208.101/" "Mozilla/5.0 (Windows NT 10.0; Win64; x64) AppleWebKit/537.36 (KHTML, like Gecko) Chrome/57.0.2987.133 Safari/537.36" "leakbase=gn0sgv7fnqag3022m7jdo5hvb0" <"-">
185.65.135.93 - - [17/Apr/2017:20:46:21 +0000] "GET /font/EncodeSans-Bold.ttf HTTP/1.1" 200 196084 "https://45.119.208.101/css/main.css" "Mozilla/5.0 (Windows NT 10.0; Win64; x64) AppleWebKit/537.36 (KHTML, like Gecko) Chrome/57.0.2987.133 Safari/537.36" "leakbase=gn0sgv7fnqag3022m7jdo5hvb0" <"-">
185.65.135.93 - - [17/Apr/2017:20:46:21 +0000] "GET /images/bg.jpg HTTP/1.1" 200 237800 "https://45.119.208.101/css/main.css" "Mozilla/5.0 (Windows NT 10.0; Win64; x64) AppleWebKit/537.36 (KHTML, like Gecko) Chrome/57.0.2987.133 Safari/537.36" "leakbase=gn0sgv7fnqag3022m7jdo5hvb0" <"-">
185.65.135.93 - - [17/Apr/2017:20:46:22 +0000] "GET /favicon-16x16.png HTTP/1.1" 200 716 "https://45.119.208.101/" "Mozilla/5.0 (Windows NT 10.0; Win64; x64) AppleWebKit/537.36 (KHTML, like Gecko) Chrome/57.0.2987.133 Safari/537.36" "leakbase=gn0sgv7fnqag3022m7jdo5hvb0" <"-">
104.36.181.254 - - [17/Apr/2017:20:48:34 +0000] "GET /payment.php?id=CPBD4CPNRIGZPH51T2Z3RK3JWG HTTP/1.1" 200 2061 "-" "Mozilla/5.0 (Windows NT 10.0; WOW64; rv:52.0) Gecko/20100101 Firefox/52.0" "leakbase=75kgdnc5lgfljped1ma64ch617; id=0836ee706c7d287b4ce9ca517c85dc9d" <"-">
104.36.181.254 - - [17/Apr/2017:20:48:34 +0000] "GET /css/main.css HTTP/1.1" 200 825 "https://leakbase.pw/payment.php?id=CPBD4CPNRIGZPH51T2Z3RK3JWG" "Mozilla/5.0 (Windows NT 10.0; WOW64; rv:52.0) Gecko/20100101 Firefox/52.0" "leakbase=75kgdnc5lgfljped1ma64ch617; id=0836ee706c7d287b4ce9ca517c85dc9d" <"-">
104.36.181.254 - - [17/Apr/2017:20:48:35 +0000] "GET /css/fontello.css HTTP/1.1" 200 835 "https://leakbase.pw/payment.php?id=CPBD4CPNRIGZPH51T2Z3RK3JWG" "Mozilla/5.0 (Windows NT 10.0; WOW64; rv:52.0) Gecko/20100101 Firefox/52.0" "leakbase=75kgdnc5lgfljped1ma64ch617; id=0836ee706c7d287b4ce9ca517c85dc9d" <"-">
151.224.170.135 - - [17/Apr/2017:20:48:39 +0000] "GET / HTTP/1.1" 200 2364 "-" "Mozilla/5.0 (Windows NT 10.0; Win64; x64) AppleWebKit/537.36 (KHTML, like Gecko) Chrome/57.0.2987.133 Safari/537.36" "leakbase=g6vke14diq101ksndb112f6601; _ga=GA1.2.1790325173.1489961735" <"-">
172.56.2.161 - - [17/Apr/2017:20:48:39 +0000] "GET /landing.php HTTP/1.1" 200 2654 "https://leakbase.pw/" "Mozilla/5.0 (iPhone; CPU iPhone OS 10_2_1 like Mac OS X) AppleWebKit/602.4.6 (KHTML, like Gecko) Version/10.0 Mobile/14D27 Safari/602.1" "_ga=GA1.2.2115138325.1492461841; _gat=1; leakbase=c9ut4nnkb62h6uutn8763bsdk0" <"-">
172.56.2.161 - - [17/Apr/2017:20:48:40 +0000] "GET /css/fontello.css HTTP/1.1" 200 835 "https://leakbase.pw/landing.php" "Mozilla/5.0 (iPhone; CPU iPhone OS 10_2_1 like Mac OS X) AppleWebKit/602.4.6 (KHTML, like Gecko) Version/10.0 Mobile/14D27 Safari/602.1" "_ga=GA1.2.2115138325.1492461841; _gat=1; leakbase=c9ut4nnkb62h6uutn8763bsdk0" <"-">
172.56.2.161 - - [17/Apr/2017:20:48:40 +0000] "GET /css/darkly.css HTTP/1.1" 200 20782 "https://leakbase.pw/landing.php" "Mozilla/5.0 (iPhone; CPU iPhone OS 10_2_1 like Mac OS X) AppleWebKit/602.4.6 (KHTML, like Gecko) Version/10.0 Mobile/14D27 Safari/602.1" "_ga=GA1.2.2115138325.1492461841; _gat=1; leakbase=c9ut4nnkb62h6uutn8763bsdk0" <"-">
86.174.211.219 - - [17/Apr/2017:20:48:40 +0000] "GET / HTTP/1.1" 200 2364 "https://www.google.co.uk/" "Mozilla/5.0 (Windows NT 10.0; Win64; x64) AppleWebKit/537.36 (KHTML, like Gecko) Chrome/57.0.2987.133 Safari/537.36" "_ga=GA1.2.2135884590.1491620053" <"-">
86.174.211.219 - - [17/Apr/2017:20:48:41 +0000] "GET /css/main.css HTTP/1.1" 200 825 "https://leakbase.pw/" "Mozilla/5.0 (Windows NT 10.0; Win64; x64) AppleWebKit/537.36 (KHTML, like Gecko) Chrome/57.0.2987.133 Safari/537.36" "_ga=GA1.2.2135884590.1491620053; leakbase=m3ki6ts2iujoidt4v32bmbtrh4" <"-">
176.42.74.52 - - [17/Apr/2017:20:48:41 +0000] "POST /landing.php HTTP/1.1" 200 2755 "https://leakbase.pw/landing.php" "Mozilla/5.0 (Windows NT 6.2) AppleWebKit/537.36 (KHTML, like Gecko) Chrome/57.0.2987.133 Safari/537.36" "leakbase=eapfj28uutlq28r6ar72n5k8g2; _ga=GA1.2.102123827.1492461388" <"username=phslick1001&passwordx=&email=&ip=&firstname=&lastname=&g-recaptcha-response=03AOP2lf6U2V0gycjOZboG0XlK0n884XwgfzWVO6Wdy9-BUQe5XssyhNT4ugV-khaNZxw1PEQzbNqf2O_XFCTcIY3JF9cZFgcV3Qu0zrXZkJaqv-xGortEDaRMzvHs2cH-pDpbD2FRvITNIT9w9aaj_wA-9VmzfJS7sSaBcQQdWVL5cn5dCoWMwaHyo1APiiqjoAYbwdo6d85fZWZ6yR6WLxsiWcz0n9cJlUTTywxv_2XTPaYl3yJUezlHDdOp63iafwwAGK2P7BqAFTFdYsmPRfAJaDvcHczFu1lN8YZP5Etd8ImiqLIGmvD5Mp5DAxzO-sQlj5kQCqN1&havepermission=accepted&rowsa=50">
86.174.211.219 - - [17/Apr/2017:20:48:41 +0000] "GET / HTTP/1.1" 200 2364 "https://www.google.co.uk/" "Mozilla/5.0 (Windows NT 10.0; Win64; x64) AppleWebKit/537.36 (KHTML, like Gecko) Chrome/57.0.2987.133 Safari/537.36" "_ga=GA1.2.2135884590.1491620053; leakbase=m3ki6ts2iujoidt4v32bmbtrh4" <"-">
172.56.2.161 - - [17/Apr/2017:20:48:41 +0000] "GET /font/fontello.woff2?34074438 HTTP/1.1" 200 2420 "https://leakbase.pw/landing.php" "Mozilla/5.0 (iPhone; CPU iPhone OS 10_2_1 like Mac OS X) AppleWebKit/602.4.6 (KHTML, like Gecko) Version/10.0 Mobile/14D27 Safari/602.1" "_ga=GA1.2.2115138325.1492461841; _gat=1; leakbase=c9ut4nnkb62h6uutn8763bsdk0" <"-">
71.164.65.252 - - [17/Apr/2017:20:48:42 +0000] "GET /dbs.php HTTP/1.1" 302 0 "https://leakbase.pw/landing.php" "Mozilla/5.0 (Windows NT 10.0; Win64; x64) AppleWebKit/537.36 (KHTML, like Gecko) Chrome/58.0.3029.68 Safari/537.36" "leakbase=nvoln6nueehjulladbl5ntbil6; _gat=1; _ga=GA1.2.2043685624.1492461802" <"-">
86.174.211.219 - - [17/Apr/2017:20:48:42 +0000] "GET /font/EncodeSans-Bold.ttf HTTP/1.1" 200 196084 "https://leakbase.pw/css/main.css" "Mozilla/5.0 (Windows NT 10.0; Win64; x64) AppleWebKit/537.36 (KHTML, like Gecko) Chrome/57.0.2987.133 Safari/537.36" "_ga=GA1.2.2135884590.1491620053; leakbase=m3ki6ts2iujoidt4v32bmbtrh4" <"-">
71.164.65.252 - - [17/Apr/2017:20:48:42 +0000] "GET /login.php HTTP/1.1" 200 1936 "https://leakbase.pw/landing.php" "Mozilla/5.0 (Windows NT 10.0; Win64; x64) AppleWebKit/537.36 (KHTML, like Gecko) Chrome/58.0.3029.68 Safari/537.36" "leakbase=nvoln6nueehjulladbl5ntbil6; _gat=1; _ga=GA1.2.2043685624.1492461802" <"-">
151.224.170.135 - - [17/Apr/2017:20:48:43 +0000] "GET /login.php HTTP/1.1" 200 1936 "https://leakbase.pw/" "Mozilla/5.0 (Windows NT 10.0; Win64; x64) AppleWebKit/537.36 (KHTML, like Gecko) Chrome/57.0.2987.133 Safari/537.36" "leakbase=g6vke14diq101ksndb112f6601; _ga=GA1.2.1790325173.1489961735; _gat=1" <"-">
108.61.228.94 - - [17/Apr/2017:20:48:44 +0000] "GET / HTTP/1.1" 200 2364 "-" "Mozilla/5.0 (Windows NT 6.3; Win64; x64) AppleWebKit/537.36 (KHTML, like Gecko) Chrome/57.0.2987.133 Safari/537.36" "leakbase=9aehjoqkaa3mgegjjbu0odpk10" <"-">
108.61.228.94 - - [17/Apr/2017:20:48:44 +0000] "GET / HTTP/1.1" 200 2364 "-" "Mozilla/5.0 (Windows NT 6.3; Win64; x64) AppleWebKit/537.36 (KHTML, like Gecko) Chrome/57.0.2987.133 Safari/537.36" "leakbase=9aehjoqkaa3mgegjjbu0odpk10" <"-">
185.65.135.93 - - [17/Apr/2017:20:48:47 +0000] "GET / HTTP/1.1" 200 2395 "-" "Mozilla/5.0 (Windows NT 10.0; Win64; x64) AppleWebKit/537.36 (KHTML, like Gecko) Chrome/57.0.2987.133 Safari/537.36" "leakbase=ktlsk80f12ji448qfc1ksaeo62; legendleak=i7h10ru5p1a40dtih85p2ha1f0; x4b_f=J38bx6vFuH9YSEx8aify(FpA1r82Eq8Q0PUL))bleUV_; x4b_c=M)yawwfVdIc2XgDMvsMP1FB9xlqV; id=364524dadd3a8e21c09278c706c53e62" <"-">
86.174.211.219 - - [17/Apr/2017:20:48:47 +0000] "GET /landing.php HTTP/1.1" 200 2654 "https://leakbase.pw/" "Mozilla/5.0 (Windows NT 10.0; Win64; x64) AppleWebKit/537.36 (KHTML, like Gecko) Chrome/57.0.2987.133 Safari/537.36" "leakbase=m3ki6ts2iujoidt4v32bmbtrh4; _ga=GA1.2.2135884590.1491620053; _gat=1" <"-">
70.30.84.178 - - [17/Apr/2017:20:48:48 +0000] "GET / HTTP/1.1" 200 2364 "https://t.co/xrUp3gUx72" "Mozilla/5.0 (Linux; Android 6.0.1; SM-G920W8 Build/MMB29K) AppleWebKit/537.36 (KHTML, like Gecko) Chrome/57.0.2987.132 Mobile Safari/537.36" "-" <"-">
86.174.211.219 - - [17/Apr/2017:20:48:48 +0000] "GET /css/darkly.css HTTP/1.1" 200 20782 "https://leakbase.pw/landing.php" "Mozilla/5.0 (Windows NT 10.0; Win64; x64) AppleWebKit/537.36 (KHTML, like Gecko) Chrome/57.0.2987.133 Safari/537.36" "leakbase=m3ki6ts2iujoidt4v32bmbtrh4; _ga=GA1.2.2135884590.1491620053; _gat=1" <"-">
86.174.211.219 - - [17/Apr/2017:20:48:48 +0000] "GET /css/fontello.css HTTP/1.1" 200 835 "https://leakbase.pw/landing.php" "Mozilla/5.0 (Windows NT 10.0; Win64; x64) AppleWebKit/537.36 (KHTML, like Gecko) Chrome/57.0.2987.133 Safari/537.36" "leakbase=m3ki6ts2iujoidt4v32bmbtrh4; _ga=GA1.2.2135884590.1491620053; _gat=1" <"-">
70.30.84.178 - - [17/Apr/2017:20:48:48 +0000] "GET /css/main.css HTTP/1.1" 200 825 "https://leakbase.pw/" "Mozilla/5.0 (Linux; Android 6.0.1; SM-G920W8 Build/MMB29K) AppleWebKit/537.36 (KHTML, like Gecko) Chrome/57.0.2987.132 Mobile Safari/537.36" "leakbase=9rplju8aeu9d0sdqd9v00ai0m6" <"-">
95.27.43.204 - - [17/Apr/2017:20:48:48 +0000] "GET /payment.php?id=CPBD7KLPVATDPSZJALG2RTX8A6 HTTP/1.1" 200 2079 "https://leakbase.pw/payment.php?id=CPBD7KLPVATDPSZJALG2RTX8A6" "Mozilla/5.0 (Windows NT 6.1) AppleWebKit/537.36 (KHTML, like Gecko) Chrome/57.0.2987.133 Safari/537.36" "leakbase=a8583huedsoks73g6ja1h09ak2; _gat=1; id=2acc23a4ef104bf4fe8d9125411564b3; _ga=GA1.2.519762130.1492460632" <"-">
86.174.211.219 - - [17/Apr/2017:20:48:49 +0000] "GET /font/fontello.woff2?34074438 HTTP/1.1" 200 2420 "https://leakbase.pw/css/fontello.css" "Mozilla/5.0 (Windows NT 10.0; Win64; x64) AppleWebKit/537.36 (KHTML, like Gecko) Chrome/57.0.2987.133 Safari/537.36" "leakbase=m3ki6ts2iujoidt4v32bmbtrh4; _ga=GA1.2.2135884590.1491620053; _gat=1" <"-">
95.27.43.204 - - [17/Apr/2017:20:48:49 +0000] "GET /css/main.css HTTP/1.1" 200 825 "https://leakbase.pw/payment.php?id=CPBD7KLPVATDPSZJALG2RTX8A6" "Mozilla/5.0 (Windows NT 6.1) AppleWebKit/537.36 (KHTML, like Gecko) Chrome/57.0.2987.133 Safari/537.36" "leakbase=a8583huedsoks73g6ja1h09ak2; _gat=1; _ga=GA1.2.519762130.1492460632; id=2acc23a4ef104bf4fe8d9125411564b3" <"-">
95.27.43.204 - - [17/Apr/2017:20:48:49 +0000] "GET /css/fontello.css HTTP/1.1" 200 835 "https://leakbase.pw/payment.php?id=CPBD7KLPVATDPSZJALG2RTX8A6" "Mozilla/5.0 (Windows NT 6.1) AppleWebKit/537.36 (KHTML, like Gecko) Chrome/57.0.2987.133 Safari/537.36" "leakbase=a8583huedsoks73g6ja1h09ak2; _gat=1; _ga=GA1.2.519762130.1492460632; id=2acc23a4ef104bf4fe8d9125411564b3" <"-">
178.19.30.217 - - [17/Apr/2017:20:48:49 +0000] "GET /payment.php?id=CPBD0RJYFQSKNVOAMCEGNJHBZY HTTP/1.1" 200 2033 "https://leakbase.pw/payment.php?id=CPBD0RJYFQSKNVOAMCEGNJHBZY" "Mozilla/5.0 (Windows NT 6.1; WOW64) AppleWebKit/537.36 (KHTML, like Gecko) Chrome/57.0.2987.133 Safari/537.36" "__cfduid=db99a8974f4a95a7848119fa69553ee301485429819; leakbase=mbi06fuefa5ujcu2ogo5o2vb45; x4b_f=545YxSSYaFC7Jxt(3njt(4uEk6VfDEa2wrJjWZWmYa9_; legendleak=s386anp4dem87i91o80084udd1; x4b_c=M)yawfE8iFEPGVA6yO5CuPFAWlqO; id=70a7d5ff3878e84bc0bb2313f1b550db; _ga=GA1.2.166494082.1492279860; _gat=1" <"-">
149.154.157.41 - - [17/Apr/2017:20:48:50 +0000] "GET / HTTP/1.1" 200 2364 "-" "Mozilla/5.0 (Windows NT 10.0; Win64; x64) AppleWebKit/537.36 (KHTML, like Gecko) Chrome/57.0.2987.133 Safari/537.36" "leakbase=1rquipj199n9mgp1393577h3g3" <"-">
178.19.30.217 - - [17/Apr/2017:20:48:50 +0000] "GET /css/main.css HTTP/1.1" 200 825 "https://leakbase.pw/payment.php?id=CPBD0RJYFQSKNVOAMCEGNJHBZY" "Mozilla/5.0 (Windows NT 6.1; WOW64) AppleWebKit/537.36 (KHTML, like Gecko) Chrome/57.0.2987.133 Safari/537.36" "__cfduid=db99a8974f4a95a7848119fa69553ee301485429819; leakbase=mbi06fuefa5ujcu2ogo5o2vb45; x4b_f=545YxSSYaFC7Jxt(3njt(4uEk6VfDEa2wrJjWZWmYa9_; legendleak=s386anp4dem87i91o80084udd1; x4b_c=M)yawfE8iFEPGVA6yO5CuPFAWlqO; _ga=GA1.2.166494082.1492279860; _gat=1; id=70a7d5ff3878e84bc0bb2313f1b550db" <"-">
178.19.30.217 - - [17/Apr/2017:20:48:50 +0000] "GET /css/fontello.css HTTP/1.1" 200 835 "https://leakbase.pw/payment.php?id=CPBD0RJYFQSKNVOAMCEGNJHBZY" "Mozilla/5.0 (Windows NT 6.1; WOW64) AppleWebKit/537.36 (KHTML, like Gecko) Chrome/57.0.2987.133 Safari/537.36" "__cfduid=db99a8974f4a95a7848119fa69553ee301485429819; leakbase=mbi06fuefa5ujcu2ogo5o2vb45; x4b_f=545YxSSYaFC7Jxt(3njt(4uEk6VfDEa2wrJjWZWmYa9_; legendleak=s386anp4dem87i91o80084udd1; x4b_c=M)yawfE8iFEPGVA6yO5CuPFAWlqO; _ga=GA1.2.166494082.1492279860; _gat=1; id=70a7d5ff3878e84bc0bb2313f1b550db" <"-">
95.27.43.204 - - [17/Apr/2017:20:48:50 +0000] "GET /font/EncodeSans-Bold.ttf HTTP/1.1" 304 0 "https://leakbase.pw/css/main.css" "Mozilla/5.0 (Windows NT 6.1) AppleWebKit/537.36 (KHTML, like Gecko) Chrome/57.0.2987.133 Safari/537.36" "leakbase=a8583huedsoks73g6ja1h09ak2; _gat=1; _ga=GA1.2.519762130.1492460632; id=2acc23a4ef104bf4fe8d9125411564b3" <"-">
70.30.84.178 - - [17/Apr/2017:20:48:50 +0000] "GET /font/EncodeSans-Bold.ttf HTTP/1.1" 200 196084 "https://leakbase.pw/css/main.css" "Mozilla/5.0 (Linux; Android 6.0.1; SM-G920W8 Build/MMB29K) AppleWebKit/537.36 (KHTML, like Gecko) Chrome/57.0.2987.132 Mobile Safari/537.36" "leakbase=9rplju8aeu9d0sdqd9v00ai0m6" <"-">
71.164.65.252 - - [17/Apr/2017:20:48:50 +0000] "GET /register.php HTTP/1.1" 200 2031 "https://leakbase.pw/login.php" "Mozilla/5.0 (Windows NT 10.0; Win64; x64) AppleWebKit/537.36 (KHTML, like Gecko) Chrome/58.0.3029.68 Safari/537.36" "leakbase=nvoln6nueehjulladbl5ntbil6; _gat=1; _ga=GA1.2.2043685624.1492461802" <"-">
178.19.30.217 - - [17/Apr/2017:20:48:50 +0000] "GET /font/EncodeSans-Bold.ttf HTTP/1.1" 304 0 "https://leakbase.pw/css/main.css" "Mozilla/5.0 (Windows NT 6.1; WOW64) AppleWebKit/537.36 (KHTML, like Gecko) Chrome/57.0.2987.133 Safari/537.36" "__cfduid=db99a8974f4a95a7848119fa69553ee301485429819; leakbase=mbi06fuefa5ujcu2ogo5o2vb45; x4b_f=545YxSSYaFC7Jxt(3njt(4uEk6VfDEa2wrJjWZWmYa9_; legendleak=s386anp4dem87i91o80084udd1; x4b_c=M)yawfE8iFEPGVA6yO5CuPFAWlqO; _ga=GA1.2.166494082.1492279860; _gat=1; id=70a7d5ff3878e84bc0bb2313f1b550db" <"-">
151.224.170.135 - - [17/Apr/2017:20:48:53 +0000] "POST /login.php HTTP/1.1" 302 6271 "https://leakbase.pw/login.php" "Mozilla/5.0 (Windows NT 10.0; Win64; x64) AppleWebKit/537.36 (KHTML, like Gecko) Chrome/57.0.2987.133 Safari/537.36" "leakbase=g6vke14diq101ksndb112f6601; _gat=1; _ga=GA1.2.1790325173.1489961735" <"username=comp&password=D4n13l10&g-recaptcha-response=03AOP2lf49TkcYvBYyQF7m-cyqOYL-mxvmj67VsjpkDT5Oxg351IKyp_lSDNUPANLjhPqii17U5QjMpqgV5fPVNXRQO36GNOFYSK3nHq0MlK0wm6INBzIFqbkrzhIKtHE_LUeyL2lBY0S7nExL6Fl3lapl1iaIyUNaJJFkDlmqgyog1GwkzCFAHSCjHN1aXZgHApi6dSnb1BYCvdY9ntv3di5z6qJck-jD5CZKiv5ult8lJAiwa06BJB4yOXHAFdA2y_mvVuUlgtLEF9A0KpTQ4UuouRWoNwER3Bq-4ylGfr74QLvDC5u7AuMWXE-6ZsAuThXBhNlDdPsCny9OvODW2jEyDj4n_79Z-vAqC_fFvdID1q_Hp_5fGTCm65aRUyF2vLHtnq9SlrkYkZ_qCdbp5nsXtLy-b-CFqA">
151.224.170.135 - - [17/Apr/2017:20:48:53 +0000] "GET /landing.php HTTP/1.1" 200 2684 "https://leakbase.pw/login.php" "Mozilla/5.0 (Windows NT 10.0; Win64; x64) AppleWebKit/537.36 (KHTML, like Gecko) Chrome/57.0.2987.133 Safari/537.36" "leakbase=g6vke14diq101ksndb112f6601; _gat=1; _ga=GA1.2.1790325173.1489961735; id=72b8475e5392bfc633e6587aefdad3eb" <"-">
188.176.26.36 - - [17/Apr/2017:20:48:55 +0000] "POST /landing.php HTTP/1.1" 200 2783 "https://leakbase.pw/landing.php" "Mozilla/5.0 (Windows NT 10.0; Win64; x64) AppleWebKit/537.36 (KHTML, like Gecko) Chrome/57.0.2987.133 Safari/537.36" "leakbase=v01mglg6jvjuck6d8si8kopae2; id=5dda2ac5257567fc0d8aae5b64c3b868; _ga=GA1.2.651637003.1492262078" <"username=gabemay30&passwordx=&email=&ip=&firstname=&lastname=&g-recaptcha-response=03AOP2lf6wdmiqVtmK3COTQv-JFUhnAcz3xA-nV421XN7YYdY9RnR7N5JC8yj50ROOYpeUDQJeeenxm1_eCQuJZrdVjsCBuDvbw472EtJa6eQnAxjluNoqou6qwT8TO1ddJvN5uLZ5UCGN9qHgbmLrP6gYW8meVccgAgFqcwzqPiQXzB3X8NegOmcAnUGHSrG8uYDOUbLDfcES3c6N58GHccbt2UOf-uadKk5wWjzbxsN4c4OjxM1BLDlLwZvHKeNjU0nvxvzomIDUvvk_MyZZVf04E7BCWYdd6hAN_Ns50dgQRMkW3joUljY&havepermission=accepted&rowsa=50">
104.36.181.254 - - [17/Apr/2017:20:48:56 +0000] "GET /payment.php?id=CPBD4CPNRIGZPH51T2Z3RK3JWG HTTP/1.1" 200 2035 "-" "Mozilla/5.0 (Windows NT 10.0; WOW64; rv:52.0) Gecko/20100101 Firefox/52.0" "leakbase=75kgdnc5lgfljped1ma64ch617; id=0836ee706c7d287b4ce9ca517c85dc9d" <"-">
104.36.181.254 - - [17/Apr/2017:20:48:57 +0000] "GET /css/main.css HTTP/1.1" 200 825 "https://leakbase.pw/payment.php?id=CPBD4CPNRIGZPH51T2Z3RK3JWG" "Mozilla/5.0 (Windows NT 10.0; WOW64; rv:52.0) Gecko/20100101 Firefox/52.0" "leakbase=75kgdnc5lgfljped1ma64ch617; id=0836ee706c7d287b4ce9ca517c85dc9d" <"-">
104.36.181.254 - - [17/Apr/2017:20:48:57 +0000] "GET /css/fontello.css HTTP/1.1" 200 835 "https://leakbase.pw/payment.php?id=CPBD4CPNRIGZPH51T2Z3RK3JWG" "Mozilla/5.0 (Windows NT 10.0; WOW64; rv:52.0) Gecko/20100101 Firefox/52.0" "leakbase=75kgdnc5lgfljped1ma64ch617; id=0836ee706c7d287b4ce9ca517c85dc9d" <"-">
86.174.211.219 - - [17/Apr/2017:20:48:59 +0000] "POST /landing.php HTTP/1.1" 200 2819 "https://leakbase.pw/landing.php" "Mozilla/5.0 (Windows NT 10.0; Win64; x64) AppleWebKit/537.36 (KHTML, like Gecko) Chrome/57.0.2987.133 Safari/537.36" "leakbase=m3ki6ts2iujoidt4v32bmbtrh4; _gat=1; _ga=GA1.2.2135884590.1491620053" <"username=oreo7105324&passwordx=&email=&ip=&firstname=&lastname=&g-recaptcha-response=03AOP2lf53UyvuFeHyOBtHXHJTF5g6dYck6pN_zATbD-ld5ZzUZS0ludyHXp8o3s-L-HbuCVZ58WFfgLN8-tsRD41PyPgnNO2eJn3IYFEJdcSK7neDmg8wyog2-wp-usb0YT7U_667X1yc3YaeHSXQYRTYwQd5b3TT0md-jIO06O7IzzkRJzbjcW9CZTXLcbe5JAwMoRZPqVsjyFaGlhj8z-JbSZDwjkbL5aZpnX5ulei_z8tFUCuZTERNI0bmUV_RrMIFtXnX-kkkxqQZ2ZJuLvpeZdQom6aMy1fOtMLgXvrLZ1vSjhWeSNJ8EOzqZfeh04N-ozlCcLuxWfwXhuOxygI-kDiOpSSZhryWWQHzyTkNUzLUpBHfRB0&havepermission=accepted&rowsa=50">
151.224.170.135 - - [17/Apr/2017:20:49:02 +0000] "POST /landing.php HTTP/1.1" 200 2808 "https://leakbase.pw/landing.php" "Mozilla/5.0 (Windows NT 10.0; Win64; x64) AppleWebKit/537.36 (KHTML, like Gecko) Chrome/57.0.2987.133 Safari/537.36" "leakbase=g6vke14diq101ksndb112f6601; _gat=1; id=72b8475e5392bfc633e6587aefdad3eb; _ga=GA1.2.1790325173.1489961735" <"username=&passwordx=&email=kriss957_3%40msn.com&ip=&firstname=&lastname=&g-recaptcha-response=03AOP2lf6LF_fNSNLDVvPt8XRQxUCJssH0Bk1SjgF1zn6cr6taFTA7tgBrOAXvpgeDkHOjG1Ee0Y_g4ifIOLstxbumL3qEJ7cdtyO8Aa-iZuq6g3LAlMzsAbWbhqJ7NdiPsLtO0tuTFTyN1VoQU6mcnZXpGGheH4vYEKejV1uniMULI5CCzefu-N0gaUbRVGkz2OPOSCJ9ISumFnnOQIQ7PNN21-qILVO1hAMOEyJOvKWObGy1dmeb4OHwjzL3cwhp33V_sxwquIzt_WjqKCqS_M0zOMfSGOXqSyP4V-_3FcBshfEX3ph25mM-3RNf_q2EMvKi8pc4ovvhq5kYnGnzJjQyNt-X-IYQ0xK4Rx7a8dM6Xrge2RfWroNKyURpfE5QNkLRvsbsWuthmMtc2jCXem9G_b7P5ElTrA&havepermission=accepted&rowsa=50">
71.164.65.252 - - [17/Apr/2017:20:49:07 +0000] "POST /register.php HTTP/1.1" 200 2135 "https://leakbase.pw/register.php" "Mozilla/5.0 (Windows NT 10.0; Win64; x64) AppleWebKit/537.36 (KHTML, like Gecko) Chrome/58.0.3029.68 Safari/537.36" "leakbase=nvoln6nueehjulladbl5ntbil6; _ga=GA1.2.2043685624.1492461802; _gat=1" <"username=no&email=&password=mattdale5&cpassword=mattdale5&g-recaptcha-response=">
68.33.93.79 - - [17/Apr/2017:20:49:07 +0000] "GET /payment.php?id=CPBD4VJTSZ7KQYJARDEJ3XSLFF HTTP/1.1" 200 2069 "https://leakbase.pw/payment.php?id=CPBD4VJTSZ7KQYJARDEJ3XSLFF" "Mozilla/5.0 (Windows NT 10.0; Win64; x64) AppleWebKit/537.36 (KHTML, like Gecko) Chrome/57.0.2987.133 Safari/537.36" "leakbase=9mc85a58nskf6h8s4gh8u92bk0; id=132f18dd1c31ab18c6c40e609180b862" <"-">
68.33.93.79 - - [17/Apr/2017:20:49:08 +0000] "GET /css/main.css HTTP/1.1" 200 825 "https://leakbase.pw/payment.php?id=CPBD4VJTSZ7KQYJARDEJ3XSLFF" "Mozilla/5.0 (Windows NT 10.0; Win64; x64) AppleWebKit/537.36 (KHTML, like Gecko) Chrome/57.0.2987.133 Safari/537.36" "leakbase=9mc85a58nskf6h8s4gh8u92bk0; id=132f18dd1c31ab18c6c40e609180b862" <"-">
68.33.93.79 - - [17/Apr/2017:20:49:08 +0000] "GET /css/fontello.css HTTP/1.1" 200 835 "https://leakbase.pw/payment.php?id=CPBD4VJTSZ7KQYJARDEJ3XSLFF" "Mozilla/5.0 (Windows NT 10.0; Win64; x64) AppleWebKit/537.36 (KHTML, like Gecko) Chrome/57.0.2987.133 Safari/537.36" "leakbase=9mc85a58nskf6h8s4gh8u92bk0; id=132f18dd1c31ab18c6c40e609180b862" <"-">
68.33.93.79 - - [17/Apr/2017:20:49:09 +0000] "GET /font/EncodeSans-Bold.ttf HTTP/1.1" 304 0 "https://leakbase.pw/css/main.css" "Mozilla/5.0 (Windows NT 10.0; Win64; x64) AppleWebKit/537.36 (KHTML, like Gecko) Chrome/57.0.2987.133 Safari/537.36" "leakbase=9mc85a58nskf6h8s4gh8u92bk0; id=132f18dd1c31ab18c6c40e609180b862" <"-">
95.27.43.204 - - [17/Apr/2017:20:49:11 +0000] "GET /payment.php?id=CPBD7KLPVATDPSZJALG2RTX8A6 HTTP/1.1" 200 2079 "https://leakbase.pw/payment.php?id=CPBD7KLPVATDPSZJALG2RTX8A6" "Mozilla/5.0 (Windows NT 6.1) AppleWebKit/537.36 (KHTML, like Gecko) Chrome/57.0.2987.133 Safari/537.36" "leakbase=a8583huedsoks73g6ja1h09ak2; id=2acc23a4ef104bf4fe8d9125411564b3; _ga=GA1.2.519762130.1492460632" <"-">
178.19.30.217 - - [17/Apr/2017:20:49:11 +0000] "GET /payment.php?id=CPBD0RJYFQSKNVOAMCEGNJHBZY HTTP/1.1" 200 2033 "https://leakbase.pw/payment.php?id=CPBD0RJYFQSKNVOAMCEGNJHBZY" "Mozilla/5.0 (Windows NT 6.1; WOW64) AppleWebKit/537.36 (KHTML, like Gecko) Chrome/57.0.2987.133 Safari/537.36" "__cfduid=db99a8974f4a95a7848119fa69553ee301485429819; leakbase=mbi06fuefa5ujcu2ogo5o2vb45; x4b_f=545YxSSYaFC7Jxt(3njt(4uEk6VfDEa2wrJjWZWmYa9_; legendleak=s386anp4dem87i91o80084udd1; x4b_c=M)yawfE8iFEPGVA6yO5CuPFAWlqO; _gat=1; id=70a7d5ff3878e84bc0bb2313f1b550db; _ga=GA1.2.166494082.1492279860" <"-">
95.27.43.204 - - [17/Apr/2017:20:49:12 +0000] "GET /css/main.css HTTP/1.1" 200 825 "https://leakbase.pw/payment.php?id=CPBD7KLPVATDPSZJALG2RTX8A6" "Mozilla/5.0 (Windows NT 6.1) AppleWebKit/537.36 (KHTML, like Gecko) Chrome/57.0.2987.133 Safari/537.36" "leakbase=a8583huedsoks73g6ja1h09ak2; _ga=GA1.2.519762130.1492460632; id=2acc23a4ef104bf4fe8d9125411564b3" <"-">
95.27.43.204 - - [17/Apr/2017:20:49:12 +0000] "GET /css/fontello.css HTTP/1.1" 200 835 "https://leakbase.pw/payment.php?id=CPBD7KLPVATDPSZJALG2RTX8A6" "Mozilla/5.0 (Windows NT 6.1) AppleWebKit/537.36 (KHTML, like Gecko) Chrome/57.0.2987.133 Safari/537.36" "leakbase=a8583huedsoks73g6ja1h09ak2; _ga=GA1.2.519762130.1492460632; id=2acc23a4ef104bf4fe8d9125411564b3" <"-">
178.19.30.217 - - [17/Apr/2017:20:49:12 +0000] "GET /css/main.css HTTP/1.1" 200 825 "https://leakbase.pw/payment.php?id=CPBD0RJYFQSKNVOAMCEGNJHBZY" "Mozilla/5.0 (Windows NT 6.1; WOW64) AppleWebKit/537.36 (KHTML, like Gecko) Chrome/57.0.2987.133 Safari/537.36" "__cfduid=db99a8974f4a95a7848119fa69553ee301485429819; leakbase=mbi06fuefa5ujcu2ogo5o2vb45; x4b_f=545YxSSYaFC7Jxt(3njt(4uEk6VfDEa2wrJjWZWmYa9_; legendleak=s386anp4dem87i91o80084udd1; x4b_c=M)yawfE8iFEPGVA6yO5CuPFAWlqO; _gat=1; _ga=GA1.2.166494082.1492279860; id=70a7d5ff3878e84bc0bb2313f1b550db" <"-">
178.19.30.217 - - [17/Apr/2017:20:49:12 +0000] "GET /css/fontello.css HTTP/1.1" 200 835 "https://leakbase.pw/payment.php?id=CPBD0RJYFQSKNVOAMCEGNJHBZY" "Mozilla/5.0 (Windows NT 6.1; WOW64) AppleWebKit/537.36 (KHTML, like Gecko) Chrome/57.0.2987.133 Safari/537.36" "__cfduid=db99a8974f4a95a7848119fa69553ee301485429819; leakbase=mbi06fuefa5ujcu2ogo5o2vb45; x4b_f=545YxSSYaFC7Jxt(3njt(4uEk6VfDEa2wrJjWZWmYa9_; legendleak=s386anp4dem87i91o80084udd1; x4b_c=M)yawfE8iFEPGVA6yO5CuPFAWlqO; _gat=1; _ga=GA1.2.166494082.1492279860; id=70a7d5ff3878e84bc0bb2313f1b550db" <"-">
95.27.43.204 - - [17/Apr/2017:20:49:13 +0000] "GET /font/EncodeSans-Bold.ttf HTTP/1.1" 304 0 "https://leakbase.pw/css/main.css" "Mozilla/5.0 (Windows NT 6.1) AppleWebKit/537.36 (KHTML, like Gecko) Chrome/57.0.2987.133 Safari/537.36" "leakbase=a8583huedsoks73g6ja1h09ak2; _ga=GA1.2.519762130.1492460632; id=2acc23a4ef104bf4fe8d9125411564b3" <"-">
178.19.30.217 - - [17/Apr/2017:20:49:13 +0000] "GET /font/EncodeSans-Bold.ttf HTTP/1.1" 304 0 "https://leakbase.pw/css/main.css" "Mozilla/5.0 (Windows NT 6.1; WOW64) AppleWebKit/537.36 (KHTML, like Gecko) Chrome/57.0.2987.133 Safari/537.36" "__cfduid=db99a8974f4a95a7848119fa69553ee301485429819; leakbase=mbi06fuefa5ujcu2ogo5o2vb45; x4b_f=545YxSSYaFC7Jxt(3njt(4uEk6VfDEa2wrJjWZWmYa9_; legendleak=s386anp4dem87i91o80084udd1; x4b_c=M)yawfE8iFEPGVA6yO5CuPFAWlqO; _gat=1; _ga=GA1.2.166494082.1492279860; id=70a7d5ff3878e84bc0bb2313f1b550db" <"-">
90.201.2.193 - - [17/Apr/2017:20:49:15 +0000] "GET /landing.php HTTP/1.1" 200 2613 "-" "Mozilla/5.0 (Windows NT 10.0; Win64; x64) AppleWebKit/537.36 (KHTML, like Gecko) Chrome/57.0.2987.133 Safari/537.36" "id=8bc5bbc8a16dd45571daedccfb77bde1" <"-">
98.145.227.16 - - [17/Apr/2017:20:49:15 +0000] "GET / HTTP/1.1" 200 2364 "-" "Mozilla/5.0 (Windows NT 6.1) AppleWebKit/537.36 (KHTML, like Gecko) Chrome/57.0.2987.133 Safari/537.36" "__cfduid=dda73ed576ab42615a649444cf16bb2281483351320; _ga=GA1.2.1412473327.1491586710" <"-">
98.145.227.16 - - [17/Apr/2017:20:49:18 +0000] "GET /font/EncodeSans-Bold.ttf HTTP/1.1" 200 196084 "https://leakbase.pw/css/main.css" "Mozilla/5.0 (Windows NT 6.1) AppleWebKit/537.36 (KHTML, like Gecko) Chrome/57.0.2987.133 Safari/537.36" "__cfduid=dda73ed576ab42615a649444cf16bb2281483351320; _ga=GA1.2.1412473327.1491586710; leakbase=1g96aqu7qf892m3n0bjv9lctj2" <"-">
104.36.181.254 - - [17/Apr/2017:20:49:18 +0000] "GET /payment.php?id=CPBD4CPNRIGZPH51T2Z3RK3JWG HTTP/1.1" 200 2035 "-" "Mozilla/5.0 (Windows NT 10.0; WOW64; rv:52.0) Gecko/20100101 Firefox/52.0" "leakbase=75kgdnc5lgfljped1ma64ch617; id=0836ee706c7d287b4ce9ca517c85dc9d" <"-">
104.36.181.254 - - [17/Apr/2017:20:49:19 +0000] "GET /css/fontello.css HTTP/1.1" 200 835 "https://leakbase.pw/payment.php?id=CPBD4CPNRIGZPH51T2Z3RK3JWG" "Mozilla/5.0 (Windows NT 10.0; WOW64; rv:52.0) Gecko/20100101 Firefox/52.0" "leakbase=75kgdnc5lgfljped1ma64ch617; id=0836ee706c7d287b4ce9ca517c85dc9d" <"-">
104.36.181.254 - - [17/Apr/2017:20:49:19 +0000] "GET /css/main.css HTTP/1.1" 200 825 "https://leakbase.pw/payment.php?id=CPBD4CPNRIGZPH51T2Z3RK3JWG" "Mozilla/5.0 (Windows NT 10.0; WOW64; rv:52.0) Gecko/20100101 Firefox/52.0" "leakbase=75kgdnc5lgfljped1ma64ch617; id=0836ee706c7d287b4ce9ca517c85dc9d" <"-">
90.201.2.193 - - [17/Apr/2017:20:49:22 +0000] "POST /landing.php HTTP/1.1" 200 2672 "https://leakbase.pw/landing.php" "Mozilla/5.0 (Windows NT 10.0; Win64; x64) AppleWebKit/537.36 (KHTML, like Gecko) Chrome/57.0.2987.133 Safari/537.36" "leakbase=fuskjlr3d0g60ra6d5k20s1md6; id=8bc5bbc8a16dd45571daedccfb77bde1" <"username=&passwordx=&email=lostkitten676%40yahoo.com&ip=&firstname=&lastname=&havepermission=accepted&rowsa=50">
70.30.84.178 - - [17/Apr/2017:20:49:24 +0000] "GET /contact.php HTTP/1.1" 200 1952 "https://leakbase.pw/" "Mozilla/5.0 (Linux; Android 6.0.1; SM-G920W8 Build/MMB29K) AppleWebKit/537.36 (KHTML, like Gecko) Chrome/57.0.2987.132 Mobile Safari/537.36" "leakbase=9rplju8aeu9d0sdqd9v00ai0m6; _ga=GA1.2.181571114.1492461860; _gat=1" <"-">
78.22.82.180 - - [17/Apr/2017:20:49:25 +0000] "GET / HTTP/1.1" 200 2364 "http://alternativeto.net/software/leakbase/" "Mozilla/5.0 (Windows NT 10.0; Win64; x64) AppleWebKit/537.36 (KHTML, like Gecko) Chrome/57.0.2987.133 Safari/537.36" "-" <"-">
70.30.84.178 - - [17/Apr/2017:20:49:25 +0000] "GET /css/fontello.css HTTP/1.1" 200 835 "https://leakbase.pw/contact.php" "Mozilla/5.0 (Linux; Android 6.0.1; SM-G920W8 Build/MMB29K) AppleWebKit/537.36 (KHTML, like Gecko) Chrome/57.0.2987.132 Mobile Safari/537.36" "leakbase=9rplju8aeu9d0sdqd9v00ai0m6; _ga=GA1.2.181571114.1492461860; _gat=1" <"-">
70.30.84.178 - - [17/Apr/2017:20:49:26 +0000] "GET /css/darkly.css HTTP/1.1" 200 20782 "https://leakbase.pw/contact.php" "Mozilla/5.0 (Linux; Android 6.0.1; SM-G920W8 Build/MMB29K) AppleWebKit/537.36 (KHTML, like Gecko) Chrome/57.0.2987.132 Mobile Safari/537.36" "leakbase=9rplju8aeu9d0sdqd9v00ai0m6; _ga=GA1.2.181571114.1492461860; _gat=1" <"-">
90.201.2.193 - - [17/Apr/2017:20:49:26 +0000] "GET /dbs.php HTTP/1.1" 200 6871 "https://leakbase.pw/landing.php" "Mozilla/5.0 (Windows NT 10.0; Win64; x64) AppleWebKit/537.36 (KHTML, like Gecko) Chrome/57.0.2987.133 Safari/537.36" "leakbase=fuskjlr3d0g60ra6d5k20s1md6; id=8bc5bbc8a16dd45571daedccfb77bde1" <"-">
78.22.82.180 - - [17/Apr/2017:20:49:26 +0000] "GET /css/main.css HTTP/1.1" 200 825 "https://leakbase.pw/" "Mozilla/5.0 (Windows NT 10.0; Win64; x64) AppleWebKit/537.36 (KHTML, like Gecko) Chrome/57.0.2987.133 Safari/537.36" "leakbase=3sqhuh7gr5l2c4a5jp12kn4jc0" <"-">
90.201.2.193 - - [17/Apr/2017:20:49:26 +0000] "GET /css/bootstrap-sortable.css HTTP/1.1" 200 755 "https://leakbase.pw/dbs.php" "Mozilla/5.0 (Windows NT 10.0; Win64; x64) AppleWebKit/537.36 (KHTML, like Gecko) Chrome/57.0.2987.133 Safari/537.36" "leakbase=fuskjlr3d0g60ra6d5k20s1md6; id=8bc5bbc8a16dd45571daedccfb77bde1" <"-">
90.201.2.193 - - [17/Apr/2017:20:49:27 +0000] "GET /js/list.min.js HTTP/1.1" 200 5227 "https://leakbase.pw/dbs.php" "Mozilla/5.0 (Windows NT 10.0; Win64; x64) AppleWebKit/537.36 (KHTML, like Gecko) Chrome/57.0.2987.133 Safari/537.36" "leakbase=fuskjlr3d0g60ra6d5k20s1md6; id=8bc5bbc8a16dd45571daedccfb77bde1" <"-">
90.201.2.193 - - [17/Apr/2017:20:49:27 +0000] "GET /js/bootstrap-sortable.js HTTP/1.1" 200 4610 "https://leakbase.pw/dbs.php" "Mozilla/5.0 (Windows NT 10.0; Win64; x64) AppleWebKit/537.36 (KHTML, like Gecko) Chrome/57.0.2987.133 Safari/537.36" "leakbase=fuskjlr3d0g60ra6d5k20s1md6; id=8bc5bbc8a16dd45571daedccfb77bde1" <"-">
90.201.2.193 - - [17/Apr/2017:20:49:27 +0000] "GET /js/moment.min.js HTTP/1.1" 200 8803 "https://leakbase.pw/dbs.php" "Mozilla/5.0 (Windows NT 10.0; Win64; x64) AppleWebKit/537.36 (KHTML, like Gecko) Chrome/57.0.2987.133 Safari/537.36" "leakbase=fuskjlr3d0g60ra6d5k20s1md6; id=8bc5bbc8a16dd45571daedccfb77bde1" <"-">
78.22.82.180 - - [17/Apr/2017:20:49:27 +0000] "GET /font/EncodeSans-Bold.ttf HTTP/1.1" 200 196084 "https://leakbase.pw/css/main.css" "Mozilla/5.0 (Windows NT 10.0; Win64; x64) AppleWebKit/537.36 (KHTML, like Gecko) Chrome/57.0.2987.133 Safari/537.36" "leakbase=3sqhuh7gr5l2c4a5jp12kn4jc0" <"-">
68.33.93.79 - - [17/Apr/2017:20:49:31 +0000] "GET /payment.php?id=CPBD4VJTSZ7KQYJARDEJ3XSLFF HTTP/1.1" 200 2069 "https://leakbase.pw/payment.php?id=CPBD4VJTSZ7KQYJARDEJ3XSLFF" "Mozilla/5.0 (Windows NT 10.0; Win64; x64) AppleWebKit/537.36 (KHTML, like Gecko) Chrome/57.0.2987.133 Safari/537.36" "leakbase=9mc85a58nskf6h8s4gh8u92bk0; id=132f18dd1c31ab18c6c40e609180b862" <"-">
68.33.93.79 - - [17/Apr/2017:20:49:32 +0000] "GET /css/main.css HTTP/1.1" 200 825 "https://leakbase.pw/payment.php?id=CPBD4VJTSZ7KQYJARDEJ3XSLFF" "Mozilla/5.0 (Windows NT 10.0; Win64; x64) AppleWebKit/537.36 (KHTML, like Gecko) Chrome/57.0.2987.133 Safari/537.36" "leakbase=9mc85a58nskf6h8s4gh8u92bk0; id=132f18dd1c31ab18c6c40e609180b862" <"-">
68.33.93.79 - - [17/Apr/2017:20:49:32 +0000] "GET /css/fontello.css HTTP/1.1" 200 835 "https://leakbase.pw/payment.php?id=CPBD4VJTSZ7KQYJARDEJ3XSLFF" "Mozilla/5.0 (Windows NT 10.0; Win64; x64) AppleWebKit/537.36 (KHTML, like Gecko) Chrome/57.0.2987.133 Safari/537.36" "leakbase=9mc85a58nskf6h8s4gh8u92bk0; id=132f18dd1c31ab18c6c40e609180b862" <"-">
71.164.65.252 - - [17/Apr/2017:20:49:33 +0000] "POST /register.php HTTP/1.1" 200 2137 "https://leakbase.pw/register.php" "Mozilla/5.0 (Windows NT 10.0; Win64; x64) AppleWebKit/537.36 (KHTML, like Gecko) Chrome/58.0.3029.68 Safari/537.36" "leakbase=nvoln6nueehjulladbl5ntbil6; _gat=1; _ga=GA1.2.2043685624.1492461802" <"username=nononononodsd&email=&password=mattdale44&cpassword=mattdale44&accepttos=accepted&g-recaptcha-response=03AOP2lf6E_rdwK061PtD39zIsxipkVuNpiwT9LcDILL1tFiNOS7eCGxE-Alw1brRYJoWBvq0LjLQ_skMWbv_ajmAkyWk8EPG5g-aCpkN4_0_ce4gI94n_bwyMAnS_CHAfn-WR_IvouWnMdP3EwFqTrFayvd-SRH4YfjShcz1UkiRlbfmoR9gxD-2S6Vvz-KfsNy8n3D9p_CimUVholjvlfM0Jj8EEjbu_IKpuDbyciejMDPb2eV8zxkhvhNvJ9TyiK0urWXjrkx6IbicYQNTJFJMbGAWRjRfoqNuoHVKLaeHzinGOJQRRGyMqYuj27ianHJoy9Rh_Tuy2D8np8DD5Ts-cjHnDBe_0i5QczpgASkU2XG6RJvDdx4n3Sdv_AkktnJsHQ3GjnT41YpLaSc_t4ALobbBauiOsxA">
178.19.30.217 - - [17/Apr/2017:20:49:35 +0000] "GET /payment.php?id=CPBD0RJYFQSKNVOAMCEGNJHBZY HTTP/1.1" 200 2033 "https://leakbase.pw/payment.php?id=CPBD0RJYFQSKNVOAMCEGNJHBZY" "Mozilla/5.0 (Windows NT 6.1; WOW64) AppleWebKit/537.36 (KHTML, like Gecko) Chrome/57.0.2987.133 Safari/537.36" "__cfduid=db99a8974f4a95a7848119fa69553ee301485429819; leakbase=mbi06fuefa5ujcu2ogo5o2vb45; x4b_f=545YxSSYaFC7Jxt(3njt(4uEk6VfDEa2wrJjWZWmYa9_; legendleak=s386anp4dem87i91o80084udd1; x4b_c=M)yawfE8iFEPGVA6yO5CuPFAWlqO; id=70a7d5ff3878e84bc0bb2313f1b550db; _ga=GA1.2.166494082.1492279860" <"-">
95.27.43.204 - - [17/Apr/2017:20:49:35 +0000] "GET /payment.php?id=CPBD7KLPVATDPSZJALG2RTX8A6 HTTP/1.1" 200 2079 "https://leakbase.pw/payment.php?id=CPBD7KLPVATDPSZJALG2RTX8A6" "Mozilla/5.0 (Windows NT 6.1) AppleWebKit/537.36 (KHTML, like Gecko) Chrome/57.0.2987.133 Safari/537.36" "leakbase=a8583huedsoks73g6ja1h09ak2; id=2acc23a4ef104bf4fe8d9125411564b3; _ga=GA1.2.519762130.1492460632; _gat=1" <"-">
178.19.30.217 - - [17/Apr/2017:20:49:35 +0000] "GET /css/main.css HTTP/1.1" 200 825 "https://leakbase.pw/payment.php?id=CPBD0RJYFQSKNVOAMCEGNJHBZY" "Mozilla/5.0 (Windows NT 6.1; WOW64) AppleWebKit/537.36 (KHTML, like Gecko) Chrome/57.0.2987.133 Safari/537.36" "__cfduid=db99a8974f4a95a7848119fa69553ee301485429819; leakbase=mbi06fuefa5ujcu2ogo5o2vb45; x4b_f=545YxSSYaFC7Jxt(3njt(4uEk6VfDEa2wrJjWZWmYa9_; legendleak=s386anp4dem87i91o80084udd1; x4b_c=M)yawfE8iFEPGVA6yO5CuPFAWlqO; _ga=GA1.2.166494082.1492279860; id=70a7d5ff3878e84bc0bb2313f1b550db" <"-">
178.19.30.217 - - [17/Apr/2017:20:49:35 +0000] "GET /css/fontello.css HTTP/1.1" 200 835 "https://leakbase.pw/payment.php?id=CPBD0RJYFQSKNVOAMCEGNJHBZY" "Mozilla/5.0 (Windows NT 6.1; WOW64) AppleWebKit/537.36 (KHTML, like Gecko) Chrome/57.0.2987.133 Safari/537.36" "__cfduid=db99a8974f4a95a7848119fa69553ee301485429819; leakbase=mbi06fuefa5ujcu2ogo5o2vb45; x4b_f=545YxSSYaFC7Jxt(3njt(4uEk6VfDEa2wrJjWZWmYa9_; legendleak=s386anp4dem87i91o80084udd1; x4b_c=M)yawfE8iFEPGVA6yO5CuPFAWlqO; _ga=GA1.2.166494082.1492279860; id=70a7d5ff3878e84bc0bb2313f1b550db" <"-">
95.27.43.204 - - [17/Apr/2017:20:49:35 +0000] "GET /css/main.css HTTP/1.1" 200 825 "https://leakbase.pw/payment.php?id=CPBD7KLPVATDPSZJALG2RTX8A6" "Mozilla/5.0 (Windows NT 6.1) AppleWebKit/537.36 (KHTML, like Gecko) Chrome/57.0.2987.133 Safari/537.36" "leakbase=a8583huedsoks73g6ja1h09ak2; _ga=GA1.2.519762130.1492460632; _gat=1; id=2acc23a4ef104bf4fe8d9125411564b3" <"-">
95.27.43.204 - - [17/Apr/2017:20:49:35 +0000] "GET /css/fontello.css HTTP/1.1" 200 835 "https://leakbase.pw/payment.php?id=CPBD7KLPVATDPSZJALG2RTX8A6" "Mozilla/5.0 (Windows NT 6.1) AppleWebKit/537.36 (KHTML, like Gecko) Chrome/57.0.2987.133 Safari/537.36" "leakbase=a8583huedsoks73g6ja1h09ak2; _ga=GA1.2.519762130.1492460632; _gat=1; id=2acc23a4ef104bf4fe8d9125411564b3" <"-">
98.229.19.55 - - [17/Apr/2017:20:49:36 +0000] "GET / HTTP/1.1" 200 2378 "https://www.google.com/" "Mozilla/5.0 (Windows NT 10.0; Win64; x64) AppleWebKit/537.36 (KHTML, like Gecko) Chrome/57.0.2987.133 Safari/537.36" "id=280f90c7f6e6370261c87c28bf1d6311; _ga=GA1.2.1622967172.1492050967" <"-">
68.33.93.79 - - [17/Apr/2017:20:49:36 +0000] "GET /font/EncodeSans-Bold.ttf HTTP/1.1" 304 0 "https://leakbase.pw/css/main.css" "Mozilla/5.0 (Windows NT 10.0; Win64; x64) AppleWebKit/537.36 (KHTML, like Gecko) Chrome/57.0.2987.133 Safari/537.36" "leakbase=9mc85a58nskf6h8s4gh8u92bk0; id=132f18dd1c31ab18c6c40e609180b862" <"-">
178.19.30.217 - - [17/Apr/2017:20:49:36 +0000] "GET /font/EncodeSans-Bold.ttf HTTP/1.1" 304 0 "https://leakbase.pw/css/main.css" "Mozilla/5.0 (Windows NT 6.1; WOW64) AppleWebKit/537.36 (KHTML, like Gecko) Chrome/57.0.2987.133 Safari/537.36" "__cfduid=db99a8974f4a95a7848119fa69553ee301485429819; leakbase=mbi06fuefa5ujcu2ogo5o2vb45; x4b_f=545YxSSYaFC7Jxt(3njt(4uEk6VfDEa2wrJjWZWmYa9_; legendleak=s386anp4dem87i91o80084udd1; x4b_c=M)yawfE8iFEPGVA6yO5CuPFAWlqO; _ga=GA1.2.166494082.1492279860; id=70a7d5ff3878e84bc0bb2313f1b550db" <"-">
95.27.43.204 - - [17/Apr/2017:20:49:36 +0000] "GET /font/EncodeSans-Bold.ttf HTTP/1.1" 304 0 "https://leakbase.pw/css/main.css" "Mozilla/5.0 (Windows NT 6.1) AppleWebKit/537.36 (KHTML, like Gecko) Chrome/57.0.2987.133 Safari/537.36" "leakbase=a8583huedsoks73g6ja1h09ak2; _ga=GA1.2.519762130.1492460632; _gat=1; id=2acc23a4ef104bf4fe8d9125411564b3" <"-">
98.229.19.55 - - [17/Apr/2017:20:49:37 +0000] "GET /font/EncodeSans-Bold.ttf HTTP/1.1" 200 196084 "https://leakbase.pw/css/main.css" "Mozilla/5.0 (Windows NT 10.0; Win64; x64) AppleWebKit/537.36 (KHTML, like Gecko) Chrome/57.0.2987.133 Safari/537.36" "_ga=GA1.2.1622967172.1492050967; leakbase=o9jp9nvm0qrf37bk2h8b176tl2; id=280f90c7f6e6370261c87c28bf1d6311" <"-">
94.3.227.34 - - [17/Apr/2017:20:49:38 +0000] "GET / HTTP/1.1" 200 2364 "https://www.google.co.uk/" "Mozilla/5.0 (Windows NT 10.0; WOW64) AppleWebKit/537.36 (KHTML, like Gecko) Chrome/57.0.2987.133 Safari/537.36" "-" <"-">
94.3.227.34 - - [17/Apr/2017:20:49:39 +0000] "GET /css/main.css HTTP/1.1" 200 825 "https://leakbase.pw/" "Mozilla/5.0 (Windows NT 10.0; WOW64) AppleWebKit/537.36 (KHTML, like Gecko) Chrome/57.0.2987.133 Safari/537.36" "leakbase=rtg1iliicutkg5hj1fc10n73e0" <"-">
151.224.170.135 - - [17/Apr/2017:20:49:39 +0000] "POST /landing.php HTTP/1.1" 200 2809 "https://leakbase.pw/landing.php" "Mozilla/5.0 (Windows NT 10.0; Win64; x64) AppleWebKit/537.36 (KHTML, like Gecko) Chrome/57.0.2987.133 Safari/537.36" "leakbase=g6vke14diq101ksndb112f6601; _gat=1; id=72b8475e5392bfc633e6587aefdad3eb; _ga=GA1.2.1790325173.1489961735" <"username=&passwordx=&email=fieldofsecrets%40gmail.com&ip=&firstname=&lastname=&g-recaptcha-response=03AOP2lf4TFFEmFjq59WPcYwgRifxswqX47QbAmqYXViikq35K0R5fjw8o47_nh0FoVIuMjCmCb0Q2hy_vYYb2fMcZ1EmjEbQCKfjlOduozzl1RB2Una44xhek-MOGRf58ANAcnybhZKvpB8S74rXPxPEX3YyyvHFyCSb8T_PgEw6VlkSuOghQtYVZVO6uUgr6fS2FzzzV97tp0Yey23rWzqKEios5vrpEDj7p-3vXmGqLsgPVsHPOaQWKZuCeLTdZHH61qmQJVO0vrZ0lZz7l0lhKxZuf0z5G2kgUVRvP4t4kZCIagc1sLQxV3MXUQQX1P_fCWXz1rXhCvf4-X4eT09DSfsnJlE-XF9iqSf513PJcxPFekMkhK-Ghx-IfC1L8S9PQ9wKan2OIzM_0RLObGv1nbgPJyUXnlA&havepermission=accepted&rowsa=50">
71.164.65.252 - - [17/Apr/2017:20:49:39 +0000] "GET /login.php HTTP/1.1" 200 1936 "https://leakbase.pw/register.php" "Mozilla/5.0 (Windows NT 10.0; Win64; x64) AppleWebKit/537.36 (KHTML, like Gecko) Chrome/58.0.3029.68 Safari/537.36" "leakbase=nvoln6nueehjulladbl5ntbil6; _gat=1; _ga=GA1.2.2043685624.1492461802" <"-">
94.3.227.34 - - [17/Apr/2017:20:49:40 +0000] "GET /font/EncodeSans-Bold.ttf HTTP/1.1" 200 196084 "https://leakbase.pw/css/main.css" "Mozilla/5.0 (Windows NT 10.0; WOW64) AppleWebKit/537.36 (KHTML, like Gecko) Chrome/57.0.2987.133 Safari/537.36" "leakbase=rtg1iliicutkg5hj1fc10n73e0" <"-">
104.36.181.254 - - [17/Apr/2017:20:49:41 +0000] "GET /payment.php?id=CPBD4CPNRIGZPH51T2Z3RK3JWG HTTP/1.1" 200 2035 "-" "Mozilla/5.0 (Windows NT 10.0; WOW64; rv:52.0) Gecko/20100101 Firefox/52.0" "leakbase=75kgdnc5lgfljped1ma64ch617; id=0836ee706c7d287b4ce9ca517c85dc9d" <"-">
104.36.181.254 - - [17/Apr/2017:20:49:41 +0000] "GET /css/fontello.css HTTP/1.1" 200 835 "https://leakbase.pw/payment.php?id=CPBD4CPNRIGZPH51T2Z3RK3JWG" "Mozilla/5.0 (Windows NT 10.0; WOW64; rv:52.0) Gecko/20100101 Firefox/52.0" "leakbase=75kgdnc5lgfljped1ma64ch617; id=0836ee706c7d287b4ce9ca517c85dc9d" <"-">
104.36.181.254 - - [17/Apr/2017:20:49:41 +0000] "GET /css/main.css HTTP/1.1" 200 825 "https://leakbase.pw/payment.php?id=CPBD4CPNRIGZPH51T2Z3RK3JWG" "Mozilla/5.0 (Windows NT 10.0; WOW64; rv:52.0) Gecko/20100101 Firefox/52.0" "leakbase=75kgdnc5lgfljped1ma64ch617; id=0836ee706c7d287b4ce9ca517c85dc9d" <"-">
98.229.19.55 - - [17/Apr/2017:20:49:42 +0000] "GET /landing.php HTTP/1.1" 200 2613 "https://www.google.com/" "Mozilla/5.0 (Windows NT 10.0; Win64; x64) AppleWebKit/537.36 (KHTML, like Gecko) Chrome/57.0.2987.133 Safari/537.36" "_ga=GA1.2.1622967172.1492050967; leakbase=o9jp9nvm0qrf37bk2h8b176tl2; id=280f90c7f6e6370261c87c28bf1d6311" <"-">
98.229.19.55 - - [17/Apr/2017:20:49:43 +0000] "GET /font/fontello.woff2?34074438 HTTP/1.1" 200 2420 "https://leakbase.pw/css/fontello.css" "Mozilla/5.0 (Windows NT 10.0; Win64; x64) AppleWebKit/537.36 (KHTML, like Gecko) Chrome/57.0.2987.133 Safari/537.36" "_ga=GA1.2.1622967172.1492050967; leakbase=o9jp9nvm0qrf37bk2h8b176tl2; id=280f90c7f6e6370261c87c28bf1d6311" <"-">
94.3.227.34 - - [17/Apr/2017:20:49:46 +0000] "GET /landing.php HTTP/1.1" 200 2654 "https://leakbase.pw/" "Mozilla/5.0 (Windows NT 10.0; WOW64) AppleWebKit/537.36 (KHTML, like Gecko) Chrome/57.0.2987.133 Safari/537.36" "leakbase=rtg1iliicutkg5hj1fc10n73e0; _ga=GA1.2.1017868254.1492461912; _gat=1" <"-">
94.3.227.34 - - [17/Apr/2017:20:49:47 +0000] "GET /css/fontello.css HTTP/1.1" 200 835 "https://leakbase.pw/landing.php" "Mozilla/5.0 (Windows NT 10.0; WOW64) AppleWebKit/537.36 (KHTML, like Gecko) Chrome/57.0.2987.133 Safari/537.36" "leakbase=rtg1iliicutkg5hj1fc10n73e0; _ga=GA1.2.1017868254.1492461912; _gat=1" <"-">
94.3.227.34 - - [17/Apr/2017:20:49:47 +0000] "GET /css/darkly.css HTTP/1.1" 200 20782 "https://leakbase.pw/landing.php" "Mozilla/5.0 (Windows NT 10.0; WOW64) AppleWebKit/537.36 (KHTML, like Gecko) Chrome/57.0.2987.133 Safari/537.36" "leakbase=rtg1iliicutkg5hj1fc10n73e0; _ga=GA1.2.1017868254.1492461912; _gat=1" <"-">
151.224.170.135 - - [17/Apr/2017:20:49:47 +0000] "GET /dbs.php HTTP/1.1" 200 6887 "https://leakbase.pw/landing.php" "Mozilla/5.0 (Windows NT 10.0; Win64; x64) AppleWebKit/537.36 (KHTML, like Gecko) Chrome/57.0.2987.133 Safari/537.36" "leakbase=g6vke14diq101ksndb112f6601; id=72b8475e5392bfc633e6587aefdad3eb; _ga=GA1.2.1790325173.1489961735" <"-">
94.3.227.34 - - [17/Apr/2017:20:49:48 +0000] "GET /font/fontello.woff2?34074438 HTTP/1.1" 200 2420 "https://leakbase.pw/css/fontello.css" "Mozilla/5.0 (Windows NT 10.0; WOW64) AppleWebKit/537.36 (KHTML, like Gecko) Chrome/57.0.2987.133 Safari/537.36" "leakbase=rtg1iliicutkg5hj1fc10n73e0; _ga=GA1.2.1017868254.1492461912; _gat=1" <"-">
151.224.170.135 - - [17/Apr/2017:20:49:48 +0000] "GET /css/bootstrap-sortable.css HTTP/1.1" 200 755 "https://leakbase.pw/dbs.php" "Mozilla/5.0 (Windows NT 10.0; Win64; x64) AppleWebKit/537.36 (KHTML, like Gecko) Chrome/57.0.2987.133 Safari/537.36" "leakbase=g6vke14diq101ksndb112f6601; _ga=GA1.2.1790325173.1489961735; id=72b8475e5392bfc633e6587aefdad3eb" <"-">
151.224.170.135 - - [17/Apr/2017:20:49:48 +0000] "GET /js/moment.min.js HTTP/1.1" 200 8803 "https://leakbase.pw/dbs.php" "Mozilla/5.0 (Windows NT 10.0; Win64; x64) AppleWebKit/537.36 (KHTML, like Gecko) Chrome/57.0.2987.133 Safari/537.36" "leakbase=g6vke14diq101ksndb112f6601; _ga=GA1.2.1790325173.1489961735; id=72b8475e5392bfc633e6587aefdad3eb" <"-">
151.224.170.135 - - [17/Apr/2017:20:49:48 +0000] "GET /js/list.min.js HTTP/1.1" 200 5227 "https://leakbase.pw/dbs.php" "Mozilla/5.0 (Windows NT 10.0; Win64; x64) AppleWebKit/537.36 (KHTML, like Gecko) Chrome/57.0.2987.133 Safari/537.36" "leakbase=g6vke14diq101ksndb112f6601; _ga=GA1.2.1790325173.1489961735; id=72b8475e5392bfc633e6587aefdad3eb" <"-">
151.224.170.135 - - [17/Apr/2017:20:49:48 +0000] "GET /js/bootstrap-sortable.js HTTP/1.1" 200 4610 "https://leakbase.pw/dbs.php" "Mozilla/5.0 (Windows NT 10.0; Win64; x64) AppleWebKit/537.36 (KHTML, like Gecko) Chrome/57.0.2987.133 Safari/537.36" "leakbase=g6vke14diq101ksndb112f6601; _ga=GA1.2.1790325173.1489961735; id=72b8475e5392bfc633e6587aefdad3eb" <"-">
98.229.19.55 - - [17/Apr/2017:20:49:49 +0000] "POST /landing.php HTTP/1.1" 200 2672 "https://leakbase.pw/landing.php" "Mozilla/5.0 (Windows NT 10.0; Win64; x64) AppleWebKit/537.36 (KHTML, like Gecko) Chrome/57.0.2987.133 Safari/537.36" "leakbase=o9jp9nvm0qrf37bk2h8b176tl2; id=280f90c7f6e6370261c87c28bf1d6311; _ga=GA1.2.1622967172.1492050967; _gat=1" <"username=&passwordx=&email=laurids%40vicegold.com&ip=&firstname=&lastname=&havepermission=accepted&rowsa=50">
98.229.19.55 - - [17/Apr/2017:20:49:54 +0000] "POST /landing.php HTTP/1.1" 200 2672 "https://leakbase.pw/landing.php" "Mozilla/5.0 (Windows NT 10.0; Win64; x64) AppleWebKit/537.36 (KHTML, like Gecko) Chrome/57.0.2987.133 Safari/537.36" "leakbase=o9jp9nvm0qrf37bk2h8b176tl2; _gat=1; id=280f90c7f6e6370261c87c28bf1d6311; _ga=GA1.2.1622967172.1492050967" <"username=&passwordx=&email=laurids%40vicegold.com&ip=&firstname=&lastname=&havepermission=accepted&rowsa=50">
178.19.30.217 - - [17/Apr/2017:20:49:57 +0000] "GET /payment.php?id=CPBD0RJYFQSKNVOAMCEGNJHBZY HTTP/1.1" 200 2033 "https://leakbase.pw/payment.php?id=CPBD0RJYFQSKNVOAMCEGNJHBZY" "Mozilla/5.0 (Windows NT 6.1; WOW64) AppleWebKit/537.36 (KHTML, like Gecko) Chrome/57.0.2987.133 Safari/537.36" "__cfduid=db99a8974f4a95a7848119fa69553ee301485429819; leakbase=mbi06fuefa5ujcu2ogo5o2vb45; x4b_f=545YxSSYaFC7Jxt(3njt(4uEk6VfDEa2wrJjWZWmYa9_; legendleak=s386anp4dem87i91o80084udd1; x4b_c=M)yawfE8iFEPGVA6yO5CuPFAWlqO; id=70a7d5ff3878e84bc0bb2313f1b550db; _ga=GA1.2.166494082.1492279860; _gat=1" <"-">
95.27.43.204 - - [17/Apr/2017:20:49:58 +0000] "GET /payment.php?id=CPBD7KLPVATDPSZJALG2RTX8A6 HTTP/1.1" 200 2079 "https://leakbase.pw/payment.php?id=CPBD7KLPVATDPSZJALG2RTX8A6" "Mozilla/5.0 (Windows NT 6.1) AppleWebKit/537.36 (KHTML, like Gecko) Chrome/57.0.2987.133 Safari/537.36" "leakbase=a8583huedsoks73g6ja1h09ak2; _gat=1; id=2acc23a4ef104bf4fe8d9125411564b3; _ga=GA1.2.519762130.1492460632" <"-">
178.19.30.217 - - [17/Apr/2017:20:49:58 +0000] "GET /css/fontello.css HTTP/1.1" 200 835 "https://leakbase.pw/payment.php?id=CPBD0RJYFQSKNVOAMCEGNJHBZY" "Mozilla/5.0 (Windows NT 6.1; WOW64) AppleWebKit/537.36 (KHTML, like Gecko) Chrome/57.0.2987.133 Safari/537.36" "__cfduid=db99a8974f4a95a7848119fa69553ee301485429819; leakbase=mbi06fuefa5ujcu2ogo5o2vb45; x4b_f=545YxSSYaFC7Jxt(3njt(4uEk6VfDEa2wrJjWZWmYa9_; legendleak=s386anp4dem87i91o80084udd1; x4b_c=M)yawfE8iFEPGVA6yO5CuPFAWlqO; _ga=GA1.2.166494082.1492279860; _gat=1; id=70a7d5ff3878e84bc0bb2313f1b550db" <"-">
178.19.30.217 - - [17/Apr/2017:20:49:58 +0000] "GET /css/main.css HTTP/1.1" 200 825 "https://leakbase.pw/payment.php?id=CPBD0RJYFQSKNVOAMCEGNJHBZY" "Mozilla/5.0 (Windows NT 6.1; WOW64) AppleWebKit/537.36 (KHTML, like Gecko) Chrome/57.0.2987.133 Safari/537.36" "__cfduid=db99a8974f4a95a7848119fa69553ee301485429819; leakbase=mbi06fuefa5ujcu2ogo5o2vb45; x4b_f=545YxSSYaFC7Jxt(3njt(4uEk6VfDEa2wrJjWZWmYa9_; legendleak=s386anp4dem87i91o80084udd1; x4b_c=M)yawfE8iFEPGVA6yO5CuPFAWlqO; _ga=GA1.2.166494082.1492279860; _gat=1; id=70a7d5ff3878e84bc0bb2313f1b550db" <"-">
98.229.19.55 - - [17/Apr/2017:20:49:58 +0000] "POST /landing.php HTTP/1.1" 200 2672 "https://leakbase.pw/landing.php" "Mozilla/5.0 (Windows NT 10.0; Win64; x64) AppleWebKit/537.36 (KHTML, like Gecko) Chrome/57.0.2987.133 Safari/537.36" "leakbase=o9jp9nvm0qrf37bk2h8b176tl2; _gat=1; id=280f90c7f6e6370261c87c28bf1d6311; _ga=GA1.2.1622967172.1492050967" <"username=&passwordx=&email=laurids%40vicegold.com&ip=&firstname=&lastname=&havepermission=accepted&rowsa=50">
95.27.43.204 - - [17/Apr/2017:20:49:58 +0000] "GET /css/main.css HTTP/1.1" 200 825 "https://leakbase.pw/payment.php?id=CPBD7KLPVATDPSZJALG2RTX8A6" "Mozilla/5.0 (Windows NT 6.1) AppleWebKit/537.36 (KHTML, like Gecko) Chrome/57.0.2987.133 Safari/537.36" "leakbase=a8583huedsoks73g6ja1h09ak2; _gat=1; _ga=GA1.2.519762130.1492460632; id=2acc23a4ef104bf4fe8d9125411564b3" <"-">
68.33.93.79 - - [17/Apr/2017:20:49:58 +0000] "GET /payment.php?id=CPBD4VJTSZ7KQYJARDEJ3XSLFF HTTP/1.1" 200 2069 "https://leakbase.pw/payment.php?id=CPBD4VJTSZ7KQYJARDEJ3XSLFF" "Mozilla/5.0 (Windows NT 10.0; Win64; x64) AppleWebKit/537.36 (KHTML, like Gecko) Chrome/57.0.2987.133 Safari/537.36" "leakbase=9mc85a58nskf6h8s4gh8u92bk0; id=132f18dd1c31ab18c6c40e609180b862" <"-">
95.27.43.204 - - [17/Apr/2017:20:49:58 +0000] "GET /css/fontello.css HTTP/1.1" 200 835 "https://leakbase.pw/payment.php?id=CPBD7KLPVATDPSZJALG2RTX8A6" "Mozilla/5.0 (Windows NT 6.1) AppleWebKit/537.36 (KHTML, like Gecko) Chrome/57.0.2987.133 Safari/537.36" "leakbase=a8583huedsoks73g6ja1h09ak2; _gat=1; _ga=GA1.2.519762130.1492460632; id=2acc23a4ef104bf4fe8d9125411564b3" <"-">
