178.19.30.217 - - [17/Apr/2017:20:49:59 +0000] "GET /font/EncodeSans-Bold.ttf HTTP/1.1" 304 0 "https://leakbase.pw/css/main.css" "Mozilla/5.0 (Windows NT 6.1; WOW64) AppleWebKit/537.36 (KHTML, like Gecko) Chrome/57.0.2987.133 Safari/537.36" "__cfduid=db99a8974f4a95a7848119fa69553ee301485429819; leakbase=mbi06fuefa5ujcu2ogo5o2vb45; x4b_f=545YxSSYaFC7Jxt(3njt(4uEk6VfDEa2wrJjWZWmYa9_; legendleak=s386anp4dem87i91o80084udd1; x4b_c=M)yawfE8iFEPGVA6yO5CuPFAWlqO; _ga=GA1.2.166494082.1492279860; _gat=1; id=70a7d5ff3878e84bc0bb2313f1b550db" <"-">
94.3.227.34 - - [17/Apr/2017:20:49:59 +0000] "POST /landing.php HTTP/1.1" 200 2778 "https://leakbase.pw/landing.php" "Mozilla/5.0 (Windows NT 10.0; WOW64) AppleWebKit/537.36 (KHTML, like Gecko) Chrome/57.0.2987.133 Safari/537.36" "leakbase=rtg1iliicutkg5hj1fc10n73e0; _gat=1; _ga=GA1.2.1017868254.1492461912" <"username=iskatehd&passwordx=&email=&ip=&firstname=&lastname=&g-recaptcha-response=03AOP2lf5Up23sTyLOBu4a4jDLsqqv0mCgD8dn-BLToINu0JR1fslU7QEwJ99UBYJyQG3WTUgQ6qY5YGdM1MB40hhylD0Q-QlJFGZ4_7-D8XtrfUIyzgeWmRM6o3xM58JToG1-UMdAozHYO1VfgP-LnWGEnzjjK8DmlxOXNXkYbpziIZleGH94kBp5x_hxZHh9SGCaVOaM3mMnxo4TosjCAYoJ6MTxfmQcuSP5ycbFJZvoPKfNaC9Yn7p2VQEsXTWQtEzQ5yywStkZccyB1M0fAd8Nqj0CcNKU4M-2_Q85bZGK8CSmgGtiyepo0fyOkgZ96IX_YfljaDRSEQ4r8spmbiokGN7kDIhYtbrJJHWYios345AoLYPFxD3VsX7s0_lMuS8vlM6AftIINqXtETYTQdcBDptsBNQXIg&havepermission=accepted&rowsa=50">
95.27.43.204 - - [17/Apr/2017:20:49:59 +0000] "GET /font/EncodeSans-Bold.ttf HTTP/1.1" 304 0 "https://leakbase.pw/css/main.css" "Mozilla/5.0 (Windows NT 6.1) AppleWebKit/537.36 (KHTML, like Gecko) Chrome/57.0.2987.133 Safari/537.36" "leakbase=a8583huedsoks73g6ja1h09ak2; _gat=1; _ga=GA1.2.519762130.1492460632; id=2acc23a4ef104bf4fe8d9125411564b3" <"-">
71.164.65.252 - - [17/Apr/2017:20:50:01 +0000] "POST /login.php HTTP/1.1" 200 2036 "https://leakbase.pw/login.php" "Mozilla/5.0 (Windows NT 10.0; Win64; x64) AppleWebKit/537.36 (KHTML, like Gecko) Chrome/58.0.3029.68 Safari/537.36" "leakbase=nvoln6nueehjulladbl5ntbil6; _ga=GA1.2.2043685624.1492461802" <"username=nononononodsd&password=nattdale44&g-recaptcha-response=03AOP2lf4gSCf4nJwo8n5NnmTvjU_rxBP93BK61-9Mu_zdzANUaoBYHhbmC3qnQwLdfrrGp5vGELOiQ9c2rq5QqSDRtuo0WQeZioZrFxsT5lJb4nmmYmVAK79XjCp1Pw3iDy-002NXV-nmMBzGVeuEjg92VC0YH_hqbKQK-L8zNcMH7rUhMDKjQusPRgBZOq96lAXlH19KG4-SSa3n3kHSAD_mruKV3qdfrD1C3VOmUZxMMcnipS_fVps-inMh1NU1QO8bx7MUSdLEdKLQMsWQD-VYcNNBcglO6q_tCxRWMSicssIiP6Lq9fC1NiQkB7nJqSuKELW2i51ss2MceSAhaG2BdmphuvGHXqVrjlDCoomUaFAbL3xWJcHKpTsOECVy7hnNtOpECmhofrSDazVXmh1XGNedCm5-Qw">
68.33.93.79 - - [17/Apr/2017:20:50:01 +0000] "GET /css/fontello.css HTTP/1.1" 200 835 "https://leakbase.pw/payment.php?id=CPBD4VJTSZ7KQYJARDEJ3XSLFF" "Mozilla/5.0 (Windows NT 10.0; Win64; x64) AppleWebKit/537.36 (KHTML, like Gecko) Chrome/57.0.2987.133 Safari/537.36" "leakbase=9mc85a58nskf6h8s4gh8u92bk0; id=132f18dd1c31ab18c6c40e609180b862" <"-">
68.33.93.79 - - [17/Apr/2017:20:50:01 +0000] "GET /css/main.css HTTP/1.1" 200 825 "https://leakbase.pw/payment.php?id=CPBD4VJTSZ7KQYJARDEJ3XSLFF" "Mozilla/5.0 (Windows NT 10.0; Win64; x64) AppleWebKit/537.36 (KHTML, like Gecko) Chrome/57.0.2987.133 Safari/537.36" "leakbase=9mc85a58nskf6h8s4gh8u92bk0; id=132f18dd1c31ab18c6c40e609180b862" <"-">
98.229.19.55 - - [17/Apr/2017:20:50:02 +0000] "POST /landing.php HTTP/1.1" 200 2672 "https://leakbase.pw/landing.php" "Mozilla/5.0 (Windows NT 10.0; Win64; x64) AppleWebKit/537.36 (KHTML, like Gecko) Chrome/57.0.2987.133 Safari/537.36" "leakbase=o9jp9nvm0qrf37bk2h8b176tl2; _gat=1; id=280f90c7f6e6370261c87c28bf1d6311; _ga=GA1.2.1622967172.1492050967" <"username=&passwordx=&email=laurids%40vicegold.com&ip=&firstname=&lastname=&havepermission=accepted&rowsa=50">
104.36.181.254 - - [17/Apr/2017:20:50:03 +0000] "GET /payment.php?id=CPBD4CPNRIGZPH51T2Z3RK3JWG HTTP/1.1" 200 2035 "-" "Mozilla/5.0 (Windows NT 10.0; WOW64; rv:52.0) Gecko/20100101 Firefox/52.0" "leakbase=75kgdnc5lgfljped1ma64ch617; id=0836ee706c7d287b4ce9ca517c85dc9d" <"-">
104.36.181.254 - - [17/Apr/2017:20:50:04 +0000] "GET /css/main.css HTTP/1.1" 200 825 "https://leakbase.pw/payment.php?id=CPBD4CPNRIGZPH51T2Z3RK3JWG" "Mozilla/5.0 (Windows NT 10.0; WOW64; rv:52.0) Gecko/20100101 Firefox/52.0" "leakbase=75kgdnc5lgfljped1ma64ch617; id=0836ee706c7d287b4ce9ca517c85dc9d" <"-">
104.36.181.254 - - [17/Apr/2017:20:50:04 +0000] "GET /css/fontello.css HTTP/1.1" 200 835 "https://leakbase.pw/payment.php?id=CPBD4CPNRIGZPH51T2Z3RK3JWG" "Mozilla/5.0 (Windows NT 10.0; WOW64; rv:52.0) Gecko/20100101 Firefox/52.0" "leakbase=75kgdnc5lgfljped1ma64ch617; id=0836ee706c7d287b4ce9ca517c85dc9d" <"-">
68.33.93.79 - - [17/Apr/2017:20:50:04 +0000] "GET /font/EncodeSans-Bold.ttf HTTP/1.1" 304 0 "https://leakbase.pw/css/main.css" "Mozilla/5.0 (Windows NT 10.0; Win64; x64) AppleWebKit/537.36 (KHTML, like Gecko) Chrome/57.0.2987.133 Safari/537.36" "leakbase=9mc85a58nskf6h8s4gh8u92bk0; id=132f18dd1c31ab18c6c40e609180b862" <"-">
99.238.154.55 - - [17/Apr/2017:20:50:05 +0000] "GET /?referral=2851 HTTP/1.1" 302 0 "https://www.nulled.to/topic/217685-leakedsource-alternative/" "Mozilla/5.0 (Windows NT 6.1; Win64; x64) AppleWebKit/537.36 (KHTML, like Gecko) Chrome/57.0.2987.133 Safari/537.36" "leakbase=51tdpocm1m8fccn1ibdfvt5e97; x4b_f=VmHpMY3OzH26WJ3M)vj72Wl940Pfwn2ca3ch1lfwqLl_; _ga=GA1.2.1540865149.1492279873; x4b_c=M)yawfhJSIK8)itmZ)nr0d7TWlqO" <"-">
99.238.154.55 - - [17/Apr/2017:20:50:06 +0000] "GET / HTTP/1.1" 200 2364 "https://www.nulled.to/topic/217685-leakedsource-alternative/" "Mozilla/5.0 (Windows NT 6.1; Win64; x64) AppleWebKit/537.36 (KHTML, like Gecko) Chrome/57.0.2987.133 Safari/537.36" "leakbase=51tdpocm1m8fccn1ibdfvt5e97; x4b_f=VmHpMY3OzH26WJ3M)vj72Wl940Pfwn2ca3ch1lfwqLl_; _ga=GA1.2.1540865149.1492279873; x4b_c=M)yawfhJSIK8)itmZ)nr0d7TWlqO" <"-">
94.3.227.34 - - [17/Apr/2017:20:50:07 +0000] "GET / HTTP/1.1" 200 2364 "https://leakbase.pw/landing.php" "Mozilla/5.0 (Windows NT 10.0; WOW64) AppleWebKit/537.36 (KHTML, like Gecko) Chrome/57.0.2987.133 Safari/537.36" "leakbase=rtg1iliicutkg5hj1fc10n73e0; _gat=1; _ga=GA1.2.1017868254.1492461912" <"-">
99.238.154.55 - - [17/Apr/2017:20:50:07 +0000] "GET /css/main.css HTTP/1.1" 200 825 "https://leakbase.pw/" "Mozilla/5.0 (Windows NT 6.1; Win64; x64) AppleWebKit/537.36 (KHTML, like Gecko) Chrome/57.0.2987.133 Safari/537.36" "leakbase=51tdpocm1m8fccn1ibdfvt5e97; x4b_f=VmHpMY3OzH26WJ3M)vj72Wl940Pfwn2ca3ch1lfwqLl_; _ga=GA1.2.1540865149.1492279873; x4b_c=M)yawfhJSIK8)itmZ)nr0d7TWlqO" <"-">
99.238.154.55 - - [17/Apr/2017:20:50:09 +0000] "GET /font/EncodeSans-Bold.ttf HTTP/1.1" 200 196084 "https://leakbase.pw/css/main.css" "Mozilla/5.0 (Windows NT 6.1; Win64; x64) AppleWebKit/537.36 (KHTML, like Gecko) Chrome/57.0.2987.133 Safari/537.36" "leakbase=51tdpocm1m8fccn1ibdfvt5e97; x4b_f=VmHpMY3OzH26WJ3M)vj72Wl940Pfwn2ca3ch1lfwqLl_; _ga=GA1.2.1540865149.1492279873; x4b_c=M)yawfhJSIK8)itmZ)nr0d7TWlqO" <"-">
98.229.19.55 - - [17/Apr/2017:20:50:13 +0000] "POST /landing.php HTTP/1.1" 200 2672 "https://leakbase.pw/landing.php" "Mozilla/5.0 (Windows NT 10.0; Win64; x64) AppleWebKit/537.36 (KHTML, like Gecko) Chrome/57.0.2987.133 Safari/537.36" "leakbase=o9jp9nvm0qrf37bk2h8b176tl2; _gat=1; id=280f90c7f6e6370261c87c28bf1d6311; _ga=GA1.2.1622967172.1492050967" <"username=&passwordx=&email=laurids%40vicegold.com&ip=&firstname=&lastname=&havepermission=accepted&rowsa=50">
94.3.227.34 - - [17/Apr/2017:20:50:13 +0000] "GET /gateway.php?id=1 HTTP/1.1" 302 12 "https://leakbase.pw/" "Mozilla/5.0 (Windows NT 10.0; WOW64) AppleWebKit/537.36 (KHTML, like Gecko) Chrome/57.0.2987.133 Safari/537.36" "leakbase=rtg1iliicutkg5hj1fc10n73e0; _gat=1; _ga=GA1.2.1017868254.1492461912" <"-">
94.3.227.34 - - [17/Apr/2017:20:50:14 +0000] "GET /login.php HTTP/1.1" 200 1936 "https://leakbase.pw/" "Mozilla/5.0 (Windows NT 10.0; WOW64) AppleWebKit/537.36 (KHTML, like Gecko) Chrome/57.0.2987.133 Safari/537.36" "leakbase=rtg1iliicutkg5hj1fc10n73e0; _gat=1; _ga=GA1.2.1017868254.1492461912" <"-">
98.229.19.55 - - [17/Apr/2017:20:50:16 +0000] "POST /landing.php HTTP/1.1" 200 2672 "https://leakbase.pw/landing.php" "Mozilla/5.0 (Windows NT 10.0; Win64; x64) AppleWebKit/537.36 (KHTML, like Gecko) Chrome/57.0.2987.133 Safari/537.36" "leakbase=o9jp9nvm0qrf37bk2h8b176tl2; _gat=1; id=280f90c7f6e6370261c87c28bf1d6311; _ga=GA1.2.1622967172.1492050967" <"username=&passwordx=&email=laurids%40vicegold.com&ip=&firstname=&lastname=&havepermission=accepted&rowsa=50">
99.238.154.55 - - [17/Apr/2017:20:50:19 +0000] "GET /landing.php HTTP/1.1" 200 2654 "https://leakbase.pw/" "Mozilla/5.0 (Windows NT 6.1; Win64; x64) AppleWebKit/537.36 (KHTML, like Gecko) Chrome/57.0.2987.133 Safari/537.36" "leakbase=51tdpocm1m8fccn1ibdfvt5e97; x4b_f=VmHpMY3OzH26WJ3M)vj72Wl940Pfwn2ca3ch1lfwqLl_; x4b_c=M)yawfhJSIK8)itmZ)nr0d7TWlqO; _ga=GA1.2.1540865149.1492279873; _gat=1" <"-">
99.238.154.55 - - [17/Apr/2017:20:50:20 +0000] "GET /css/fontello.css HTTP/1.1" 200 835 "https://leakbase.pw/landing.php" "Mozilla/5.0 (Windows NT 6.1; Win64; x64) AppleWebKit/537.36 (KHTML, like Gecko) Chrome/57.0.2987.133 Safari/537.36" "leakbase=51tdpocm1m8fccn1ibdfvt5e97; x4b_f=VmHpMY3OzH26WJ3M)vj72Wl940Pfwn2ca3ch1lfwqLl_; x4b_c=M)yawfhJSIK8)itmZ)nr0d7TWlqO; _ga=GA1.2.1540865149.1492279873; _gat=1" <"-">
99.238.154.55 - - [17/Apr/2017:20:50:20 +0000] "GET /css/darkly.css HTTP/1.1" 200 20782 "https://leakbase.pw/landing.php" "Mozilla/5.0 (Windows NT 6.1; Win64; x64) AppleWebKit/537.36 (KHTML, like Gecko) Chrome/57.0.2987.133 Safari/537.36" "leakbase=51tdpocm1m8fccn1ibdfvt5e97; x4b_f=VmHpMY3OzH26WJ3M)vj72Wl940Pfwn2ca3ch1lfwqLl_; x4b_c=M)yawfhJSIK8)itmZ)nr0d7TWlqO; _ga=GA1.2.1540865149.1492279873; _gat=1" <"-">
178.19.30.217 - - [17/Apr/2017:20:50:20 +0000] "GET /payment.php?id=CPBD0RJYFQSKNVOAMCEGNJHBZY HTTP/1.1" 200 2033 "https://leakbase.pw/payment.php?id=CPBD0RJYFQSKNVOAMCEGNJHBZY" "Mozilla/5.0 (Windows NT 6.1; WOW64) AppleWebKit/537.36 (KHTML, like Gecko) Chrome/57.0.2987.133 Safari/537.36" "__cfduid=db99a8974f4a95a7848119fa69553ee301485429819; leakbase=mbi06fuefa5ujcu2ogo5o2vb45; x4b_f=545YxSSYaFC7Jxt(3njt(4uEk6VfDEa2wrJjWZWmYa9_; legendleak=s386anp4dem87i91o80084udd1; x4b_c=M)yawfE8iFEPGVA6yO5CuPFAWlqO; _gat=1; id=70a7d5ff3878e84bc0bb2313f1b550db; _ga=GA1.2.166494082.1492279860" <"-">
185.65.135.93 - - [17/Apr/2017:20:50:20 +0000] "GET / HTTP/1.1" 200 2395 "-" "Mozilla/5.0 (Windows NT 10.0; Win64; x64) AppleWebKit/537.36 (KHTML, like Gecko) Chrome/57.0.2987.133 Safari/537.36" "leakbase=ktlsk80f12ji448qfc1ksaeo62; legendleak=i7h10ru5p1a40dtih85p2ha1f0; x4b_f=J38bx6vFuH9YSEx8aify(FpA1r82Eq8Q0PUL))bleUV_; x4b_c=M)yawwfVdIc2XgDMvsMP1FB9xlqV; id=364524dadd3a8e21c09278c706c53e62" <"-">
94.3.227.34 - - [17/Apr/2017:20:50:20 +0000] "POST /login.php HTTP/1.1" 200 2028 "https://leakbase.pw/login.php" "Mozilla/5.0 (Windows NT 10.0; WOW64) AppleWebKit/537.36 (KHTML, like Gecko) Chrome/57.0.2987.133 Safari/537.36" "leakbase=rtg1iliicutkg5hj1fc10n73e0; _gat=1; _ga=GA1.2.1017868254.1492461912" <"username=iskatehd&password=gagaman1&g-recaptcha-response=">
178.19.30.217 - - [17/Apr/2017:20:50:21 +0000] "GET /css/main.css HTTP/1.1" 200 825 "https://leakbase.pw/payment.php?id=CPBD0RJYFQSKNVOAMCEGNJHBZY" "Mozilla/5.0 (Windows NT 6.1; WOW64) AppleWebKit/537.36 (KHTML, like Gecko) Chrome/57.0.2987.133 Safari/537.36" "__cfduid=db99a8974f4a95a7848119fa69553ee301485429819; leakbase=mbi06fuefa5ujcu2ogo5o2vb45; x4b_f=545YxSSYaFC7Jxt(3njt(4uEk6VfDEa2wrJjWZWmYa9_; legendleak=s386anp4dem87i91o80084udd1; x4b_c=M)yawfE8iFEPGVA6yO5CuPFAWlqO; _gat=1; _ga=GA1.2.166494082.1492279860; id=70a7d5ff3878e84bc0bb2313f1b550db" <"-">
178.19.30.217 - - [17/Apr/2017:20:50:21 +0000] "GET /css/fontello.css HTTP/1.1" 200 835 "https://leakbase.pw/payment.php?id=CPBD0RJYFQSKNVOAMCEGNJHBZY" "Mozilla/5.0 (Windows NT 6.1; WOW64) AppleWebKit/537.36 (KHTML, like Gecko) Chrome/57.0.2987.133 Safari/537.36" "__cfduid=db99a8974f4a95a7848119fa69553ee301485429819; leakbase=mbi06fuefa5ujcu2ogo5o2vb45; x4b_f=545YxSSYaFC7Jxt(3njt(4uEk6VfDEa2wrJjWZWmYa9_; legendleak=s386anp4dem87i91o80084udd1; x4b_c=M)yawfE8iFEPGVA6yO5CuPFAWlqO; _gat=1; _ga=GA1.2.166494082.1492279860; id=70a7d5ff3878e84bc0bb2313f1b550db" <"-">
95.27.43.204 - - [17/Apr/2017:20:50:21 +0000] "GET /payment.php?id=CPBD7KLPVATDPSZJALG2RTX8A6 HTTP/1.1" 200 2079 "https://leakbase.pw/payment.php?id=CPBD7KLPVATDPSZJALG2RTX8A6" "Mozilla/5.0 (Windows NT 6.1) AppleWebKit/537.36 (KHTML, like Gecko) Chrome/57.0.2987.133 Safari/537.36" "leakbase=a8583huedsoks73g6ja1h09ak2; id=2acc23a4ef104bf4fe8d9125411564b3; _ga=GA1.2.519762130.1492460632" <"-">
99.238.154.55 - - [17/Apr/2017:20:50:21 +0000] "GET /font/fontello.woff2?34074438 HTTP/1.1" 200 2420 "https://leakbase.pw/css/fontello.css" "Mozilla/5.0 (Windows NT 6.1; Win64; x64) AppleWebKit/537.36 (KHTML, like Gecko) Chrome/57.0.2987.133 Safari/537.36" "leakbase=51tdpocm1m8fccn1ibdfvt5e97; x4b_f=VmHpMY3OzH26WJ3M)vj72Wl940Pfwn2ca3ch1lfwqLl_; x4b_c=M)yawfhJSIK8)itmZ)nr0d7TWlqO; _ga=GA1.2.1540865149.1492279873; _gat=1" <"-">
178.19.30.217 - - [17/Apr/2017:20:50:21 +0000] "GET /font/EncodeSans-Bold.ttf HTTP/1.1" 304 0 "https://leakbase.pw/css/main.css" "Mozilla/5.0 (Windows NT 6.1; WOW64) AppleWebKit/537.36 (KHTML, like Gecko) Chrome/57.0.2987.133 Safari/537.36" "__cfduid=db99a8974f4a95a7848119fa69553ee301485429819; leakbase=mbi06fuefa5ujcu2ogo5o2vb45; x4b_f=545YxSSYaFC7Jxt(3njt(4uEk6VfDEa2wrJjWZWmYa9_; legendleak=s386anp4dem87i91o80084udd1; x4b_c=M)yawfE8iFEPGVA6yO5CuPFAWlqO; _gat=1; _ga=GA1.2.166494082.1492279860; id=70a7d5ff3878e84bc0bb2313f1b550db" <"-">
95.27.43.204 - - [17/Apr/2017:20:50:21 +0000] "GET /css/main.css HTTP/1.1" 200 825 "https://leakbase.pw/payment.php?id=CPBD7KLPVATDPSZJALG2RTX8A6" "Mozilla/5.0 (Windows NT 6.1) AppleWebKit/537.36 (KHTML, like Gecko) Chrome/57.0.2987.133 Safari/537.36" "leakbase=a8583huedsoks73g6ja1h09ak2; _ga=GA1.2.519762130.1492460632; id=2acc23a4ef104bf4fe8d9125411564b3" <"-">
95.27.43.204 - - [17/Apr/2017:20:50:21 +0000] "GET /css/fontello.css HTTP/1.1" 200 835 "https://leakbase.pw/payment.php?id=CPBD7KLPVATDPSZJALG2RTX8A6" "Mozilla/5.0 (Windows NT 6.1) AppleWebKit/537.36 (KHTML, like Gecko) Chrome/57.0.2987.133 Safari/537.36" "leakbase=a8583huedsoks73g6ja1h09ak2; _ga=GA1.2.519762130.1492460632; id=2acc23a4ef104bf4fe8d9125411564b3" <"-">
95.27.43.204 - - [17/Apr/2017:20:50:22 +0000] "GET /font/EncodeSans-Bold.ttf HTTP/1.1" 304 0 "https://leakbase.pw/css/main.css" "Mozilla/5.0 (Windows NT 6.1) AppleWebKit/537.36 (KHTML, like Gecko) Chrome/57.0.2987.133 Safari/537.36" "leakbase=a8583huedsoks73g6ja1h09ak2; _ga=GA1.2.519762130.1492460632; id=2acc23a4ef104bf4fe8d9125411564b3" <"-">
104.36.181.254 - - [17/Apr/2017:20:50:25 +0000] "GET /payment.php?id=CPBD4CPNRIGZPH51T2Z3RK3JWG HTTP/1.1" 200 2035 "-" "Mozilla/5.0 (Windows NT 10.0; WOW64; rv:52.0) Gecko/20100101 Firefox/52.0" "leakbase=75kgdnc5lgfljped1ma64ch617; id=0836ee706c7d287b4ce9ca517c85dc9d" <"-">
68.33.93.79 - - [17/Apr/2017:20:50:25 +0000] "GET /payment.php?id=CPBD4VJTSZ7KQYJARDEJ3XSLFF HTTP/1.1" 200 2069 "https://leakbase.pw/payment.php?id=CPBD4VJTSZ7KQYJARDEJ3XSLFF" "Mozilla/5.0 (Windows NT 10.0; Win64; x64) AppleWebKit/537.36 (KHTML, like Gecko) Chrome/57.0.2987.133 Safari/537.36" "leakbase=9mc85a58nskf6h8s4gh8u92bk0; id=132f18dd1c31ab18c6c40e609180b862" <"-">
104.36.181.254 - - [17/Apr/2017:20:50:26 +0000] "GET /css/main.css HTTP/1.1" 200 825 "https://leakbase.pw/payment.php?id=CPBD4CPNRIGZPH51T2Z3RK3JWG" "Mozilla/5.0 (Windows NT 10.0; WOW64; rv:52.0) Gecko/20100101 Firefox/52.0" "leakbase=75kgdnc5lgfljped1ma64ch617; id=0836ee706c7d287b4ce9ca517c85dc9d" <"-">
104.36.181.254 - - [17/Apr/2017:20:50:26 +0000] "GET /css/fontello.css HTTP/1.1" 200 835 "https://leakbase.pw/payment.php?id=CPBD4CPNRIGZPH51T2Z3RK3JWG" "Mozilla/5.0 (Windows NT 10.0; WOW64; rv:52.0) Gecko/20100101 Firefox/52.0" "leakbase=75kgdnc5lgfljped1ma64ch617; id=0836ee706c7d287b4ce9ca517c85dc9d" <"-">
71.164.65.252 - - [17/Apr/2017:20:50:26 +0000] "POST /landing.php HTTP/1.1" 200 2727 "https://leakbase.pw/landing.php" "Mozilla/5.0 (Windows NT 10.0; Win64; x64) AppleWebKit/537.36 (KHTML, like Gecko) Chrome/58.0.3029.68 Safari/537.36" "leakbase=nvoln6nueehjulladbl5ntbil6; _ga=GA1.2.2043685624.1492461802; _gat=1" <"username=&passwordx=ringoringo2121&email=&ip=&firstname=&lastname=&g-recaptcha-response=&rowsa=50">
68.33.93.79 - - [17/Apr/2017:20:50:27 +0000] "GET /css/main.css HTTP/1.1" 200 825 "https://leakbase.pw/payment.php?id=CPBD4VJTSZ7KQYJARDEJ3XSLFF" "Mozilla/5.0 (Windows NT 10.0; Win64; x64) AppleWebKit/537.36 (KHTML, like Gecko) Chrome/57.0.2987.133 Safari/537.36" "leakbase=9mc85a58nskf6h8s4gh8u92bk0; id=132f18dd1c31ab18c6c40e609180b862" <"-">
68.33.93.79 - - [17/Apr/2017:20:50:27 +0000] "GET /css/fontello.css HTTP/1.1" 200 835 "https://leakbase.pw/payment.php?id=CPBD4VJTSZ7KQYJARDEJ3XSLFF" "Mozilla/5.0 (Windows NT 10.0; Win64; x64) AppleWebKit/537.36 (KHTML, like Gecko) Chrome/57.0.2987.133 Safari/537.36" "leakbase=9mc85a58nskf6h8s4gh8u92bk0; id=132f18dd1c31ab18c6c40e609180b862" <"-">
68.33.93.79 - - [17/Apr/2017:20:50:28 +0000] "GET /font/EncodeSans-Bold.ttf HTTP/1.1" 304 0 "https://leakbase.pw/css/main.css" "Mozilla/5.0 (Windows NT 10.0; Win64; x64) AppleWebKit/537.36 (KHTML, like Gecko) Chrome/57.0.2987.133 Safari/537.36" "leakbase=9mc85a58nskf6h8s4gh8u92bk0; id=132f18dd1c31ab18c6c40e609180b862" <"-">
90.201.2.193 - - [17/Apr/2017:20:50:29 +0000] "GET /user.php HTTP/1.1" 200 2461 "https://leakbase.pw/dbs.php" "Mozilla/5.0 (Windows NT 10.0; Win64; x64) AppleWebKit/537.36 (KHTML, like Gecko) Chrome/57.0.2987.133 Safari/537.36" "leakbase=fuskjlr3d0g60ra6d5k20s1md6; id=8bc5bbc8a16dd45571daedccfb77bde1" <"-">
98.145.227.16 - - [17/Apr/2017:20:50:32 +0000] "GET /landing.php HTTP/1.1" 200 2654 "https://leakbase.pw/" "Mozilla/5.0 (Windows NT 6.1) AppleWebKit/537.36 (KHTML, like Gecko) Chrome/57.0.2987.133 Safari/537.36" "__cfduid=dda73ed576ab42615a649444cf16bb2281483351320; leakbase=1g96aqu7qf892m3n0bjv9lctj2; _ga=GA1.2.1412473327.1491586710" <"-">
94.3.227.34 - - [17/Apr/2017:20:50:32 +0000] "POST /login.php HTTP/1.1" 200 2036 "https://leakbase.pw/login.php" "Mozilla/5.0 (Windows NT 10.0; WOW64) AppleWebKit/537.36 (KHTML, like Gecko) Chrome/57.0.2987.133 Safari/537.36" "leakbase=rtg1iliicutkg5hj1fc10n73e0; _gat=1; _ga=GA1.2.1017868254.1492461912" <"username=iskatehd&password=gagaman1&g-recaptcha-response=03AOP2lf7Wf1p4l48GsGmW467BXAXFDoizoW98m2nxoPX1fVqMQmiFFDR8P_fw7eor7MAHfFWnA4RdJ688zV1qodbtCilmgEZDqjWUderD5UtrWIqf3Pr4SD3WfyjYmOIAEugBWhJYUohHwa3nJjcu78JYaAVcIRa1P9uaMEFDjniQj9tRdafO_jf4-_umcuvmWopr_RFDhwQzG9tvR5eXG0ccicKw93sxilFoNkg8WpaifV8XFa-6XJ1EXq5vZxSHfTpD2eMPZ0isuDDtdpf8Rr3lPV9kp5s80eiI6eDPt8B8yVV25ZYd5ZZo3ngZGDG7iT8-TL5sXp8Qe6N63SczczjydZq3PhSba2uVvaqCIH1Z4XOCDY44mH0oiwD9LYYdP7BqfyllgG4iEaMGaJZXLVaOZBtQYFFziQ">
98.229.19.55 - - [17/Apr/2017:20:50:33 +0000] "POST /landing.php HTTP/1.1" 200 2672 "https://leakbase.pw/landing.php" "Mozilla/5.0 (Windows NT 10.0; Win64; x64) AppleWebKit/537.36 (KHTML, like Gecko) Chrome/57.0.2987.133 Safari/537.36" "leakbase=o9jp9nvm0qrf37bk2h8b176tl2; _gat=1; id=280f90c7f6e6370261c87c28bf1d6311; _ga=GA1.2.1622967172.1492050967" <"username=&passwordx=&email=laurids%40vicegold.com&ip=&firstname=&lastname=&havepermission=accepted&rowsa=50">
90.201.2.193 - - [17/Apr/2017:20:50:35 +0000] "GET /dbs.php HTTP/1.1" 200 6871 "https://leakbase.pw/landing.php" "Mozilla/5.0 (Windows NT 10.0; Win64; x64) AppleWebKit/537.36 (KHTML, like Gecko) Chrome/57.0.2987.133 Safari/537.36" "leakbase=fuskjlr3d0g60ra6d5k20s1md6; legendleak=pl6p585ik1al2723lhhd2hqsd1; id=8bc5bbc8a16dd45571daedccfb77bde1" <"-">
90.201.2.193 - - [17/Apr/2017:20:50:36 +0000] "GET /tos.php HTTP/1.1" 200 3539 "https://leakbase.pw/dbs.php" "Mozilla/5.0 (Windows NT 10.0; Win64; x64) AppleWebKit/537.36 (KHTML, like Gecko) Chrome/57.0.2987.133 Safari/537.36" "leakbase=fuskjlr3d0g60ra6d5k20s1md6; legendleak=pl6p585ik1al2723lhhd2hqsd1; id=8bc5bbc8a16dd45571daedccfb77bde1" <"-">
98.145.227.16 - - [17/Apr/2017:20:50:37 +0000] "GET /font/fontello.woff2?34074438 HTTP/1.1" 200 2420 "https://leakbase.pw/css/fontello.css" "Mozilla/5.0 (Windows NT 6.1) AppleWebKit/537.36 (KHTML, like Gecko) Chrome/57.0.2987.133 Safari/537.36" "__cfduid=dda73ed576ab42615a649444cf16bb2281483351320; leakbase=1g96aqu7qf892m3n0bjv9lctj2; _ga=GA1.2.1412473327.1491586710" <"-">
94.3.227.34 - - [17/Apr/2017:20:50:38 +0000] "GET /register.php HTTP/1.1" 200 2031 "https://leakbase.pw/login.php" "Mozilla/5.0 (Windows NT 10.0; WOW64) AppleWebKit/537.36 (KHTML, like Gecko) Chrome/57.0.2987.133 Safari/537.36" "leakbase=rtg1iliicutkg5hj1fc10n73e0; _gat=1; _ga=GA1.2.1017868254.1492461912" <"-">
90.201.2.193 - - [17/Apr/2017:20:50:39 +0000] "GET /dbs.php HTTP/1.1" 200 6871 "https://leakbase.pw/landing.php" "Mozilla/5.0 (Windows NT 10.0; Win64; x64) AppleWebKit/537.36 (KHTML, like Gecko) Chrome/57.0.2987.133 Safari/537.36" "leakbase=fuskjlr3d0g60ra6d5k20s1md6; legendleak=pl6p585ik1al2723lhhd2hqsd1; id=8bc5bbc8a16dd45571daedccfb77bde1" <"-">
71.164.65.252 - - [17/Apr/2017:20:50:40 +0000] "POST /landing.php HTTP/1.1" 200 2755 "https://leakbase.pw/landing.php" "Mozilla/5.0 (Windows NT 10.0; Win64; x64) AppleWebKit/537.36 (KHTML, like Gecko) Chrome/58.0.3029.68 Safari/537.36" "leakbase=nvoln6nueehjulladbl5ntbil6; _gat=1; _ga=GA1.2.2043685624.1492461802" <"username=&passwordx=ringoringo2121&email=&ip=&firstname=&lastname=&g-recaptcha-response=03AOP2lf7R8GnihQlylOn5kaw6GlGo46knwl8gWyXei4qCbnyyIWSU5N5-3N6yZB8uF7rWg4ihloT4tcDT0xkqBjEZs0V5J-dtCBHhybG1Dmx6AVhiBA-HNwvDNykmwltQ1uUrGaFfjzozTdvCuYGCEhqgjLaiPYowLUFXh-uQDtbpQnt3_G-r5RxddcYI9LxUZKhShIl4cT1ByhoyUo6GYa8yCcVWOhJEwR5gYB5SSHcWntex3M-q5Jl-g1CC5FNY_XkD28NKCQPFMa4-uYrUPS2lehroTQFkv8rKUXCmzz8cndKbLUkz57CLA9ihpep_P07Q21ie04TLJ40alijS7Y8fTURYKoIYZBeXBp49rrhzUCRuwkvNgKc84xoVCUBWjm40oQzQjVS-ejev4tiqUZe4HsVc0Crj3g&havepermission=accepted&rowsa=50">
90.201.2.193 - - [17/Apr/2017:20:50:42 +0000] "GET /removal.php HTTP/1.1" 200 2677 "https://leakbase.pw/dbs.php" "Mozilla/5.0 (Windows NT 10.0; Win64; x64) AppleWebKit/537.36 (KHTML, like Gecko) Chrome/57.0.2987.133 Safari/537.36" "leakbase=fuskjlr3d0g60ra6d5k20s1md6; legendleak=pl6p585ik1al2723lhhd2hqsd1; id=8bc5bbc8a16dd45571daedccfb77bde1" <"-">
99.238.154.55 - - [17/Apr/2017:20:50:42 +0000] "GET /contact.php HTTP/1.1" 200 1952 "https://leakbase.pw/landing.php" "Mozilla/5.0 (Windows NT 6.1; Win64; x64) AppleWebKit/537.36 (KHTML, like Gecko) Chrome/57.0.2987.133 Safari/537.36" "leakbase=51tdpocm1m8fccn1ibdfvt5e97; x4b_f=VmHpMY3OzH26WJ3M)vj72Wl940Pfwn2ca3ch1lfwqLl_; x4b_c=M)yawfhJSIK8)itmZ)nr0d7TWlqO; _gat=1; _ga=GA1.2.1540865149.1492279873" <"-">
178.19.30.217 - - [17/Apr/2017:20:50:42 +0000] "GET /payment.php?id=CPBD0RJYFQSKNVOAMCEGNJHBZY HTTP/1.1" 200 2033 "https://leakbase.pw/payment.php?id=CPBD0RJYFQSKNVOAMCEGNJHBZY" "Mozilla/5.0 (Windows NT 6.1; WOW64) AppleWebKit/537.36 (KHTML, like Gecko) Chrome/57.0.2987.133 Safari/537.36" "__cfduid=db99a8974f4a95a7848119fa69553ee301485429819; leakbase=mbi06fuefa5ujcu2ogo5o2vb45; x4b_f=545YxSSYaFC7Jxt(3njt(4uEk6VfDEa2wrJjWZWmYa9_; legendleak=s386anp4dem87i91o80084udd1; x4b_c=M)yawfE8iFEPGVA6yO5CuPFAWlqO; id=70a7d5ff3878e84bc0bb2313f1b550db; _ga=GA1.2.166494082.1492279860" <"-">
178.19.30.217 - - [17/Apr/2017:20:50:43 +0000] "GET /css/main.css HTTP/1.1" 200 825 "https://leakbase.pw/payment.php?id=CPBD0RJYFQSKNVOAMCEGNJHBZY" "Mozilla/5.0 (Windows NT 6.1; WOW64) AppleWebKit/537.36 (KHTML, like Gecko) Chrome/57.0.2987.133 Safari/537.36" "__cfduid=db99a8974f4a95a7848119fa69553ee301485429819; leakbase=mbi06fuefa5ujcu2ogo5o2vb45; x4b_f=545YxSSYaFC7Jxt(3njt(4uEk6VfDEa2wrJjWZWmYa9_; legendleak=s386anp4dem87i91o80084udd1; x4b_c=M)yawfE8iFEPGVA6yO5CuPFAWlqO; _ga=GA1.2.166494082.1492279860; id=70a7d5ff3878e84bc0bb2313f1b550db" <"-">
95.27.43.204 - - [17/Apr/2017:20:50:43 +0000] "GET /payment.php?id=CPBD7KLPVATDPSZJALG2RTX8A6 HTTP/1.1" 200 2079 "https://leakbase.pw/payment.php?id=CPBD7KLPVATDPSZJALG2RTX8A6" "Mozilla/5.0 (Windows NT 6.1) AppleWebKit/537.36 (KHTML, like Gecko) Chrome/57.0.2987.133 Safari/537.36" "leakbase=a8583huedsoks73g6ja1h09ak2; id=2acc23a4ef104bf4fe8d9125411564b3; _ga=GA1.2.519762130.1492460632; _gat=1" <"-">
178.19.30.217 - - [17/Apr/2017:20:50:43 +0000] "GET /css/fontello.css HTTP/1.1" 200 835 "https://leakbase.pw/payment.php?id=CPBD0RJYFQSKNVOAMCEGNJHBZY" "Mozilla/5.0 (Windows NT 6.1; WOW64) AppleWebKit/537.36 (KHTML, like Gecko) Chrome/57.0.2987.133 Safari/537.36" "__cfduid=db99a8974f4a95a7848119fa69553ee301485429819; leakbase=mbi06fuefa5ujcu2ogo5o2vb45; x4b_f=545YxSSYaFC7Jxt(3njt(4uEk6VfDEa2wrJjWZWmYa9_; legendleak=s386anp4dem87i91o80084udd1; x4b_c=M)yawfE8iFEPGVA6yO5CuPFAWlqO; _ga=GA1.2.166494082.1492279860; id=70a7d5ff3878e84bc0bb2313f1b550db" <"-">
99.238.154.55 - - [17/Apr/2017:20:50:44 +0000] "GET /dbs.php HTTP/1.1" 302 0 "https://leakbase.pw/contact.php" "Mozilla/5.0 (Windows NT 6.1; Win64; x64) AppleWebKit/537.36 (KHTML, like Gecko) Chrome/57.0.2987.133 Safari/537.36" "leakbase=51tdpocm1m8fccn1ibdfvt5e97; x4b_f=VmHpMY3OzH26WJ3M)vj72Wl940Pfwn2ca3ch1lfwqLl_; x4b_c=M)yawfhJSIK8)itmZ)nr0d7TWlqO; _gat=1; _ga=GA1.2.1540865149.1492279873" <"-">
95.27.43.204 - - [17/Apr/2017:20:50:44 +0000] "GET /css/fontello.css HTTP/1.1" 200 835 "https://leakbase.pw/payment.php?id=CPBD7KLPVATDPSZJALG2RTX8A6" "Mozilla/5.0 (Windows NT 6.1) AppleWebKit/537.36 (KHTML, like Gecko) Chrome/57.0.2987.133 Safari/537.36" "leakbase=a8583huedsoks73g6ja1h09ak2; _ga=GA1.2.519762130.1492460632; _gat=1; id=2acc23a4ef104bf4fe8d9125411564b3" <"-">
95.27.43.204 - - [17/Apr/2017:20:50:44 +0000] "GET /css/main.css HTTP/1.1" 200 825 "https://leakbase.pw/payment.php?id=CPBD7KLPVATDPSZJALG2RTX8A6" "Mozilla/5.0 (Windows NT 6.1) AppleWebKit/537.36 (KHTML, like Gecko) Chrome/57.0.2987.133 Safari/537.36" "leakbase=a8583huedsoks73g6ja1h09ak2; _ga=GA1.2.519762130.1492460632; _gat=1; id=2acc23a4ef104bf4fe8d9125411564b3" <"-">
178.19.30.217 - - [17/Apr/2017:20:50:44 +0000] "GET /font/EncodeSans-Bold.ttf HTTP/1.1" 304 0 "https://leakbase.pw/css/main.css" "Mozilla/5.0 (Windows NT 6.1; WOW64) AppleWebKit/537.36 (KHTML, like Gecko) Chrome/57.0.2987.133 Safari/537.36" "__cfduid=db99a8974f4a95a7848119fa69553ee301485429819; leakbase=mbi06fuefa5ujcu2ogo5o2vb45; x4b_f=545YxSSYaFC7Jxt(3njt(4uEk6VfDEa2wrJjWZWmYa9_; legendleak=s386anp4dem87i91o80084udd1; x4b_c=M)yawfE8iFEPGVA6yO5CuPFAWlqO; _ga=GA1.2.166494082.1492279860; id=70a7d5ff3878e84bc0bb2313f1b550db" <"-">
95.27.43.204 - - [17/Apr/2017:20:50:45 +0000] "GET /font/EncodeSans-Bold.ttf HTTP/1.1" 304 0 "https://leakbase.pw/css/main.css" "Mozilla/5.0 (Windows NT 6.1) AppleWebKit/537.36 (KHTML, like Gecko) Chrome/57.0.2987.133 Safari/537.36" "leakbase=a8583huedsoks73g6ja1h09ak2; _ga=GA1.2.519762130.1492460632; _gat=1; id=2acc23a4ef104bf4fe8d9125411564b3" <"-">
99.238.154.55 - - [17/Apr/2017:20:50:45 +0000] "GET /login.php HTTP/1.1" 200 1936 "https://leakbase.pw/contact.php" "Mozilla/5.0 (Windows NT 6.1; Win64; x64) AppleWebKit/537.36 (KHTML, like Gecko) Chrome/57.0.2987.133 Safari/537.36" "leakbase=51tdpocm1m8fccn1ibdfvt5e97; x4b_f=VmHpMY3OzH26WJ3M)vj72Wl940Pfwn2ca3ch1lfwqLl_; x4b_c=M)yawfhJSIK8)itmZ)nr0d7TWlqO; _gat=1; _ga=GA1.2.1540865149.1492279873" <"-">
90.201.2.193 - - [17/Apr/2017:20:50:46 +0000] "GET /notifications/ HTTP/1.1" 200 2675 "https://leakbase.pw/removal.php" "Mozilla/5.0 (Windows NT 10.0; Win64; x64) AppleWebKit/537.36 (KHTML, like Gecko) Chrome/57.0.2987.133 Safari/537.36" "leakbase=fuskjlr3d0g60ra6d5k20s1md6; legendleak=pl6p585ik1al2723lhhd2hqsd1; id=8bc5bbc8a16dd45571daedccfb77bde1" <"-">
104.36.181.254 - - [17/Apr/2017:20:50:47 +0000] "GET /payment.php?id=CPBD4CPNRIGZPH51T2Z3RK3JWG HTTP/1.1" 200 2035 "-" "Mozilla/5.0 (Windows NT 10.0; WOW64; rv:52.0) Gecko/20100101 Firefox/52.0" "leakbase=75kgdnc5lgfljped1ma64ch617; id=0836ee706c7d287b4ce9ca517c85dc9d" <"-">
104.36.181.254 - - [17/Apr/2017:20:50:48 +0000] "GET /css/main.css HTTP/1.1" 200 825 "https://leakbase.pw/payment.php?id=CPBD4CPNRIGZPH51T2Z3RK3JWG" "Mozilla/5.0 (Windows NT 10.0; WOW64; rv:52.0) Gecko/20100101 Firefox/52.0" "leakbase=75kgdnc5lgfljped1ma64ch617; id=0836ee706c7d287b4ce9ca517c85dc9d" <"-">
104.36.181.254 - - [17/Apr/2017:20:50:48 +0000] "GET /css/fontello.css HTTP/1.1" 200 835 "https://leakbase.pw/payment.php?id=CPBD4CPNRIGZPH51T2Z3RK3JWG" "Mozilla/5.0 (Windows NT 10.0; WOW64; rv:52.0) Gecko/20100101 Firefox/52.0" "leakbase=75kgdnc5lgfljped1ma64ch617; id=0836ee706c7d287b4ce9ca517c85dc9d" <"-">
90.201.2.193 - - [17/Apr/2017:20:50:48 +0000] "GET /dbs.php HTTP/1.1" 200 6871 "https://leakbase.pw/notifications/" "Mozilla/5.0 (Windows NT 10.0; Win64; x64) AppleWebKit/537.36 (KHTML, like Gecko) Chrome/57.0.2987.133 Safari/537.36" "leakbase=fuskjlr3d0g60ra6d5k20s1md6; legendleak=pl6p585ik1al2723lhhd2hqsd1; id=8bc5bbc8a16dd45571daedccfb77bde1" <"-">
76.189.240.206 - - [17/Apr/2017:20:50:49 +0000] "GET / HTTP/1.1" 200 2378 "-" "Mozilla/5.0 (iPhone; CPU iPhone OS 10_2 like Mac OS X) AppleWebKit/602.3.12 (KHTML, like Gecko) Version/10.0 Mobile/14C92 Safari/602.1" "_ga=GA1.2.474670386.1491981051; id=66e8f418003557fb4b78e6d0a472a5d7" <"-">
23.27.45.229 - - [17/Apr/2017:20:50:49 +0000] "GET /landing.php HTTP/1.1" 200 2684 "-" "Mozilla/5.0 (Windows NT 6.1) AppleWebKit/537.36 (KHTML, like Gecko) Chrome/57.0.2987.133 Safari/537.36" "id=fd763c6f6a24d69f6bb1eee8e33d4361; _ga=GA1.2.2132320464.1490487403" <"-">
76.189.240.206 - - [17/Apr/2017:20:50:49 +0000] "GET /landing.php HTTP/1.1" 200 2613 "-" "Mozilla/5.0 (iPhone; CPU iPhone OS 10_2 like Mac OS X) AppleWebKit/602.3.12 (KHTML, like Gecko) Version/10.0 Mobile/14C92 Safari/602.1" "_ga=GA1.2.474670386.1491981051; id=66e8f418003557fb4b78e6d0a472a5d7" <"-">
90.201.2.193 - - [17/Apr/2017:20:50:50 +0000] "GET /landing.php HTTP/1.1" 200 2613 "https://leakbase.pw/dbs.php" "Mozilla/5.0 (Windows NT 10.0; Win64; x64) AppleWebKit/537.36 (KHTML, like Gecko) Chrome/57.0.2987.133 Safari/537.36" "leakbase=fuskjlr3d0g60ra6d5k20s1md6; legendleak=pl6p585ik1al2723lhhd2hqsd1; id=8bc5bbc8a16dd45571daedccfb77bde1" <"-">
23.27.45.229 - - [17/Apr/2017:20:50:50 +0000] "GET /css/darkly.css HTTP/1.1" 304 0 "https://leakbase.pw/landing.php" "Mozilla/5.0 (Windows NT 6.1) AppleWebKit/537.36 (KHTML, like Gecko) Chrome/57.0.2987.133 Safari/537.36" "_ga=GA1.2.2132320464.1490487403; leakbase=jhokdn9gph49levdtd2b1judc4; id=fd763c6f6a24d69f6bb1eee8e33d4361" <"-">
23.27.45.229 - - [17/Apr/2017:20:50:50 +0000] "GET /css/main.css HTTP/1.1" 304 0 "https://leakbase.pw/landing.php" "Mozilla/5.0 (Windows NT 6.1) AppleWebKit/537.36 (KHTML, like Gecko) Chrome/57.0.2987.133 Safari/537.36" "_ga=GA1.2.2132320464.1490487403; leakbase=jhokdn9gph49levdtd2b1judc4; id=fd763c6f6a24d69f6bb1eee8e33d4361" <"-">
23.27.45.229 - - [17/Apr/2017:20:50:51 +0000] "GET /css/fontello.css HTTP/1.1" 304 0 "https://leakbase.pw/landing.php" "Mozilla/5.0 (Windows NT 6.1) AppleWebKit/537.36 (KHTML, like Gecko) Chrome/57.0.2987.133 Safari/537.36" "_ga=GA1.2.2132320464.1490487403; leakbase=jhokdn9gph49levdtd2b1judc4; id=fd763c6f6a24d69f6bb1eee8e33d4361" <"-">
68.33.93.79 - - [17/Apr/2017:20:50:52 +0000] "GET /payment.php?id=CPBD4VJTSZ7KQYJARDEJ3XSLFF HTTP/1.1" 200 2069 "https://leakbase.pw/payment.php?id=CPBD4VJTSZ7KQYJARDEJ3XSLFF" "Mozilla/5.0 (Windows NT 10.0; Win64; x64) AppleWebKit/537.36 (KHTML, like Gecko) Chrome/57.0.2987.133 Safari/537.36" "leakbase=9mc85a58nskf6h8s4gh8u92bk0; id=132f18dd1c31ab18c6c40e609180b862" <"-">
23.27.45.229 - - [17/Apr/2017:20:50:52 +0000] "GET /font/EncodeSans-Bold.ttf HTTP/1.1" 304 0 "https://leakbase.pw/css/main.css" "Mozilla/5.0 (Windows NT 6.1) AppleWebKit/537.36 (KHTML, like Gecko) Chrome/57.0.2987.133 Safari/537.36" "_ga=GA1.2.2132320464.1490487403; leakbase=jhokdn9gph49levdtd2b1judc4; id=fd763c6f6a24d69f6bb1eee8e33d4361" <"-">
23.27.45.229 - - [17/Apr/2017:20:50:52 +0000] "GET /font/fontello.woff2?34074438 HTTP/1.1" 304 0 "https://leakbase.pw/css/fontello.css" "Mozilla/5.0 (Windows NT 6.1) AppleWebKit/537.36 (KHTML, like Gecko) Chrome/57.0.2987.133 Safari/537.36" "_ga=GA1.2.2132320464.1490487403; leakbase=jhokdn9gph49levdtd2b1judc4; id=fd763c6f6a24d69f6bb1eee8e33d4361" <"-">
149.154.157.41 - - [17/Apr/2017:20:50:52 +0000] "GET /login.php HTTP/1.1" 200 1936 "https://leakbase.pw/" "Mozilla/5.0 (Windows NT 10.0; Win64; x64) AppleWebKit/537.36 (KHTML, like Gecko) Chrome/57.0.2987.133 Safari/537.36" "leakbase=1rquipj199n9mgp1393577h3g3" <"-">
68.33.93.79 - - [17/Apr/2017:20:50:53 +0000] "GET /css/main.css HTTP/1.1" 200 825 "https://leakbase.pw/payment.php?id=CPBD4VJTSZ7KQYJARDEJ3XSLFF" "Mozilla/5.0 (Windows NT 10.0; Win64; x64) AppleWebKit/537.36 (KHTML, like Gecko) Chrome/57.0.2987.133 Safari/537.36" "leakbase=9mc85a58nskf6h8s4gh8u92bk0; id=132f18dd1c31ab18c6c40e609180b862" <"-">
94.3.227.34 - - [17/Apr/2017:20:50:54 +0000] "POST /register.php HTTP/1.1" 200 2137 "https://leakbase.pw/register.php" "Mozilla/5.0 (Windows NT 10.0; WOW64) AppleWebKit/537.36 (KHTML, like Gecko) Chrome/57.0.2987.133 Safari/537.36" "leakbase=rtg1iliicutkg5hj1fc10n73e0; _ga=GA1.2.1017868254.1492461912" <"username=iskatehd&email=&password=gagaman1&cpassword=gagaman1&accepttos=accepted&g-recaptcha-response=03AOP2lf47K8Oscez03B8TfISXie-5vnmZxuC_02heHtOVxzkpNxrJs1LlLGVKgiZdCZirY1QHQBh4biaBkXzfPgBafDgB7tuNRZ5_mLurWVJJQGBijaUp2CJp6hHaQMcP2hVHtXSCWR6AqpZa69V6UPQDbABVDmmJgIe7GDV27sEjXPauWloez5x7KtCKOuOKh9kpr4CgmEW4vnYu9uxE3URoi90saOv0_UrMOTgsoxZuxWVZ8IpPrTV0iQQK5w5ZHRY9gP6AScT1YnDw-y610SJoA-YI_DUDbsF29lohbOeZiqLpOGHhcSAvlRIsoMyyBxVhX6nFxyFygKDdE0GJ1ZBBTii6Mz2C8uHmzDm3ZdsM6anG_dKz9uevOkGmTSnKTjF3Cnft75Wjc_g7c-E1psF7Usoa1yuZ0A">
66.215.46.193 - - [17/Apr/2017:20:50:54 +0000] "GET / HTTP/1.1" 200 2378 "-" "Mozilla/5.0 (Windows NT 10.0; Win64; x64) AppleWebKit/537.36 (KHTML, like Gecko) Chrome/58.0.3029.68 Safari/537.36" "leakbase=5sikv9hksop14ir3eq23kr5ne1; id=c3939a598f5fc9eaee903ec47799a82a; _ga=GA1.2.1980188233.1492457970" <"-">
68.33.93.79 - - [17/Apr/2017:20:50:55 +0000] "GET /css/fontello.css HTTP/1.1" 200 835 "https://leakbase.pw/payment.php?id=CPBD4VJTSZ7KQYJARDEJ3XSLFF" "Mozilla/5.0 (Windows NT 10.0; Win64; x64) AppleWebKit/537.36 (KHTML, like Gecko) Chrome/57.0.2987.133 Safari/537.36" "leakbase=9mc85a58nskf6h8s4gh8u92bk0; id=132f18dd1c31ab18c6c40e609180b862" <"-">
68.33.93.79 - - [17/Apr/2017:20:50:56 +0000] "GET /font/EncodeSans-Bold.ttf HTTP/1.1" 304 0 "https://leakbase.pw/css/main.css" "Mozilla/5.0 (Windows NT 10.0; Win64; x64) AppleWebKit/537.36 (KHTML, like Gecko) Chrome/57.0.2987.133 Safari/537.36" "leakbase=9mc85a58nskf6h8s4gh8u92bk0; id=132f18dd1c31ab18c6c40e609180b862" <"-">
66.215.46.193 - - [17/Apr/2017:20:50:57 +0000] "GET /landing.php HTTP/1.1" 200 2613 "https://leakbase.pw/" "Mozilla/5.0 (Windows NT 10.0; Win64; x64) AppleWebKit/537.36 (KHTML, like Gecko) Chrome/58.0.3029.68 Safari/537.36" "leakbase=5sikv9hksop14ir3eq23kr5ne1; id=c3939a598f5fc9eaee903ec47799a82a; _ga=GA1.2.1980188233.1492457970; _gat=1" <"-">
94.3.227.34 - - [17/Apr/2017:20:50:59 +0000] "GET /login.php HTTP/1.1" 200 1936 "https://leakbase.pw/register.php" "Mozilla/5.0 (Windows NT 10.0; WOW64) AppleWebKit/537.36 (KHTML, like Gecko) Chrome/57.0.2987.133 Safari/537.36" "leakbase=rtg1iliicutkg5hj1fc10n73e0; _ga=GA1.2.1017868254.1492461912; _gat=1" <"-">
71.164.65.252 - - [17/Apr/2017:20:50:59 +0000] "POST /landing.php HTTP/1.1" 200 2787 "https://leakbase.pw/landing.php" "Mozilla/5.0 (Windows NT 10.0; Win64; x64) AppleWebKit/537.36 (KHTML, like Gecko) Chrome/58.0.3029.68 Safari/537.36" "leakbase=nvoln6nueehjulladbl5ntbil6; _gat=1; _ga=GA1.2.2043685624.1492461802" <"username=&passwordx=mommy465&email=&ip=&firstname=&lastname=&g-recaptcha-response=03AOP2lf4nqKZ1mr_IOfU5j0n67o6bbUzAMeoBhTyPxswoEOipF3I_TJ3RUFOry_r9yg5UdvA6sV2Mhl87riIm15g7z3Myy8EGnKDZxR5K5p7FcMoJ5tzrZWQj2fK1c4geUbZ3YErwK_-ShdfRAnTpQffqNVjEXhiylm_mMmgZjE5otg5bDhRFKBpy1mT6Qj_3Z1mF7g-R5yNZPzcrzhaoc2oLB7VEca79dzon36wZ6Km5a-UxzYDyDy_QQ8vhVuRj0H8w_huCyP1LNqcneE_33GCgDph7KYpWBkfTLatBU0yQvD2L07jS8EvUO-rHYeGJcDDkvFIM8Jat33am8ZeHcGXFYWSFqU0ezaihYohqk93sQUoBRoJaS279NT7zVWdoOOT0RcEOVKPsPKITXzr7n3EKp0OUuHKNGg&havepermission=accepted&rowsa=50">
76.189.240.206 - - [17/Apr/2017:20:51:00 +0000] "POST /landing.php HTTP/1.1" 200 2672 "https://leakbase.pw/landing.php" "Mozilla/5.0 (iPhone; CPU iPhone OS 10_2 like Mac OS X) AppleWebKit/602.3.12 (KHTML, like Gecko) Version/10.0 Mobile/14C92 Safari/602.1" "_ga=GA1.2.474670386.1491981051; _gat=1; id=66e8f418003557fb4b78e6d0a472a5d7; leakbase=qo0isgqf75omorea92hhba0jd2" <"username=Anna_gw&passwordx=&email=&ip=&firstname=&lastname=&havepermission=accepted&rowsa=50">
66.215.46.193 - - [17/Apr/2017:20:51:01 +0000] "POST /landing.php HTTP/1.1" 200 2672 "https://leakbase.pw/landing.php" "Mozilla/5.0 (Windows NT 10.0; Win64; x64) AppleWebKit/537.36 (KHTML, like Gecko) Chrome/58.0.3029.68 Safari/537.36" "leakbase=5sikv9hksop14ir3eq23kr5ne1; _gat=1; id=c3939a598f5fc9eaee903ec47799a82a; _ga=GA1.2.1980188233.1492457970" <"username=aineishere%40hotmail.com&passwordx=&email=&ip=&firstname=&lastname=&havepermission=accepted&rowsa=50">
94.3.227.34 - - [17/Apr/2017:20:51:05 +0000] "POST /login.php HTTP/1.1" 200 2028 "https://leakbase.pw/login.php" "Mozilla/5.0 (Windows NT 10.0; WOW64) AppleWebKit/537.36 (KHTML, like Gecko) Chrome/57.0.2987.133 Safari/537.36" "leakbase=rtg1iliicutkg5hj1fc10n73e0; _gat=1; _ga=GA1.2.1017868254.1492461912" <"username=iskatehd&password=gagaman1&g-recaptcha-response=">
178.19.30.217 - - [17/Apr/2017:20:51:05 +0000] "GET /payment.php?id=CPBD0RJYFQSKNVOAMCEGNJHBZY HTTP/1.1" 200 2033 "https://leakbase.pw/payment.php?id=CPBD0RJYFQSKNVOAMCEGNJHBZY" "Mozilla/5.0 (Windows NT 6.1; WOW64) AppleWebKit/537.36 (KHTML, like Gecko) Chrome/57.0.2987.133 Safari/537.36" "__cfduid=db99a8974f4a95a7848119fa69553ee301485429819; leakbase=mbi06fuefa5ujcu2ogo5o2vb45; x4b_f=545YxSSYaFC7Jxt(3njt(4uEk6VfDEa2wrJjWZWmYa9_; legendleak=s386anp4dem87i91o80084udd1; x4b_c=M)yawfE8iFEPGVA6yO5CuPFAWlqO; id=70a7d5ff3878e84bc0bb2313f1b550db; _ga=GA1.2.166494082.1492279860; _gat=1" <"-">
95.27.43.204 - - [17/Apr/2017:20:51:06 +0000] "GET /payment.php?id=CPBD7KLPVATDPSZJALG2RTX8A6 HTTP/1.1" 200 2079 "https://leakbase.pw/payment.php?id=CPBD7KLPVATDPSZJALG2RTX8A6" "Mozilla/5.0 (Windows NT 6.1) AppleWebKit/537.36 (KHTML, like Gecko) Chrome/57.0.2987.133 Safari/537.36" "leakbase=a8583huedsoks73g6ja1h09ak2; _gat=1; id=2acc23a4ef104bf4fe8d9125411564b3; _ga=GA1.2.519762130.1492460632" <"-">
178.19.30.217 - - [17/Apr/2017:20:51:06 +0000] "GET /css/main.css HTTP/1.1" 200 825 "https://leakbase.pw/payment.php?id=CPBD0RJYFQSKNVOAMCEGNJHBZY" "Mozilla/5.0 (Windows NT 6.1; WOW64) AppleWebKit/537.36 (KHTML, like Gecko) Chrome/57.0.2987.133 Safari/537.36" "__cfduid=db99a8974f4a95a7848119fa69553ee301485429819; leakbase=mbi06fuefa5ujcu2ogo5o2vb45; x4b_f=545YxSSYaFC7Jxt(3njt(4uEk6VfDEa2wrJjWZWmYa9_; legendleak=s386anp4dem87i91o80084udd1; x4b_c=M)yawfE8iFEPGVA6yO5CuPFAWlqO; _ga=GA1.2.166494082.1492279860; _gat=1; id=70a7d5ff3878e84bc0bb2313f1b550db" <"-">
178.19.30.217 - - [17/Apr/2017:20:51:06 +0000] "GET /css/fontello.css HTTP/1.1" 200 835 "https://leakbase.pw/payment.php?id=CPBD0RJYFQSKNVOAMCEGNJHBZY" "Mozilla/5.0 (Windows NT 6.1; WOW64) AppleWebKit/537.36 (KHTML, like Gecko) Chrome/57.0.2987.133 Safari/537.36" "__cfduid=db99a8974f4a95a7848119fa69553ee301485429819; leakbase=mbi06fuefa5ujcu2ogo5o2vb45; x4b_f=545YxSSYaFC7Jxt(3njt(4uEk6VfDEa2wrJjWZWmYa9_; legendleak=s386anp4dem87i91o80084udd1; x4b_c=M)yawfE8iFEPGVA6yO5CuPFAWlqO; _ga=GA1.2.166494082.1492279860; _gat=1; id=70a7d5ff3878e84bc0bb2313f1b550db" <"-">
95.27.43.204 - - [17/Apr/2017:20:51:07 +0000] "GET /css/main.css HTTP/1.1" 200 825 "https://leakbase.pw/payment.php?id=CPBD7KLPVATDPSZJALG2RTX8A6" "Mozilla/5.0 (Windows NT 6.1) AppleWebKit/537.36 (KHTML, like Gecko) Chrome/57.0.2987.133 Safari/537.36" "leakbase=a8583huedsoks73g6ja1h09ak2; _gat=1; _ga=GA1.2.519762130.1492460632; id=2acc23a4ef104bf4fe8d9125411564b3" <"-">
178.19.30.217 - - [17/Apr/2017:20:51:07 +0000] "GET /font/EncodeSans-Bold.ttf HTTP/1.1" 304 0 "https://leakbase.pw/css/main.css" "Mozilla/5.0 (Windows NT 6.1; WOW64) AppleWebKit/537.36 (KHTML, like Gecko) Chrome/57.0.2987.133 Safari/537.36" "__cfduid=db99a8974f4a95a7848119fa69553ee301485429819; leakbase=mbi06fuefa5ujcu2ogo5o2vb45; x4b_f=545YxSSYaFC7Jxt(3njt(4uEk6VfDEa2wrJjWZWmYa9_; legendleak=s386anp4dem87i91o80084udd1; x4b_c=M)yawfE8iFEPGVA6yO5CuPFAWlqO; _ga=GA1.2.166494082.1492279860; _gat=1; id=70a7d5ff3878e84bc0bb2313f1b550db" <"-">
95.27.43.204 - - [17/Apr/2017:20:51:07 +0000] "GET /css/fontello.css HTTP/1.1" 200 835 "https://leakbase.pw/payment.php?id=CPBD7KLPVATDPSZJALG2RTX8A6" "Mozilla/5.0 (Windows NT 6.1) AppleWebKit/537.36 (KHTML, like Gecko) Chrome/57.0.2987.133 Safari/537.36" "leakbase=a8583huedsoks73g6ja1h09ak2; _gat=1; _ga=GA1.2.519762130.1492460632; id=2acc23a4ef104bf4fe8d9125411564b3" <"-">
95.27.43.204 - - [17/Apr/2017:20:51:08 +0000] "GET /font/EncodeSans-Bold.ttf HTTP/1.1" 304 0 "https://leakbase.pw/css/main.css" "Mozilla/5.0 (Windows NT 6.1) AppleWebKit/537.36 (KHTML, like Gecko) Chrome/57.0.2987.133 Safari/537.36" "leakbase=a8583huedsoks73g6ja1h09ak2; _gat=1; _ga=GA1.2.519762130.1492460632; id=2acc23a4ef104bf4fe8d9125411564b3" <"-">
23.27.45.229 - - [17/Apr/2017:20:51:08 +0000] "POST /landing.php HTTP/1.1" 200 2783 "https://leakbase.pw/landing.php" "Mozilla/5.0 (Windows NT 6.1) AppleWebKit/537.36 (KHTML, like Gecko) Chrome/57.0.2987.133 Safari/537.36" "leakbase=jhokdn9gph49levdtd2b1judc4; id=fd763c6f6a24d69f6bb1eee8e33d4361; _ga=GA1.2.2132320464.1490487403; _gat=1" <"username=100sampeg&passwordx=&email=&ip=&firstname=&lastname=&g-recaptcha-response=03AOP2lf7UKNUWnAf9j-w8RY6QHjld5rS-ae1C2QfsiZzqx7X1n-Fra-fXyeQgWqs2_L_dZybxmodsKsxbpngbcLK_ZRix2JPbsg8w1B46FLH70xLHB58njptPFlHWrCBrajFkE9hnqe6Bf9QKTpAsU0vg9VqwNlPKLzJgtjTfkg9l1yglpshUyCyga92UNNSGI7VRjC2BrvMHWHRiIk-7ksP3D5YKX1ZzNN_nwtUkKUgWBIczPQ0PeOV96w4dulFFR0LxcgSPVQGoBF1RfzL7hidZpc2ZwM-IFKPa9R6lBAlXeQeJY2yV5Sf5yCp-ScNVe4zk2ppvekIcK2OEy2wstFlfuZk84YCaw8HJ5uSBNnep3HojJ4Sds4x4nnRsWYR66L7Zc5ID1gFXY47-gFOCPcX3zMCOC-b9Ww&havepermission=accepted&rowsa=50">
104.36.181.254 - - [17/Apr/2017:20:51:10 +0000] "GET /payment.php?id=CPBD4CPNRIGZPH51T2Z3RK3JWG HTTP/1.1" 200 2035 "-" "Mozilla/5.0 (Windows NT 10.0; WOW64; rv:52.0) Gecko/20100101 Firefox/52.0" "leakbase=75kgdnc5lgfljped1ma64ch617; id=0836ee706c7d287b4ce9ca517c85dc9d" <"-">
104.36.181.254 - - [17/Apr/2017:20:51:10 +0000] "GET /css/main.css HTTP/1.1" 200 825 "https://leakbase.pw/payment.php?id=CPBD4CPNRIGZPH51T2Z3RK3JWG" "Mozilla/5.0 (Windows NT 10.0; WOW64; rv:52.0) Gecko/20100101 Firefox/52.0" "leakbase=75kgdnc5lgfljped1ma64ch617; id=0836ee706c7d287b4ce9ca517c85dc9d" <"-">
104.36.181.254 - - [17/Apr/2017:20:51:10 +0000] "GET /css/fontello.css HTTP/1.1" 200 835 "https://leakbase.pw/payment.php?id=CPBD4CPNRIGZPH51T2Z3RK3JWG" "Mozilla/5.0 (Windows NT 10.0; WOW64; rv:52.0) Gecko/20100101 Firefox/52.0" "leakbase=75kgdnc5lgfljped1ma64ch617; id=0836ee706c7d287b4ce9ca517c85dc9d" <"-">
149.154.157.41 - - [17/Apr/2017:20:51:15 +0000] "POST /login.php HTTP/1.1" 200 2036 "https://leakbase.pw/login.php" "Mozilla/5.0 (Windows NT 10.0; Win64; x64) AppleWebKit/537.36 (KHTML, like Gecko) Chrome/57.0.2987.133 Safari/537.36" "leakbase=1rquipj199n9mgp1393577h3g3" <"username=imgaylol&password=imgaylol&g-recaptcha-response=03AOP2lf5ZsZXuaaYDUbPvL1lnXK12a-xS-GmiNKvE8UezJi4Fr-eGhO77VYOOz8AIfWQDOK2h61AIvGjkFxpMFVQKxiaDPy6WNM8-7H0dgfFLcwFxrwo7shin5IpNfWblmftbCC0Coois6MRSyHDUVbvdz64BpSBSyQSbWwdEZttUfNNaSRNgyGyOwIVnHMD8p7uYooGMo_QTuLtIAdEyF4vv0VtM9LFpJqil2faWuHMV--BM2IZ4ThY0E4nf638j5vTafSJkVay4CkeJZHQHBxEWaJMad5VljwTllJvrd_C2Pa9urLcVJdIRTw3HhKtjxBKzH3pQgUYj">
68.33.93.79 - - [17/Apr/2017:20:51:18 +0000] "GET /payment.php?id=CPBD4VJTSZ7KQYJARDEJ3XSLFF HTTP/1.1" 200 2069 "https://leakbase.pw/payment.php?id=CPBD4VJTSZ7KQYJARDEJ3XSLFF" "Mozilla/5.0 (Windows NT 10.0; Win64; x64) AppleWebKit/537.36 (KHTML, like Gecko) Chrome/57.0.2987.133 Safari/537.36" "leakbase=9mc85a58nskf6h8s4gh8u92bk0; id=132f18dd1c31ab18c6c40e609180b862" <"-">
68.33.93.79 - - [17/Apr/2017:20:51:18 +0000] "GET /css/main.css HTTP/1.1" 200 825 "https://leakbase.pw/payment.php?id=CPBD4VJTSZ7KQYJARDEJ3XSLFF" "Mozilla/5.0 (Windows NT 10.0; Win64; x64) AppleWebKit/537.36 (KHTML, like Gecko) Chrome/57.0.2987.133 Safari/537.36" "leakbase=9mc85a58nskf6h8s4gh8u92bk0; id=132f18dd1c31ab18c6c40e609180b862" <"-">
68.33.93.79 - - [17/Apr/2017:20:51:18 +0000] "GET /css/fontello.css HTTP/1.1" 200 835 "https://leakbase.pw/payment.php?id=CPBD4VJTSZ7KQYJARDEJ3XSLFF" "Mozilla/5.0 (Windows NT 10.0; Win64; x64) AppleWebKit/537.36 (KHTML, like Gecko) Chrome/57.0.2987.133 Safari/537.36" "leakbase=9mc85a58nskf6h8s4gh8u92bk0; id=132f18dd1c31ab18c6c40e609180b862" <"-">
68.33.93.79 - - [17/Apr/2017:20:51:19 +0000] "GET /font/EncodeSans-Bold.ttf HTTP/1.1" 304 0 "https://leakbase.pw/css/main.css" "Mozilla/5.0 (Windows NT 10.0; Win64; x64) AppleWebKit/537.36 (KHTML, like Gecko) Chrome/57.0.2987.133 Safari/537.36" "leakbase=9mc85a58nskf6h8s4gh8u92bk0; id=132f18dd1c31ab18c6c40e609180b862" <"-">
178.19.30.217 - - [17/Apr/2017:20:51:28 +0000] "GET /payment.php?id=CPBD0RJYFQSKNVOAMCEGNJHBZY HTTP/1.1" 200 2033 "https://leakbase.pw/payment.php?id=CPBD0RJYFQSKNVOAMCEGNJHBZY" "Mozilla/5.0 (Windows NT 6.1; WOW64) AppleWebKit/537.36 (KHTML, like Gecko) Chrome/57.0.2987.133 Safari/537.36" "__cfduid=db99a8974f4a95a7848119fa69553ee301485429819; leakbase=mbi06fuefa5ujcu2ogo5o2vb45; x4b_f=545YxSSYaFC7Jxt(3njt(4uEk6VfDEa2wrJjWZWmYa9_; legendleak=s386anp4dem87i91o80084udd1; x4b_c=M)yawfE8iFEPGVA6yO5CuPFAWlqO; _gat=1; id=70a7d5ff3878e84bc0bb2313f1b550db; _ga=GA1.2.166494082.1492279860" <"-">
178.19.30.217 - - [17/Apr/2017:20:51:29 +0000] "GET /css/main.css HTTP/1.1" 200 825 "https://leakbase.pw/payment.php?id=CPBD0RJYFQSKNVOAMCEGNJHBZY" "Mozilla/5.0 (Windows NT 6.1; WOW64) AppleWebKit/537.36 (KHTML, like Gecko) Chrome/57.0.2987.133 Safari/537.36" "__cfduid=db99a8974f4a95a7848119fa69553ee301485429819; leakbase=mbi06fuefa5ujcu2ogo5o2vb45; x4b_f=545YxSSYaFC7Jxt(3njt(4uEk6VfDEa2wrJjWZWmYa9_; legendleak=s386anp4dem87i91o80084udd1; x4b_c=M)yawfE8iFEPGVA6yO5CuPFAWlqO; _gat=1; _ga=GA1.2.166494082.1492279860; id=70a7d5ff3878e84bc0bb2313f1b550db" <"-">
178.19.30.217 - - [17/Apr/2017:20:51:29 +0000] "GET /css/fontello.css HTTP/1.1" 200 835 "https://leakbase.pw/payment.php?id=CPBD0RJYFQSKNVOAMCEGNJHBZY" "Mozilla/5.0 (Windows NT 6.1; WOW64) AppleWebKit/537.36 (KHTML, like Gecko) Chrome/57.0.2987.133 Safari/537.36" "__cfduid=db99a8974f4a95a7848119fa69553ee301485429819; leakbase=mbi06fuefa5ujcu2ogo5o2vb45; x4b_f=545YxSSYaFC7Jxt(3njt(4uEk6VfDEa2wrJjWZWmYa9_; legendleak=s386anp4dem87i91o80084udd1; x4b_c=M)yawfE8iFEPGVA6yO5CuPFAWlqO; _gat=1; _ga=GA1.2.166494082.1492279860; id=70a7d5ff3878e84bc0bb2313f1b550db" <"-">
95.27.43.204 - - [17/Apr/2017:20:51:29 +0000] "GET /payment.php?id=CPBD7KLPVATDPSZJALG2RTX8A6 HTTP/1.1" 200 2079 "https://leakbase.pw/payment.php?id=CPBD7KLPVATDPSZJALG2RTX8A6" "Mozilla/5.0 (Windows NT 6.1) AppleWebKit/537.36 (KHTML, like Gecko) Chrome/57.0.2987.133 Safari/537.36" "leakbase=a8583huedsoks73g6ja1h09ak2; id=2acc23a4ef104bf4fe8d9125411564b3; _ga=GA1.2.519762130.1492460632" <"-">
178.19.30.217 - - [17/Apr/2017:20:51:29 +0000] "GET /font/EncodeSans-Bold.ttf HTTP/1.1" 304 0 "https://leakbase.pw/css/main.css" "Mozilla/5.0 (Windows NT 6.1; WOW64) AppleWebKit/537.36 (KHTML, like Gecko) Chrome/57.0.2987.133 Safari/537.36" "__cfduid=db99a8974f4a95a7848119fa69553ee301485429819; leakbase=mbi06fuefa5ujcu2ogo5o2vb45; x4b_f=545YxSSYaFC7Jxt(3njt(4uEk6VfDEa2wrJjWZWmYa9_; legendleak=s386anp4dem87i91o80084udd1; x4b_c=M)yawfE8iFEPGVA6yO5CuPFAWlqO; _gat=1; _ga=GA1.2.166494082.1492279860; id=70a7d5ff3878e84bc0bb2313f1b550db" <"-">
95.27.43.204 - - [17/Apr/2017:20:51:29 +0000] "GET /css/main.css HTTP/1.1" 200 825 "https://leakbase.pw/payment.php?id=CPBD7KLPVATDPSZJALG2RTX8A6" "Mozilla/5.0 (Windows NT 6.1) AppleWebKit/537.36 (KHTML, like Gecko) Chrome/57.0.2987.133 Safari/537.36" "leakbase=a8583huedsoks73g6ja1h09ak2; _ga=GA1.2.519762130.1492460632; id=2acc23a4ef104bf4fe8d9125411564b3" <"-">
95.27.43.204 - - [17/Apr/2017:20:51:29 +0000] "GET /css/fontello.css HTTP/1.1" 200 835 "https://leakbase.pw/payment.php?id=CPBD7KLPVATDPSZJALG2RTX8A6" "Mozilla/5.0 (Windows NT 6.1) AppleWebKit/537.36 (KHTML, like Gecko) Chrome/57.0.2987.133 Safari/537.36" "leakbase=a8583huedsoks73g6ja1h09ak2; _ga=GA1.2.519762130.1492460632; id=2acc23a4ef104bf4fe8d9125411564b3" <"-">
95.27.43.204 - - [17/Apr/2017:20:51:30 +0000] "GET /font/EncodeSans-Bold.ttf HTTP/1.1" 304 0 "https://leakbase.pw/css/main.css" "Mozilla/5.0 (Windows NT 6.1) AppleWebKit/537.36 (KHTML, like Gecko) Chrome/57.0.2987.133 Safari/537.36" "leakbase=a8583huedsoks73g6ja1h09ak2; _ga=GA1.2.519762130.1492460632; id=2acc23a4ef104bf4fe8d9125411564b3" <"-">
104.36.181.254 - - [17/Apr/2017:20:51:32 +0000] "GET /payment.php?id=CPBD4CPNRIGZPH51T2Z3RK3JWG HTTP/1.1" 200 2035 "-" "Mozilla/5.0 (Windows NT 10.0; WOW64; rv:52.0) Gecko/20100101 Firefox/52.0" "leakbase=75kgdnc5lgfljped1ma64ch617; id=0836ee706c7d287b4ce9ca517c85dc9d" <"-">
104.36.181.254 - - [17/Apr/2017:20:51:33 +0000] "GET /css/fontello.css HTTP/1.1" 200 835 "https://leakbase.pw/payment.php?id=CPBD4CPNRIGZPH51T2Z3RK3JWG" "Mozilla/5.0 (Windows NT 10.0; WOW64; rv:52.0) Gecko/20100101 Firefox/52.0" "leakbase=75kgdnc5lgfljped1ma64ch617; id=0836ee706c7d287b4ce9ca517c85dc9d" <"-">
104.36.181.254 - - [17/Apr/2017:20:51:33 +0000] "GET /css/main.css HTTP/1.1" 200 825 "https://leakbase.pw/payment.php?id=CPBD4CPNRIGZPH51T2Z3RK3JWG" "Mozilla/5.0 (Windows NT 10.0; WOW64; rv:52.0) Gecko/20100101 Firefox/52.0" "leakbase=75kgdnc5lgfljped1ma64ch617; id=0836ee706c7d287b4ce9ca517c85dc9d" <"-">
